<?xml version="1.0"?>
<link_info>
   <banner>TMS320C55x Linker PC v4.4.1</banner>
   <copyright>Copyright (c) 1996-2012 Texas Instruments Incorporated</copyright>
   <link_time>0x59206dc5</link_time>
   <output_file>DSP_Inzynierka.out</output_file>
   <entry_point>
      <name>_c_int00</name>
      <address>0x46081</address>
   </entry_point>
   <input_file_list>
      <input_file id="fl-2">
         <path>.\</path>
         <kind>object</kind>
         <file>EffectsList.obj</file>
         <name>EffectsList.obj</name>
      </input_file>
      <input_file id="fl-3">
         <path>.\</path>
         <kind>object</kind>
         <file>PLL.obj</file>
         <name>PLL.obj</name>
      </input_file>
      <input_file id="fl-4">
         <path>.\</path>
         <kind>object</kind>
         <file>aic3204.obj</file>
         <name>aic3204.obj</name>
      </input_file>
      <input_file id="fl-5">
         <path>.\</path>
         <kind>object</kind>
         <file>aic3204_init.obj</file>
         <name>aic3204_init.obj</name>
      </input_file>
      <input_file id="fl-6">
         <path>.\</path>
         <kind>object</kind>
         <file>bargraph5515.obj</file>
         <name>bargraph5515.obj</name>
      </input_file>
      <input_file id="fl-7">
         <path>.\</path>
         <kind>object</kind>
         <file>main.obj</file>
         <name>main.obj</name>
      </input_file>
      <input_file id="fl-8">
         <path>.\</path>
         <kind>object</kind>
         <file>oled5515.obj</file>
         <name>oled5515.obj</name>
      </input_file>
      <input_file id="fl-9">
         <path>.\</path>
         <kind>object</kind>
         <file>pushbuttons5515.obj</file>
         <name>pushbuttons5515.obj</name>
      </input_file>
      <input_file id="fl-a">
         <path>.\</path>
         <kind>object</kind>
         <file>stereo.obj</file>
         <name>stereo.obj</name>
      </input_file>
      <input_file id="fl-b">
         <path>.\</path>
         <kind>object</kind>
         <file>usbstk5505.obj</file>
         <name>usbstk5505.obj</name>
      </input_file>
      <input_file id="fl-c">
         <path>.\</path>
         <kind>object</kind>
         <file>usbstk5505_i2c.obj</file>
         <name>usbstk5505_i2c.obj</name>
      </input_file>
      <input_file id="fl-d">
         <path>.\</path>
         <kind>object</kind>
         <file>usbstk5515.obj</file>
         <name>usbstk5515.obj</name>
      </input_file>
      <input_file id="fl-e">
         <path>.\</path>
         <kind>object</kind>
         <file>usbstk5515_gpio.obj</file>
         <name>usbstk5515_gpio.obj</name>
      </input_file>
      <input_file id="fl-f">
         <path>.\</path>
         <kind>object</kind>
         <file>usbstk5515_i2c.obj</file>
         <name>usbstk5515_i2c.obj</name>
      </input_file>
      <input_file id="fl-10">
         <path>.\</path>
         <kind>object</kind>
         <file>usbstk5515_led.obj</file>
         <name>usbstk5515_led.obj</name>
      </input_file>
      <input_file id="fl-11">
         <path>.\Delay\</path>
         <kind>object</kind>
         <file>delay.obj</file>
         <name>delay.obj</name>
      </input_file>
      <input_file id="fl-12">
         <path>.\Delay2\</path>
         <kind>object</kind>
         <file>delay2.obj</file>
         <name>delay2.obj</name>
      </input_file>
      <input_file id="fl-13">
         <path>.\Distortion\</path>
         <kind>object</kind>
         <file>distortion.obj</file>
         <name>distortion.obj</name>
      </input_file>
      <input_file id="fl-14">
         <path>.\Flanger_Chorus\</path>
         <kind>object</kind>
         <file>Chorus.obj</file>
         <name>Chorus.obj</name>
      </input_file>
      <input_file id="fl-15">
         <path>.\Flanger_Chorus\</path>
         <kind>object</kind>
         <file>flanger.obj</file>
         <name>flanger.obj</name>
      </input_file>
      <input_file id="fl-16">
         <path>.\Tremolo\</path>
         <kind>object</kind>
         <file>tremolo.obj</file>
         <name>tremolo.obj</name>
      </input_file>
      <input_file id="fl-2f">
         <path>C:\ti\ccsv7\tools\compiler\c5500_4.4.1\lib\</path>
         <kind>archive</kind>
         <file>rts55h.lib</file>
         <name>boot.obj</name>
      </input_file>
      <input_file id="fl-30">
         <path>C:\ti\ccsv7\tools\compiler\c5500_4.4.1\lib\</path>
         <kind>archive</kind>
         <file>rts55h.lib</file>
         <name>divli.obj</name>
      </input_file>
      <input_file id="fl-31">
         <path>C:\ti\ccsv7\tools\compiler\c5500_4.4.1\lib\</path>
         <kind>archive</kind>
         <file>rts55h.lib</file>
         <name>divul.obj</name>
      </input_file>
      <input_file id="fl-32">
         <path>C:\ti\ccsv7\tools\compiler\c5500_4.4.1\lib\</path>
         <kind>archive</kind>
         <file>rts55h.lib</file>
         <name>exit.obj</name>
      </input_file>
      <input_file id="fl-33">
         <path>C:\ti\ccsv7\tools\compiler\c5500_4.4.1\lib\</path>
         <kind>archive</kind>
         <file>rts55h.lib</file>
         <name>lmpy.obj</name>
      </input_file>
      <input_file id="fl-34">
         <path>C:\ti\ccsv7\tools\compiler\c5500_4.4.1\lib\</path>
         <kind>archive</kind>
         <file>rts55h.lib</file>
         <name>memory.obj</name>
      </input_file>
      <input_file id="fl-35">
         <path>C:\ti\ccsv7\tools\compiler\c5500_4.4.1\lib\</path>
         <kind>archive</kind>
         <file>rts55h.lib</file>
         <name>printf.obj</name>
      </input_file>
      <input_file id="fl-36">
         <path>C:\ti\ccsv7\tools\compiler\c5500_4.4.1\lib\</path>
         <kind>archive</kind>
         <file>rts55h.lib</file>
         <name>sprintf.obj</name>
      </input_file>
      <input_file id="fl-37">
         <path>C:\ti\ccsv7\tools\compiler\c5500_4.4.1\lib\</path>
         <kind>archive</kind>
         <file>rts55h.lib</file>
         <name>vectors.obj</name>
      </input_file>
      <input_file id="fl-38">
         <path>C:\ti\ccsv7\tools\compiler\c5500_4.4.1\lib\</path>
         <kind>archive</kind>
         <file>rts55h.lib</file>
         <name>_lock.obj</name>
      </input_file>
      <input_file id="fl-39">
         <path>C:\ti\ccsv7\tools\compiler\c5500_4.4.1\lib\</path>
         <kind>archive</kind>
         <file>rts55h.lib</file>
         <name>_printfi.obj</name>
      </input_file>
      <input_file id="fl-3a">
         <path>C:\ti\ccsv7\tools\compiler\c5500_4.4.1\lib\</path>
         <kind>archive</kind>
         <file>rts55h.lib</file>
         <name>args_main.obj</name>
      </input_file>
      <input_file id="fl-3b">
         <path>C:\ti\ccsv7\tools\compiler\c5500_4.4.1\lib\</path>
         <kind>archive</kind>
         <file>rts55h.lib</file>
         <name>atoi.obj</name>
      </input_file>
      <input_file id="fl-3c">
         <path>C:\ti\ccsv7\tools\compiler\c5500_4.4.1\lib\</path>
         <kind>archive</kind>
         <file>rts55h.lib</file>
         <name>autoinit.obj</name>
      </input_file>
      <input_file id="fl-3d">
         <path>C:\ti\ccsv7\tools\compiler\c5500_4.4.1\lib\</path>
         <kind>archive</kind>
         <file>rts55h.lib</file>
         <name>cmpd.obj</name>
      </input_file>
      <input_file id="fl-3e">
         <path>C:\ti\ccsv7\tools\compiler\c5500_4.4.1\lib\</path>
         <kind>archive</kind>
         <file>rts55h.lib</file>
         <name>ctype.obj</name>
      </input_file>
      <input_file id="fl-3f">
         <path>C:\ti\ccsv7\tools\compiler\c5500_4.4.1\lib\</path>
         <kind>archive</kind>
         <file>rts55h.lib</file>
         <name>defs.obj</name>
      </input_file>
      <input_file id="fl-40">
         <path>C:\ti\ccsv7\tools\compiler\c5500_4.4.1\lib\</path>
         <kind>archive</kind>
         <file>rts55h.lib</file>
         <name>divd.obj</name>
      </input_file>
      <input_file id="fl-41">
         <path>C:\ti\ccsv7\tools\compiler\c5500_4.4.1\lib\</path>
         <kind>archive</kind>
         <file>rts55h.lib</file>
         <name>fixdi.obj</name>
      </input_file>
      <input_file id="fl-42">
         <path>C:\ti\ccsv7\tools\compiler\c5500_4.4.1\lib\</path>
         <kind>archive</kind>
         <file>rts55h.lib</file>
         <name>fixdli.obj</name>
      </input_file>
      <input_file id="fl-43">
         <path>C:\ti\ccsv7\tools\compiler\c5500_4.4.1\lib\</path>
         <kind>archive</kind>
         <file>rts55h.lib</file>
         <name>fltlid.obj</name>
      </input_file>
      <input_file id="fl-44">
         <path>C:\ti\ccsv7\tools\compiler\c5500_4.4.1\lib\</path>
         <kind>archive</kind>
         <file>rts55h.lib</file>
         <name>fputc.obj</name>
      </input_file>
      <input_file id="fl-45">
         <path>C:\ti\ccsv7\tools\compiler\c5500_4.4.1\lib\</path>
         <kind>archive</kind>
         <file>rts55h.lib</file>
         <name>fputs.obj</name>
      </input_file>
      <input_file id="fl-46">
         <path>C:\ti\ccsv7\tools\compiler\c5500_4.4.1\lib\</path>
         <kind>archive</kind>
         <file>rts55h.lib</file>
         <name>frcmpyd_div.obj</name>
      </input_file>
      <input_file id="fl-47">
         <path>C:\ti\ccsv7\tools\compiler\c5500_4.4.1\lib\</path>
         <kind>archive</kind>
         <file>rts55h.lib</file>
         <name>isinf.obj</name>
      </input_file>
      <input_file id="fl-48">
         <path>C:\ti\ccsv7\tools\compiler\c5500_4.4.1\lib\</path>
         <kind>archive</kind>
         <file>rts55h.lib</file>
         <name>llmpy.obj</name>
      </input_file>
      <input_file id="fl-49">
         <path>C:\ti\ccsv7\tools\compiler\c5500_4.4.1\lib\</path>
         <kind>archive</kind>
         <file>rts55h.lib</file>
         <name>lowlev.obj</name>
      </input_file>
      <input_file id="fl-4a">
         <path>C:\ti\ccsv7\tools\compiler\c5500_4.4.1\lib\</path>
         <kind>archive</kind>
         <file>rts55h.lib</file>
         <name>ltoa.obj</name>
      </input_file>
      <input_file id="fl-4b">
         <path>C:\ti\ccsv7\tools\compiler\c5500_4.4.1\lib\</path>
         <kind>archive</kind>
         <file>rts55h.lib</file>
         <name>memccpy.obj</name>
      </input_file>
      <input_file id="fl-4c">
         <path>C:\ti\ccsv7\tools\compiler\c5500_4.4.1\lib\</path>
         <kind>archive</kind>
         <file>rts55h.lib</file>
         <name>memcpy.obj</name>
      </input_file>
      <input_file id="fl-4d">
         <path>C:\ti\ccsv7\tools\compiler\c5500_4.4.1\lib\</path>
         <kind>archive</kind>
         <file>rts55h.lib</file>
         <name>mpyd.obj</name>
      </input_file>
      <input_file id="fl-4e">
         <path>C:\ti\ccsv7\tools\compiler\c5500_4.4.1\lib\</path>
         <kind>archive</kind>
         <file>rts55h.lib</file>
         <name>negd.obj</name>
      </input_file>
      <input_file id="fl-4f">
         <path>C:\ti\ccsv7\tools\compiler\c5500_4.4.1\lib\</path>
         <kind>archive</kind>
         <file>rts55h.lib</file>
         <name>remli.obj</name>
      </input_file>
      <input_file id="fl-50">
         <path>C:\ti\ccsv7\tools\compiler\c5500_4.4.1\lib\</path>
         <kind>archive</kind>
         <file>rts55h.lib</file>
         <name>remul.obj</name>
      </input_file>
      <input_file id="fl-51">
         <path>C:\ti\ccsv7\tools\compiler\c5500_4.4.1\lib\</path>
         <kind>archive</kind>
         <file>rts55h.lib</file>
         <name>subd.obj</name>
      </input_file>
      <input_file id="fl-52">
         <path>C:\ti\ccsv7\tools\compiler\c5500_4.4.1\lib\</path>
         <kind>archive</kind>
         <file>rts55h.lib</file>
         <name>trgdrv.obj</name>
      </input_file>
      <input_file id="fl-53">
         <path>C:\ti\ccsv7\tools\compiler\c5500_4.4.1\lib\</path>
         <kind>archive</kind>
         <file>rts55h.lib</file>
         <name>trgmsg.obj</name>
      </input_file>
      <input_file id="fl-54">
         <path>C:\ti\ccsv7\tools\compiler\c5500_4.4.1\lib\</path>
         <kind>archive</kind>
         <file>rts55h.lib</file>
         <name>udiv.obj</name>
      </input_file>
      <input_file id="fl-55">
         <path>C:\ti\ccsv7\tools\compiler\c5500_4.4.1\lib\</path>
         <kind>archive</kind>
         <file>rts55h.lib</file>
         <name>_io_perm.obj</name>
      </input_file>
      <input_file id="fl-56">
         <path>C:\ti\ccsv7\tools\compiler\c5500_4.4.1\lib\</path>
         <kind>archive</kind>
         <file>rts55h.lib</file>
         <name>addd.obj</name>
      </input_file>
      <input_file id="fl-57">
         <path>C:\ti\ccsv7\tools\compiler\c5500_4.4.1\lib\</path>
         <kind>archive</kind>
         <file>rts55h.lib</file>
         <name>fflush.obj</name>
      </input_file>
      <input_file id="fl-58">
         <path>C:\ti\ccsv7\tools\compiler\c5500_4.4.1\lib\</path>
         <kind>archive</kind>
         <file>rts55h.lib</file>
         <name>frcmpyd.obj</name>
      </input_file>
      <input_file id="fl-59">
         <path>C:\ti\ccsv7\tools\compiler\c5500_4.4.1\lib\</path>
         <kind>archive</kind>
         <file>rts55h.lib</file>
         <name>fseek.obj</name>
      </input_file>
      <input_file id="fl-5a">
         <path>C:\ti\ccsv7\tools\compiler\c5500_4.4.1\lib\</path>
         <kind>archive</kind>
         <file>rts55h.lib</file>
         <name>setvbuf.obj</name>
      </input_file>
      <input_file id="fl-5b">
         <path>C:\ti\ccsv7\tools\compiler\c5500_4.4.1\lib\</path>
         <kind>archive</kind>
         <file>rts55h.lib</file>
         <name>fopen.obj</name>
      </input_file>
      <input_file id="fl-5c">
         <path>C:\ti\ccsv7\tools\compiler\c5500_4.4.1\lib\</path>
         <kind>archive</kind>
         <file>rts55h.lib</file>
         <name>fclose.obj</name>
      </input_file>
      <input_file id="fl-5d">
         <path>C:\ti\ccsv7\tools\compiler\c5500_4.4.1\lib\</path>
         <kind>archive</kind>
         <file>rts55h.lib</file>
         <name>remove.obj</name>
      </input_file>
      <input_file id="fl-5e">
         <path>C:\Users\Rino Reyns\Documents\MulltiEffectDSP\DSP_Inzynierka\lib\</path>
         <kind>archive</kind>
         <file>CSLc55x5h.lib</file>
         <name>csl_pll.obj</name>
      </input_file>
      <input_file id="fl-5f">
         <path>C:\Users\Rino Reyns\Documents\MulltiEffectDSP\DSP_Inzynierka\lib\</path>
         <kind>archive</kind>
         <file>55xdsph.lib</file>
         <name>iircas51.obj</name>
      </input_file>
      <input_file id="fl-60">
         <path>C:\Users\Rino Reyns\Documents\MulltiEffectDSP\DSP_Inzynierka\lib\</path>
         <kind>archive</kind>
         <file>55xdsph.lib</file>
         <name>sine.obj</name>
      </input_file>
   </input_file_list>
   <object_component_list>
      <object_component id="oc-15">
         <name>.text</name>
         <load_address>0x3ec54</load_address>
         <run_address>0x3ec54</run_address>
         <size>0xea9</size>
         <input_file_ref idref="fl-2"/>
      </object_component>
      <object_component id="oc-28">
         <name>.text</name>
         <load_address>0x3fafd</load_address>
         <run_address>0x3fafd</run_address>
         <size>0x4f2</size>
         <input_file_ref idref="fl-5"/>
      </object_component>
      <object_component id="oc-110">
         <name>.text</name>
         <load_address>0x3ffef</load_address>
         <run_address>0x3ffef</run_address>
         <size>0x10</size>
         <input_file_ref idref="fl-4e"/>
      </object_component>
      <object_component id="oc-b8">
         <name>.text</name>
         <load_address>0x40750</load_address>
         <run_address>0x40750</run_address>
         <size>0x1533</size>
         <input_file_ref idref="fl-39"/>
      </object_component>
      <object_component id="oc-120">
         <name>.text</name>
         <load_address>0x41c83</load_address>
         <run_address>0x41c83</run_address>
         <size>0x538</size>
         <input_file_ref idref="fl-52"/>
      </object_component>
      <object_component id="oc-9f">
         <name>.text</name>
         <load_address>0x421bb</load_address>
         <run_address>0x421bb</run_address>
         <size>0x533</size>
         <input_file_ref idref="fl-34"/>
      </object_component>
      <object_component id="oc-fa">
         <name>.text</name>
         <load_address>0x426ee</load_address>
         <run_address>0x426ee</run_address>
         <size>0x518</size>
         <input_file_ref idref="fl-49"/>
      </object_component>
      <object_component id="oc-d4">
         <name>.text</name>
         <load_address>0x42c06</load_address>
         <run_address>0x42c06</run_address>
         <size>0x3c7</size>
         <input_file_ref idref="fl-40"/>
      </object_component>
      <object_component id="oc-37">
         <name>.text</name>
         <load_address>0x42fcd</load_address>
         <run_address>0x42fcd</run_address>
         <size>0x30e</size>
         <input_file_ref idref="fl-8"/>
      </object_component>
      <object_component id="oc-155">
         <name>.text</name>
         <load_address>0x432db</load_address>
         <run_address>0x432db</run_address>
         <size>0x2ad</size>
         <input_file_ref idref="fl-5e"/>
      </object_component>
      <object_component id="oc-1c">
         <name>.text</name>
         <load_address>0x43588</load_address>
         <run_address>0x43588</run_address>
         <size>0x288</size>
         <input_file_ref idref="fl-3"/>
      </object_component>
      <object_component id="oc-147">
         <name>.text</name>
         <load_address>0x43810</load_address>
         <run_address>0x43810</run_address>
         <size>0x26c</size>
         <input_file_ref idref="fl-5b"/>
      </object_component>
      <object_component id="oc-f6">
         <name>.text</name>
         <load_address>0x43a7c</load_address>
         <run_address>0x43a7c</run_address>
         <size>0x25c</size>
         <input_file_ref idref="fl-48"/>
      </object_component>
      <object_component id="oc-133">
         <name>.text</name>
         <load_address>0x43cd8</load_address>
         <run_address>0x43cd8</run_address>
         <size>0x257</size>
         <input_file_ref idref="fl-56"/>
      </object_component>
      <object_component id="oc-ca">
         <name>.text</name>
         <load_address>0x43f2f</load_address>
         <run_address>0x43f2f</run_address>
         <size>0x1ea</size>
         <input_file_ref idref="fl-3d"/>
      </object_component>
      <object_component id="oc-2d">
         <name>.text</name>
         <load_address>0x44119</load_address>
         <run_address>0x44119</run_address>
         <size>0x1c7</size>
         <input_file_ref idref="fl-6"/>
      </object_component>
      <object_component id="oc-5f">
         <name>.text</name>
         <load_address>0x442e0</load_address>
         <run_address>0x442e0</run_address>
         <size>0x17e</size>
         <input_file_ref idref="fl-10"/>
      </object_component>
      <object_component id="oc-e9">
         <name>.text</name>
         <load_address>0x4445e</load_address>
         <run_address>0x4445e</run_address>
         <size>0x17b</size>
         <input_file_ref idref="fl-45"/>
      </object_component>
      <object_component id="oc-6f">
         <name>.text</name>
         <load_address>0x445d9</load_address>
         <run_address>0x445d9</run_address>
         <size>0x177</size>
         <input_file_ref idref="fl-13"/>
      </object_component>
      <object_component id="oc-3d">
         <name>.text</name>
         <load_address>0x44750</load_address>
         <run_address>0x44750</run_address>
         <size>0x171</size>
         <input_file_ref idref="fl-9"/>
      </object_component>
      <object_component id="oc-7c">
         <name>.text</name>
         <load_address>0x448c1</load_address>
         <run_address>0x448c1</run_address>
         <size>0x15b</size>
         <input_file_ref idref="fl-15"/>
      </object_component>
      <object_component id="oc-10c">
         <name>.text</name>
         <load_address>0x44a1c</load_address>
         <run_address>0x44a1c</run_address>
         <size>0x14b</size>
         <input_file_ref idref="fl-4d"/>
      </object_component>
      <object_component id="oc-76">
         <name>.text</name>
         <load_address>0x44b67</load_address>
         <run_address>0x44b67</run_address>
         <size>0x146</size>
         <input_file_ref idref="fl-14"/>
      </object_component>
      <object_component id="oc-59">
         <name>.text</name>
         <load_address>0x44cad</load_address>
         <run_address>0x44cad</run_address>
         <size>0x114</size>
         <input_file_ref idref="fl-f"/>
      </object_component>
      <object_component id="oc-4b">
         <name>.text</name>
         <load_address>0x44dc1</load_address>
         <run_address>0x44dc1</run_address>
         <size>0x106</size>
         <input_file_ref idref="fl-c"/>
      </object_component>
      <object_component id="oc-69">
         <name>.text</name>
         <load_address>0x44ec7</load_address>
         <run_address>0x44ec7</run_address>
         <size>0x101</size>
         <input_file_ref idref="fl-12"/>
      </object_component>
      <object_component id="oc-143">
         <name>.text</name>
         <load_address>0x44fc8</load_address>
         <run_address>0x44fc8</run_address>
         <size>0xf3</size>
         <input_file_ref idref="fl-5a"/>
      </object_component>
      <object_component id="oc-23">
         <name>.text</name>
         <load_address>0x450bb</load_address>
         <run_address>0x450bb</run_address>
         <size>0xeb</size>
         <input_file_ref idref="fl-4"/>
      </object_component>
      <object_component id="oc-82">
         <name>.text</name>
         <load_address>0x451a6</load_address>
         <run_address>0x451a6</run_address>
         <size>0xe9</size>
         <input_file_ref idref="fl-16"/>
      </object_component>
      <object_component id="oc-55">
         <name>.text</name>
         <load_address>0x4528f</load_address>
         <run_address>0x4528f</run_address>
         <size>0xe8</size>
         <input_file_ref idref="fl-e"/>
      </object_component>
      <object_component id="oc-12f">
         <name>.text</name>
         <load_address>0x45377</load_address>
         <run_address>0x45377</run_address>
         <size>0xda</size>
         <input_file_ref idref="fl-55"/>
      </object_component>
      <object_component id="oc-128">
         <name>.text:CIO_breakpoint</name>
         <load_address>0x45451</load_address>
         <run_address>0x45451</run_address>
         <size>0xbe</size>
         <input_file_ref idref="fl-53"/>
      </object_component>
      <object_component id="oc-137">
         <name>.text</name>
         <load_address>0x4550f</load_address>
         <run_address>0x4550f</run_address>
         <size>0xba</size>
         <input_file_ref idref="fl-57"/>
      </object_component>
      <object_component id="oc-31">
         <name>.text</name>
         <load_address>0x455c9</load_address>
         <run_address>0x455c9</run_address>
         <size>0xb6</size>
         <input_file_ref idref="fl-7"/>
      </object_component>
      <object_component id="oc-e5">
         <name>.text</name>
         <load_address>0x4567f</load_address>
         <run_address>0x4567f</run_address>
         <size>0xa2</size>
         <input_file_ref idref="fl-44"/>
      </object_component>
      <object_component id="oc-90">
         <name>.text</name>
         <load_address>0x45721</load_address>
         <run_address>0x45721</run_address>
         <size>0xa0</size>
         <input_file_ref idref="fl-31"/>
      </object_component>
      <object_component id="oc-63">
         <name>.text</name>
         <load_address>0x457c1</load_address>
         <run_address>0x457c1</run_address>
         <size>0x97</size>
         <input_file_ref idref="fl-11"/>
      </object_component>
      <object_component id="oc-15a">
         <name>.text</name>
         <load_address>0x45858</load_address>
         <run_address>0x45858</run_address>
         <size>0x80</size>
         <input_file_ref idref="fl-5f"/>
      </object_component>
      <object_component id="oc-100">
         <name>.text</name>
         <load_address>0x458d8</load_address>
         <run_address>0x458d8</run_address>
         <size>0x79</size>
         <input_file_ref idref="fl-4a"/>
      </object_component>
      <object_component id="oc-14d">
         <name>.text</name>
         <load_address>0x45951</load_address>
         <run_address>0x45951</run_address>
         <size>0x76</size>
         <input_file_ref idref="fl-5c"/>
      </object_component>
      <object_component id="oc-13b">
         <name>.text</name>
         <load_address>0x459c7</load_address>
         <run_address>0x459c7</run_address>
         <size>0x76</size>
         <input_file_ref idref="fl-58"/>
      </object_component>
      <object_component id="oc-ee">
         <name>.text</name>
         <load_address>0x45a3d</load_address>
         <run_address>0x45a3d</run_address>
         <size>0x73</size>
         <input_file_ref idref="fl-46"/>
      </object_component>
      <object_component id="oc-118">
         <name>.text</name>
         <load_address>0x45ab0</load_address>
         <run_address>0x45ab0</run_address>
         <size>0x70</size>
         <input_file_ref idref="fl-50"/>
      </object_component>
      <object_component id="oc-dc">
         <name>.text</name>
         <load_address>0x45b20</load_address>
         <run_address>0x45b20</run_address>
         <size>0x6e</size>
         <input_file_ref idref="fl-42"/>
      </object_component>
      <object_component id="oc-aa">
         <name>.text</name>
         <load_address>0x45b8e</load_address>
         <run_address>0x45b8e</run_address>
         <size>0x6b</size>
         <input_file_ref idref="fl-36"/>
      </object_component>
      <object_component id="oc-125">
         <name>.text</name>
         <load_address>0x45bf9</load_address>
         <run_address>0x45bf9</run_address>
         <size>0x6b</size>
         <input_file_ref idref="fl-53"/>
      </object_component>
      <object_component id="oc-13f">
         <name>.text</name>
         <load_address>0x45c64</load_address>
         <run_address>0x45c64</run_address>
         <size>0x68</size>
         <input_file_ref idref="fl-59"/>
      </object_component>
      <object_component id="oc-e0">
         <name>.text</name>
         <load_address>0x45ccc</load_address>
         <run_address>0x45ccc</run_address>
         <size>0x67</size>
         <input_file_ref idref="fl-43"/>
      </object_component>
      <object_component id="oc-15e">
         <name>.text</name>
         <load_address>0x45d33</load_address>
         <run_address>0x45d33</run_address>
         <size>0x60</size>
         <input_file_ref idref="fl-60"/>
      </object_component>
      <object_component id="oc-c2">
         <name>.text</name>
         <load_address>0x45d93</load_address>
         <run_address>0x45d93</run_address>
         <size>0x59</size>
         <input_file_ref idref="fl-3b"/>
      </object_component>
      <object_component id="oc-108">
         <name>.text</name>
         <load_address>0x45dec</load_address>
         <run_address>0x45dec</run_address>
         <size>0x56</size>
         <input_file_ref idref="fl-4c"/>
      </object_component>
      <object_component id="oc-a6">
         <name>.text</name>
         <load_address>0x45e42</load_address>
         <run_address>0x45e42</run_address>
         <size>0x4e</size>
         <input_file_ref idref="fl-35"/>
      </object_component>
      <object_component id="oc-c6">
         <name>.text</name>
         <load_address>0x45e90</load_address>
         <run_address>0x45e90</run_address>
         <size>0x4d</size>
         <input_file_ref idref="fl-3c"/>
      </object_component>
      <object_component id="oc-114">
         <name>.text</name>
         <load_address>0x45edd</load_address>
         <run_address>0x45edd</run_address>
         <size>0x4b</size>
         <input_file_ref idref="fl-4f"/>
      </object_component>
      <object_component id="oc-be">
         <name>.text</name>
         <load_address>0x45f28</load_address>
         <run_address>0x45f28</run_address>
         <size>0x49</size>
         <input_file_ref idref="fl-3a"/>
      </object_component>
      <object_component id="oc-8c">
         <name>.text</name>
         <load_address>0x45f71</load_address>
         <run_address>0x45f71</run_address>
         <size>0x48</size>
         <input_file_ref idref="fl-30"/>
      </object_component>
      <object_component id="oc-47">
         <name>.text</name>
         <load_address>0x45fb9</load_address>
         <run_address>0x45fb9</run_address>
         <size>0x45</size>
         <input_file_ref idref="fl-b"/>
      </object_component>
      <object_component id="oc-51">
         <name>.text</name>
         <load_address>0x45ffe</load_address>
         <run_address>0x45ffe</run_address>
         <size>0x45</size>
         <input_file_ref idref="fl-d"/>
      </object_component>
      <object_component id="oc-94">
         <name>.text</name>
         <load_address>0x46043</load_address>
         <run_address>0x46043</run_address>
         <size>0x3e</size>
         <input_file_ref idref="fl-32"/>
      </object_component>
      <object_component id="oc-13">
         <name>.text</name>
         <load_address>0x46081</load_address>
         <run_address>0x46081</run_address>
         <size>0x34</size>
         <input_file_ref idref="fl-2f"/>
      </object_component>
      <object_component id="oc-d8">
         <name>.text</name>
         <load_address>0x460b5</load_address>
         <run_address>0x460b5</run_address>
         <size>0x2a</size>
         <input_file_ref idref="fl-41"/>
      </object_component>
      <object_component id="oc-12b">
         <name>.text</name>
         <load_address>0x460df</load_address>
         <run_address>0x460df</run_address>
         <size>0x2a</size>
         <input_file_ref idref="fl-54"/>
      </object_component>
      <object_component id="oc-104">
         <name>.text</name>
         <load_address>0x46109</load_address>
         <run_address>0x46109</run_address>
         <size>0x22</size>
         <input_file_ref idref="fl-4b"/>
      </object_component>
      <object_component id="oc-f2">
         <name>.text</name>
         <load_address>0x4612b</load_address>
         <run_address>0x4612b</run_address>
         <size>0x1a</size>
         <input_file_ref idref="fl-47"/>
      </object_component>
      <object_component id="oc-11c">
         <name>.text</name>
         <load_address>0x46145</load_address>
         <run_address>0x46145</run_address>
         <size>0x14</size>
         <input_file_ref idref="fl-51"/>
      </object_component>
      <object_component id="oc-9b">
         <name>.text</name>
         <load_address>0x46159</load_address>
         <run_address>0x46159</run_address>
         <size>0x13</size>
         <input_file_ref idref="fl-33"/>
      </object_component>
      <object_component id="oc-b2">
         <name>.text</name>
         <load_address>0x4616c</load_address>
         <run_address>0x4616c</run_address>
         <size>0x12</size>
         <input_file_ref idref="fl-38"/>
      </object_component>
      <object_component id="oc-43">
         <name>.text</name>
         <load_address>0x4617e</load_address>
         <run_address>0x4617e</run_address>
         <size>0xc</size>
         <input_file_ref idref="fl-a"/>
      </object_component>
      <object_component id="oc-151">
         <name>.text</name>
         <load_address>0x4618a</load_address>
         <run_address>0x4618a</run_address>
         <size>0xa</size>
         <input_file_ref idref="fl-5d"/>
      </object_component>
      <object_component id="oc-98">
         <name>.text:CIO_breakpoint</name>
         <load_address>0x46194</load_address>
         <run_address>0x46194</run_address>
         <size>0x7</size>
         <input_file_ref idref="fl-32"/>
      </object_component>
      <object_component id="oc-ae">
         <name>.text</name>
         <load_address>0x4619b</load_address>
         <run_address>0x4619b</run_address>
         <size>0x2</size>
         <input_file_ref idref="fl-37"/>
      </object_component>
      <object_component id="oc-88">
         <name>.stack</name>
         <uninitialized>true</uninitialized>
         <run_address>0xc0</run_address>
         <size>0x0</size>
         <input_file_ref idref="fl-2f"/>
      </object_component>
      <object_component id="oc-184">
         <name>.stack</name>
         <uninitialized>true</uninitialized>
         <run_address>0xc0</run_address>
         <size>0x0</size>
      </object_component>
      <object_component id="oc-163">
         <name>.sysstack</name>
         <uninitialized>true</uninitialized>
         <run_address>0x20c0</run_address>
         <size>0x0</size>
         <input_file_ref idref="fl-2f"/>
      </object_component>
      <object_component id="oc-186">
         <name>.sysstack</name>
         <uninitialized>true</uninitialized>
         <run_address>0x20c0</run_address>
         <size>0x0</size>
      </object_component>
      <object_component id="oc-15f">
         <name>.data:.text</name>
         <load_address>0x4732</load_address>
         <run_address>0x4732</run_address>
         <size>0x2</size>
         <input_file_ref idref="fl-60"/>
      </object_component>
      <object_component id="oc-77">
         <name>.bss</name>
         <uninitialized>true</uninitialized>
         <run_address>0x30c0</run_address>
         <size>0x97c</size>
         <input_file_ref idref="fl-14"/>
      </object_component>
      <object_component id="oc-7d">
         <name>.bss</name>
         <uninitialized>true</uninitialized>
         <run_address>0x3a3c</run_address>
         <size>0x5bc</size>
         <input_file_ref idref="fl-15"/>
      </object_component>
      <object_component id="oc-d0">
         <name>.bss</name>
         <uninitialized>true</uninitialized>
         <run_address>0x3ff8</run_address>
         <size>0x232</size>
         <input_file_ref idref="fl-3f"/>
      </object_component>
      <object_component id="oc-121">
         <name>.bss</name>
         <uninitialized>true</uninitialized>
         <run_address>0x422a</run_address>
         <size>0x1a0</size>
         <input_file_ref idref="fl-52"/>
      </object_component>
      <object_component id="oc-38">
         <name>.bss</name>
         <uninitialized>true</uninitialized>
         <run_address>0x43ca</run_address>
         <size>0x178</size>
         <input_file_ref idref="fl-8"/>
      </object_component>
      <object_component id="oc-148">
         <name>.bss</name>
         <uninitialized>true</uninitialized>
         <run_address>0x4542</run_address>
         <size>0x2</size>
         <input_file_ref idref="fl-5b"/>
      </object_component>
      <object_component id="oc-fb">
         <name>.bss</name>
         <uninitialized>true</uninitialized>
         <run_address>0x4544</run_address>
         <size>0xe2</size>
         <input_file_ref idref="fl-49"/>
      </object_component>
      <object_component id="oc-4c">
         <name>.bss</name>
         <uninitialized>true</uninitialized>
         <run_address>0x4626</run_address>
         <size>0x2</size>
         <input_file_ref idref="fl-c"/>
      </object_component>
      <object_component id="oc-1d">
         <name>.bss</name>
         <uninitialized>true</uninitialized>
         <run_address>0x4628</run_address>
         <size>0x6c</size>
         <input_file_ref idref="fl-3"/>
      </object_component>
      <object_component id="oc-16">
         <name>.bss</name>
         <uninitialized>true</uninitialized>
         <run_address>0x4694</run_address>
         <size>0x3c</size>
         <input_file_ref idref="fl-2"/>
      </object_component>
      <object_component id="oc-70">
         <name>.bss</name>
         <uninitialized>true</uninitialized>
         <run_address>0x46d0</run_address>
         <size>0x24</size>
         <input_file_ref idref="fl-13"/>
      </object_component>
      <object_component id="oc-83">
         <name>.bss</name>
         <uninitialized>true</uninitialized>
         <run_address>0x46f4</run_address>
         <size>0x14</size>
         <input_file_ref idref="fl-16"/>
      </object_component>
      <object_component id="oc-3e">
         <name>.bss</name>
         <uninitialized>true</uninitialized>
         <run_address>0x4708</run_address>
         <size>0xe</size>
         <input_file_ref idref="fl-9"/>
      </object_component>
      <object_component id="oc-5a">
         <name>.bss</name>
         <uninitialized>true</uninitialized>
         <run_address>0x4716</run_address>
         <size>0x2</size>
         <input_file_ref idref="fl-f"/>
      </object_component>
      <object_component id="oc-a0">
         <name>.bss</name>
         <uninitialized>true</uninitialized>
         <run_address>0x4718</run_address>
         <size>0xe</size>
         <input_file_ref idref="fl-34"/>
      </object_component>
      <object_component id="oc-32">
         <name>.bss</name>
         <uninitialized>true</uninitialized>
         <run_address>0x4726</run_address>
         <size>0xc</size>
         <input_file_ref idref="fl-7"/>
      </object_component>
      <object_component id="oc-b3">
         <name>.bss</name>
         <uninitialized>true</uninitialized>
         <run_address>0x4734</run_address>
         <size>0x8</size>
         <input_file_ref idref="fl-38"/>
      </object_component>
      <object_component id="oc-95">
         <name>.bss</name>
         <uninitialized>true</uninitialized>
         <run_address>0x473c</run_address>
         <size>0x8</size>
         <input_file_ref idref="fl-32"/>
      </object_component>
      <object_component id="oc-24">
         <name>.bss</name>
         <uninitialized>true</uninitialized>
         <run_address>0x4744</run_address>
         <size>0x4</size>
         <input_file_ref idref="fl-4"/>
      </object_component>
      <object_component id="oc-6a">
         <name>.bss</name>
         <uninitialized>true</uninitialized>
         <run_address>0x10000</run_address>
         <size>0xee58</size>
         <input_file_ref idref="fl-12"/>
      </object_component>
      <object_component id="oc-64">
         <name>.bss</name>
         <uninitialized>true</uninitialized>
         <run_address>0x20000</run_address>
         <size>0xec54</size>
         <input_file_ref idref="fl-11"/>
      </object_component>
      <object_component id="oc-164">
         <name>.const:_xAxis</name>
         <load_address>0x4748</load_address>
         <run_address>0x4748</run_address>
         <size>0x8000</size>
         <input_file_ref idref="fl-13"/>
      </object_component>
      <object_component id="oc-19">
         <name>.const:.string</name>
         <load_address>0xc748</load_address>
         <run_address>0xc748</run_address>
         <size>0x70c</size>
         <input_file_ref idref="fl-2"/>
      </object_component>
      <object_component id="oc-20">
         <name>.const:.string</name>
         <load_address>0xce54</load_address>
         <run_address>0xce54</run_address>
         <size>0x46c</size>
         <input_file_ref idref="fl-3"/>
      </object_component>
      <object_component id="oc-2a">
         <name>.const:.string</name>
         <load_address>0xd2c0</load_address>
         <run_address>0xd2c0</run_address>
         <size>0x2e8</size>
         <input_file_ref idref="fl-5"/>
      </object_component>
      <object_component id="oc-168">
         <name>.const:__ctypes_</name>
         <load_address>0xd5a8</load_address>
         <run_address>0xd5a8</run_address>
         <size>0x202</size>
         <input_file_ref idref="fl-3e"/>
      </object_component>
      <object_component id="oc-bb">
         <name>.const:.string</name>
         <load_address>0xd7ac</load_address>
         <run_address>0xd7ac</run_address>
         <size>0x48</size>
         <input_file_ref idref="fl-39"/>
      </object_component>
      <object_component id="oc-ba">
         <name>.const</name>
         <load_address>0xd7f4</load_address>
         <run_address>0xd7f4</run_address>
         <size>0x18</size>
         <input_file_ref idref="fl-39"/>
      </object_component>
      <object_component id="oc-169">
         <name>.const:_initial_approx$1</name>
         <load_address>0xd80c</load_address>
         <run_address>0xd80c</run_address>
         <size>0x10</size>
         <input_file_ref idref="fl-40"/>
      </object_component>
      <object_component id="oc-167">
         <name>.const:_IIR_low_pass_2400Hz</name>
         <load_address>0xd81c</load_address>
         <run_address>0xd81c</run_address>
         <size>0xa</size>
         <input_file_ref idref="fl-13"/>
      </object_component>
      <object_component id="oc-eb">
         <name>.const:.string</name>
         <load_address>0xd828</load_address>
         <run_address>0xd828</run_address>
         <size>0x4</size>
         <input_file_ref idref="fl-45"/>
      </object_component>
      <object_component id="oc-73">
         <name>.const</name>
         <load_address>0xd82c</load_address>
         <run_address>0xd82c</run_address>
         <size>0x4</size>
         <input_file_ref idref="fl-13"/>
      </object_component>
      <object_component id="oc-e2">
         <name>.const</name>
         <load_address>0xd830</load_address>
         <run_address>0xd830</run_address>
         <size>0x4</size>
         <input_file_ref idref="fl-43"/>
      </object_component>
      <object_component id="oc-165">
         <name>.const:_yHardAxis</name>
         <load_address>0x2ec54</load_address>
         <run_address>0x2ec54</run_address>
         <size>0x8000</size>
         <input_file_ref idref="fl-13"/>
      </object_component>
      <object_component id="oc-166">
         <name>.const:_ySoftAxis</name>
         <load_address>0x36c54</load_address>
         <run_address>0x36c54</run_address>
         <size>0x8000</size>
         <input_file_ref idref="fl-13"/>
      </object_component>
      <object_component id="oc-a3">
         <name>.sysmem</name>
         <uninitialized>true</uninitialized>
         <run_address>0xd834</run_address>
         <size>0x0</size>
         <input_file_ref idref="fl-34"/>
      </object_component>
      <object_component id="oc-185">
         <name>.sysmem</name>
         <uninitialized>true</uninitialized>
         <run_address>0xd834</run_address>
         <size>0x0</size>
      </object_component>
      <object_component id="oc-3a">
         <name>.cinit</name>
         <load_address>0x40000</load_address>
         <run_address>0x40000</run_address>
         <size>0x184</size>
         <input_file_ref idref="fl-8"/>
      </object_component>
      <object_component id="oc-1f">
         <name>.cinit</name>
         <load_address>0x40184</load_address>
         <run_address>0x40184</run_address>
         <size>0x8c</size>
         <input_file_ref idref="fl-3"/>
      </object_component>
      <object_component id="oc-18">
         <name>.cinit</name>
         <load_address>0x40210</load_address>
         <run_address>0x40210</run_address>
         <size>0x78</size>
         <input_file_ref idref="fl-2"/>
      </object_component>
      <object_component id="oc-72">
         <name>.cinit</name>
         <load_address>0x40288</load_address>
         <run_address>0x40288</run_address>
         <size>0x5e</size>
         <input_file_ref idref="fl-13"/>
      </object_component>
      <object_component id="oc-fd">
         <name>.cinit</name>
         <load_address>0x402e6</load_address>
         <run_address>0x402e6</run_address>
         <size>0x5a</size>
         <input_file_ref idref="fl-49"/>
      </object_component>
      <object_component id="oc-d2">
         <name>.cinit</name>
         <load_address>0x40340</load_address>
         <run_address>0x40340</run_address>
         <size>0x54</size>
         <input_file_ref idref="fl-3f"/>
      </object_component>
      <object_component id="oc-79">
         <name>.cinit</name>
         <load_address>0x40394</load_address>
         <run_address>0x40394</run_address>
         <size>0x3c</size>
         <input_file_ref idref="fl-14"/>
      </object_component>
      <object_component id="oc-7f">
         <name>.cinit</name>
         <load_address>0x403d0</load_address>
         <run_address>0x403d0</run_address>
         <size>0x3c</size>
         <input_file_ref idref="fl-15"/>
      </object_component>
      <object_component id="oc-85">
         <name>.cinit</name>
         <load_address>0x4040c</load_address>
         <run_address>0x4040c</run_address>
         <size>0x36</size>
         <input_file_ref idref="fl-16"/>
      </object_component>
      <object_component id="oc-6c">
         <name>.cinit</name>
         <load_address>0x40442</load_address>
         <run_address>0x40442</run_address>
         <size>0x2c</size>
         <input_file_ref idref="fl-12"/>
      </object_component>
      <object_component id="oc-40">
         <name>.cinit</name>
         <load_address>0x4046e</load_address>
         <run_address>0x4046e</run_address>
         <size>0x2c</size>
         <input_file_ref idref="fl-9"/>
      </object_component>
      <object_component id="oc-66">
         <name>.cinit</name>
         <load_address>0x4049a</load_address>
         <run_address>0x4049a</run_address>
         <size>0x22</size>
         <input_file_ref idref="fl-11"/>
      </object_component>
      <object_component id="oc-b5">
         <name>.cinit</name>
         <load_address>0x404bc</load_address>
         <run_address>0x404bc</run_address>
         <size>0x14</size>
         <input_file_ref idref="fl-38"/>
      </object_component>
      <object_component id="oc-97">
         <name>.cinit</name>
         <load_address>0x404d0</load_address>
         <run_address>0x404d0</run_address>
         <size>0x14</size>
         <input_file_ref idref="fl-32"/>
      </object_component>
      <object_component id="oc-34">
         <name>.cinit</name>
         <load_address>0x404e4</load_address>
         <run_address>0x404e4</run_address>
         <size>0x8</size>
         <input_file_ref idref="fl-7"/>
      </object_component>
      <object_component id="oc-14a">
         <name>.cinit</name>
         <load_address>0x404ec</load_address>
         <run_address>0x404ec</run_address>
         <size>0x8</size>
         <input_file_ref idref="fl-5b"/>
      </object_component>
      <object_component id="oc-a2">
         <name>.cinit</name>
         <load_address>0x404f4</load_address>
         <run_address>0x404f4</run_address>
         <size>0x8</size>
         <input_file_ref idref="fl-34"/>
      </object_component>
      <object_component id="oc-4e">
         <name>.cinit</name>
         <load_address>0x404fc</load_address>
         <run_address>0x404fc</run_address>
         <size>0x8</size>
         <input_file_ref idref="fl-c"/>
      </object_component>
      <object_component id="oc-5c">
         <name>.cinit</name>
         <load_address>0x40504</load_address>
         <run_address>0x40504</run_address>
         <size>0x8</size>
         <input_file_ref idref="fl-f"/>
      </object_component>
      <object_component id="oc-127">
         <name>.cio</name>
         <uninitialized>true</uninitialized>
         <run_address>0x40510</run_address>
         <size>0x240</size>
         <input_file_ref idref="fl-53"/>
      </object_component>
      <object_component id="oc-14">
         <name>vectors</name>
         <load_address>0x4fe00</load_address>
         <run_address>0x4fe00</run_address>
         <size>0x100</size>
         <input_file_ref idref="fl-37"/>
      </object_component>
      <object_component id="oc-17">
         <name>.debug_info</name>
         <load_address>0x0</load_address>
         <run_address>0x0</run_address>
         <size>0x1ba7</size>
         <input_file_ref idref="fl-2"/>
      </object_component>
      <object_component id="oc-1e">
         <name>.debug_info</name>
         <load_address>0x1ba7</load_address>
         <run_address>0x1ba7</run_address>
         <size>0x1002</size>
         <input_file_ref idref="fl-3"/>
      </object_component>
      <object_component id="oc-25">
         <name>.debug_info</name>
         <load_address>0x2ba9</load_address>
         <run_address>0x2ba9</run_address>
         <size>0xa34</size>
         <input_file_ref idref="fl-4"/>
      </object_component>
      <object_component id="oc-29">
         <name>.debug_info</name>
         <load_address>0x35dd</load_address>
         <run_address>0x35dd</run_address>
         <size>0xe27</size>
         <input_file_ref idref="fl-5"/>
      </object_component>
      <object_component id="oc-2e">
         <name>.debug_info</name>
         <load_address>0x4404</load_address>
         <run_address>0x4404</run_address>
         <size>0x86a</size>
         <input_file_ref idref="fl-6"/>
      </object_component>
      <object_component id="oc-33">
         <name>.debug_info</name>
         <load_address>0x4c6e</load_address>
         <run_address>0x4c6e</run_address>
         <size>0xa8d</size>
         <input_file_ref idref="fl-7"/>
      </object_component>
      <object_component id="oc-39">
         <name>.debug_info</name>
         <load_address>0x56fb</load_address>
         <run_address>0x56fb</run_address>
         <size>0xe86</size>
         <input_file_ref idref="fl-8"/>
      </object_component>
      <object_component id="oc-3f">
         <name>.debug_info</name>
         <load_address>0x6581</load_address>
         <run_address>0x6581</run_address>
         <size>0x698</size>
         <input_file_ref idref="fl-9"/>
      </object_component>
      <object_component id="oc-44">
         <name>.debug_info</name>
         <load_address>0x6c19</load_address>
         <run_address>0x6c19</run_address>
         <size>0x541</size>
         <input_file_ref idref="fl-a"/>
      </object_component>
      <object_component id="oc-48">
         <name>.debug_info</name>
         <load_address>0x715a</load_address>
         <run_address>0x715a</run_address>
         <size>0x669</size>
         <input_file_ref idref="fl-b"/>
      </object_component>
      <object_component id="oc-4d">
         <name>.debug_info</name>
         <load_address>0x77c3</load_address>
         <run_address>0x77c3</run_address>
         <size>0xa74</size>
         <input_file_ref idref="fl-c"/>
      </object_component>
      <object_component id="oc-52">
         <name>.debug_info</name>
         <load_address>0x8237</load_address>
         <run_address>0x8237</run_address>
         <size>0x669</size>
         <input_file_ref idref="fl-d"/>
      </object_component>
      <object_component id="oc-56">
         <name>.debug_info</name>
         <load_address>0x88a0</load_address>
         <run_address>0x88a0</run_address>
         <size>0x714</size>
         <input_file_ref idref="fl-e"/>
      </object_component>
      <object_component id="oc-5b">
         <name>.debug_info</name>
         <load_address>0x8fb4</load_address>
         <run_address>0x8fb4</run_address>
         <size>0xafd</size>
         <input_file_ref idref="fl-f"/>
      </object_component>
      <object_component id="oc-60">
         <name>.debug_info</name>
         <load_address>0x9ab1</load_address>
         <run_address>0x9ab1</run_address>
         <size>0xca2</size>
         <input_file_ref idref="fl-10"/>
      </object_component>
      <object_component id="oc-65">
         <name>.debug_info</name>
         <load_address>0xa753</load_address>
         <run_address>0xa753</run_address>
         <size>0x787</size>
         <input_file_ref idref="fl-11"/>
      </object_component>
      <object_component id="oc-6b">
         <name>.debug_info</name>
         <load_address>0xaeda</load_address>
         <run_address>0xaeda</run_address>
         <size>0x7fc</size>
         <input_file_ref idref="fl-12"/>
      </object_component>
      <object_component id="oc-71">
         <name>.debug_info</name>
         <load_address>0xb6d6</load_address>
         <run_address>0xb6d6</run_address>
         <size>0x9b8</size>
         <input_file_ref idref="fl-13"/>
      </object_component>
      <object_component id="oc-78">
         <name>.debug_info</name>
         <load_address>0xc08e</load_address>
         <run_address>0xc08e</run_address>
         <size>0x8c6</size>
         <input_file_ref idref="fl-14"/>
      </object_component>
      <object_component id="oc-7e">
         <name>.debug_info</name>
         <load_address>0xc954</load_address>
         <run_address>0xc954</run_address>
         <size>0x8b4</size>
         <input_file_ref idref="fl-15"/>
      </object_component>
      <object_component id="oc-84">
         <name>.debug_info</name>
         <load_address>0xd208</load_address>
         <run_address>0xd208</run_address>
         <size>0x751</size>
         <input_file_ref idref="fl-16"/>
      </object_component>
      <object_component id="oc-89">
         <name>.debug_info</name>
         <load_address>0xd959</load_address>
         <run_address>0xd959</run_address>
         <size>0xe8</size>
         <input_file_ref idref="fl-2f"/>
      </object_component>
      <object_component id="oc-8d">
         <name>.debug_info</name>
         <load_address>0xda41</load_address>
         <run_address>0xda41</run_address>
         <size>0x4f2</size>
         <input_file_ref idref="fl-30"/>
      </object_component>
      <object_component id="oc-91">
         <name>.debug_info</name>
         <load_address>0xdf33</load_address>
         <run_address>0xdf33</run_address>
         <size>0x534</size>
         <input_file_ref idref="fl-31"/>
      </object_component>
      <object_component id="oc-96">
         <name>.debug_info</name>
         <load_address>0xe467</load_address>
         <run_address>0xe467</run_address>
         <size>0x5fb</size>
         <input_file_ref idref="fl-32"/>
      </object_component>
      <object_component id="oc-9c">
         <name>.debug_info</name>
         <load_address>0xea62</load_address>
         <run_address>0xea62</run_address>
         <size>0xbd</size>
         <input_file_ref idref="fl-33"/>
      </object_component>
      <object_component id="oc-a1">
         <name>.debug_info</name>
         <load_address>0xeb1f</load_address>
         <run_address>0xeb1f</run_address>
         <size>0xba5</size>
         <input_file_ref idref="fl-34"/>
      </object_component>
      <object_component id="oc-a7">
         <name>.debug_info</name>
         <load_address>0xf6c4</load_address>
         <run_address>0xf6c4</run_address>
         <size>0x76c</size>
         <input_file_ref idref="fl-35"/>
      </object_component>
      <object_component id="oc-ab">
         <name>.debug_info</name>
         <load_address>0xfe30</load_address>
         <run_address>0xfe30</run_address>
         <size>0x6c6</size>
         <input_file_ref idref="fl-36"/>
      </object_component>
      <object_component id="oc-af">
         <name>.debug_info</name>
         <load_address>0x104f6</load_address>
         <run_address>0x104f6</run_address>
         <size>0xbc</size>
         <input_file_ref idref="fl-37"/>
      </object_component>
      <object_component id="oc-b4">
         <name>.debug_info</name>
         <load_address>0x105b2</load_address>
         <run_address>0x105b2</run_address>
         <size>0x5bc</size>
         <input_file_ref idref="fl-38"/>
      </object_component>
      <object_component id="oc-b9">
         <name>.debug_info</name>
         <load_address>0x10b6e</load_address>
         <run_address>0x10b6e</run_address>
         <size>0x27bd</size>
         <input_file_ref idref="fl-39"/>
      </object_component>
      <object_component id="oc-bf">
         <name>.debug_info</name>
         <load_address>0x1332b</load_address>
         <run_address>0x1332b</run_address>
         <size>0x586</size>
         <input_file_ref idref="fl-3a"/>
      </object_component>
      <object_component id="oc-c3">
         <name>.debug_info</name>
         <load_address>0x138b1</load_address>
         <run_address>0x138b1</run_address>
         <size>0x5a4</size>
         <input_file_ref idref="fl-3b"/>
      </object_component>
      <object_component id="oc-c7">
         <name>.debug_info</name>
         <load_address>0x13e55</load_address>
         <run_address>0x13e55</run_address>
         <size>0xcd</size>
         <input_file_ref idref="fl-3c"/>
      </object_component>
      <object_component id="oc-cb">
         <name>.debug_info</name>
         <load_address>0x13f22</load_address>
         <run_address>0x13f22</run_address>
         <size>0x81f</size>
         <input_file_ref idref="fl-3d"/>
      </object_component>
      <object_component id="oc-ce">
         <name>.debug_info</name>
         <load_address>0x14741</load_address>
         <run_address>0x14741</run_address>
         <size>0x498</size>
         <input_file_ref idref="fl-3e"/>
      </object_component>
      <object_component id="oc-d1">
         <name>.debug_info</name>
         <load_address>0x14bd9</load_address>
         <run_address>0x14bd9</run_address>
         <size>0x57e</size>
         <input_file_ref idref="fl-3f"/>
      </object_component>
      <object_component id="oc-d5">
         <name>.debug_info</name>
         <load_address>0x15157</load_address>
         <run_address>0x15157</run_address>
         <size>0x7e8</size>
         <input_file_ref idref="fl-40"/>
      </object_component>
      <object_component id="oc-d9">
         <name>.debug_info</name>
         <load_address>0x1593f</load_address>
         <run_address>0x1593f</run_address>
         <size>0x4cf</size>
         <input_file_ref idref="fl-41"/>
      </object_component>
      <object_component id="oc-dd">
         <name>.debug_info</name>
         <load_address>0x15e0e</load_address>
         <run_address>0x15e0e</run_address>
         <size>0x534</size>
         <input_file_ref idref="fl-42"/>
      </object_component>
      <object_component id="oc-e1">
         <name>.debug_info</name>
         <load_address>0x16342</load_address>
         <run_address>0x16342</run_address>
         <size>0x549</size>
         <input_file_ref idref="fl-43"/>
      </object_component>
      <object_component id="oc-e6">
         <name>.debug_info</name>
         <load_address>0x1688b</load_address>
         <run_address>0x1688b</run_address>
         <size>0x6aa</size>
         <input_file_ref idref="fl-44"/>
      </object_component>
      <object_component id="oc-ea">
         <name>.debug_info</name>
         <load_address>0x16f35</load_address>
         <run_address>0x16f35</run_address>
         <size>0x942</size>
         <input_file_ref idref="fl-45"/>
      </object_component>
      <object_component id="oc-ef">
         <name>.debug_info</name>
         <load_address>0x17877</load_address>
         <run_address>0x17877</run_address>
         <size>0x53e</size>
         <input_file_ref idref="fl-46"/>
      </object_component>
      <object_component id="oc-f3">
         <name>.debug_info</name>
         <load_address>0x17db5</load_address>
         <run_address>0x17db5</run_address>
         <size>0x680</size>
         <input_file_ref idref="fl-47"/>
      </object_component>
      <object_component id="oc-f7">
         <name>.debug_info</name>
         <load_address>0x18435</load_address>
         <run_address>0x18435</run_address>
         <size>0x7d4</size>
         <input_file_ref idref="fl-48"/>
      </object_component>
      <object_component id="oc-fc">
         <name>.debug_info</name>
         <load_address>0x18c09</load_address>
         <run_address>0x18c09</run_address>
         <size>0x144b</size>
         <input_file_ref idref="fl-49"/>
      </object_component>
      <object_component id="oc-101">
         <name>.debug_info</name>
         <load_address>0x1a054</load_address>
         <run_address>0x1a054</run_address>
         <size>0x5ad</size>
         <input_file_ref idref="fl-4a"/>
      </object_component>
      <object_component id="oc-105">
         <name>.debug_info</name>
         <load_address>0x1a601</load_address>
         <run_address>0x1a601</run_address>
         <size>0x574</size>
         <input_file_ref idref="fl-4b"/>
      </object_component>
      <object_component id="oc-109">
         <name>.debug_info</name>
         <load_address>0x1ab75</load_address>
         <run_address>0x1ab75</run_address>
         <size>0xd1</size>
         <input_file_ref idref="fl-4c"/>
      </object_component>
      <object_component id="oc-10d">
         <name>.debug_info</name>
         <load_address>0x1ac46</load_address>
         <run_address>0x1ac46</run_address>
         <size>0x55b</size>
         <input_file_ref idref="fl-4d"/>
      </object_component>
      <object_component id="oc-111">
         <name>.debug_info</name>
         <load_address>0x1b1a1</load_address>
         <run_address>0x1b1a1</run_address>
         <size>0x4b7</size>
         <input_file_ref idref="fl-4e"/>
      </object_component>
      <object_component id="oc-115">
         <name>.debug_info</name>
         <load_address>0x1b658</load_address>
         <run_address>0x1b658</run_address>
         <size>0x4f2</size>
         <input_file_ref idref="fl-4f"/>
      </object_component>
      <object_component id="oc-119">
         <name>.debug_info</name>
         <load_address>0x1bb4a</load_address>
         <run_address>0x1bb4a</run_address>
         <size>0x534</size>
         <input_file_ref idref="fl-50"/>
      </object_component>
      <object_component id="oc-11d">
         <name>.debug_info</name>
         <load_address>0x1c07e</load_address>
         <run_address>0x1c07e</run_address>
         <size>0x4de</size>
         <input_file_ref idref="fl-51"/>
      </object_component>
      <object_component id="oc-122">
         <name>.debug_info</name>
         <load_address>0x1c55c</load_address>
         <run_address>0x1c55c</run_address>
         <size>0xed4</size>
         <input_file_ref idref="fl-52"/>
      </object_component>
      <object_component id="oc-126">
         <name>.debug_info</name>
         <load_address>0x1d430</load_address>
         <run_address>0x1d430</run_address>
         <size>0x744</size>
         <input_file_ref idref="fl-53"/>
      </object_component>
      <object_component id="oc-12c">
         <name>.debug_info</name>
         <load_address>0x1db74</load_address>
         <run_address>0x1db74</run_address>
         <size>0xef</size>
         <input_file_ref idref="fl-54"/>
      </object_component>
      <object_component id="oc-130">
         <name>.debug_info</name>
         <load_address>0x1dc63</load_address>
         <run_address>0x1dc63</run_address>
         <size>0x662</size>
         <input_file_ref idref="fl-55"/>
      </object_component>
      <object_component id="oc-134">
         <name>.debug_info</name>
         <load_address>0x1e2c5</load_address>
         <run_address>0x1e2c5</run_address>
         <size>0x5ab</size>
         <input_file_ref idref="fl-56"/>
      </object_component>
      <object_component id="oc-138">
         <name>.debug_info</name>
         <load_address>0x1e870</load_address>
         <run_address>0x1e870</run_address>
         <size>0x706</size>
         <input_file_ref idref="fl-57"/>
      </object_component>
      <object_component id="oc-13c">
         <name>.debug_info</name>
         <load_address>0x1ef76</load_address>
         <run_address>0x1ef76</run_address>
         <size>0x4d2</size>
         <input_file_ref idref="fl-58"/>
      </object_component>
      <object_component id="oc-140">
         <name>.debug_info</name>
         <load_address>0x1f448</load_address>
         <run_address>0x1f448</run_address>
         <size>0x5f7</size>
         <input_file_ref idref="fl-59"/>
      </object_component>
      <object_component id="oc-144">
         <name>.debug_info</name>
         <load_address>0x1fa3f</load_address>
         <run_address>0x1fa3f</run_address>
         <size>0x64a</size>
         <input_file_ref idref="fl-5a"/>
      </object_component>
      <object_component id="oc-149">
         <name>.debug_info</name>
         <load_address>0x20089</load_address>
         <run_address>0x20089</run_address>
         <size>0xa1c</size>
         <input_file_ref idref="fl-5b"/>
      </object_component>
      <object_component id="oc-14e">
         <name>.debug_info</name>
         <load_address>0x20aa5</load_address>
         <run_address>0x20aa5</run_address>
         <size>0x64f</size>
         <input_file_ref idref="fl-5c"/>
      </object_component>
      <object_component id="oc-152">
         <name>.debug_info</name>
         <load_address>0x210f4</load_address>
         <run_address>0x210f4</run_address>
         <size>0x510</size>
         <input_file_ref idref="fl-5d"/>
      </object_component>
      <object_component id="oc-156">
         <name>.debug_info</name>
         <load_address>0x21604</load_address>
         <run_address>0x21604</run_address>
         <size>0x5ff3</size>
         <input_file_ref idref="fl-5e"/>
      </object_component>
      <object_component id="oc-15b">
         <name>.debug_info</name>
         <load_address>0x275f7</load_address>
         <run_address>0x275f7</run_address>
         <size>0xcc</size>
         <input_file_ref idref="fl-5f"/>
      </object_component>
      <object_component id="oc-160">
         <name>.debug_info</name>
         <load_address>0x276c3</load_address>
         <run_address>0x276c3</run_address>
         <size>0xc3</size>
         <input_file_ref idref="fl-60"/>
      </object_component>
      <object_component id="oc-194">
         <name>.debug_info</name>
         <load_address>0x27786</load_address>
         <run_address>0x27786</run_address>
         <size>0x6e</size>
      </object_component>
      <object_component id="oc-1a">
         <name>.debug_line</name>
         <load_address>0x0</load_address>
         <run_address>0x0</run_address>
         <size>0x19b</size>
         <input_file_ref idref="fl-2"/>
      </object_component>
      <object_component id="oc-21">
         <name>.debug_line</name>
         <load_address>0x19b</load_address>
         <run_address>0x19b</run_address>
         <size>0x40</size>
         <input_file_ref idref="fl-3"/>
      </object_component>
      <object_component id="oc-26">
         <name>.debug_line</name>
         <load_address>0x1db</load_address>
         <run_address>0x1db</run_address>
         <size>0xb4</size>
         <input_file_ref idref="fl-4"/>
      </object_component>
      <object_component id="oc-2b">
         <name>.debug_line</name>
         <load_address>0x28f</load_address>
         <run_address>0x28f</run_address>
         <size>0x63</size>
         <input_file_ref idref="fl-5"/>
      </object_component>
      <object_component id="oc-2f">
         <name>.debug_line</name>
         <load_address>0x2f2</load_address>
         <run_address>0x2f2</run_address>
         <size>0x91</size>
         <input_file_ref idref="fl-6"/>
      </object_component>
      <object_component id="oc-35">
         <name>.debug_line</name>
         <load_address>0x383</load_address>
         <run_address>0x383</run_address>
         <size>0x46</size>
         <input_file_ref idref="fl-7"/>
      </object_component>
      <object_component id="oc-3b">
         <name>.debug_line</name>
         <load_address>0x3c9</load_address>
         <run_address>0x3c9</run_address>
         <size>0xd2</size>
         <input_file_ref idref="fl-8"/>
      </object_component>
      <object_component id="oc-41">
         <name>.debug_line</name>
         <load_address>0x49b</load_address>
         <run_address>0x49b</run_address>
         <size>0x78</size>
         <input_file_ref idref="fl-9"/>
      </object_component>
      <object_component id="oc-45">
         <name>.debug_line</name>
         <load_address>0x513</load_address>
         <run_address>0x513</run_address>
         <size>0x3d</size>
         <input_file_ref idref="fl-a"/>
      </object_component>
      <object_component id="oc-49">
         <name>.debug_line</name>
         <load_address>0x550</load_address>
         <run_address>0x550</run_address>
         <size>0x6e</size>
         <input_file_ref idref="fl-b"/>
      </object_component>
      <object_component id="oc-4f">
         <name>.debug_line</name>
         <load_address>0x5be</load_address>
         <run_address>0x5be</run_address>
         <size>0xb7</size>
         <input_file_ref idref="fl-c"/>
      </object_component>
      <object_component id="oc-53">
         <name>.debug_line</name>
         <load_address>0x675</load_address>
         <run_address>0x675</run_address>
         <size>0x6e</size>
         <input_file_ref idref="fl-d"/>
      </object_component>
      <object_component id="oc-57">
         <name>.debug_line</name>
         <load_address>0x6e3</load_address>
         <run_address>0x6e3</run_address>
         <size>0x8d</size>
         <input_file_ref idref="fl-e"/>
      </object_component>
      <object_component id="oc-5d">
         <name>.debug_line</name>
         <load_address>0x770</load_address>
         <run_address>0x770</run_address>
         <size>0xb7</size>
         <input_file_ref idref="fl-f"/>
      </object_component>
      <object_component id="oc-61">
         <name>.debug_line</name>
         <load_address>0x827</load_address>
         <run_address>0x827</run_address>
         <size>0xf8</size>
         <input_file_ref idref="fl-10"/>
      </object_component>
      <object_component id="oc-67">
         <name>.debug_line</name>
         <load_address>0x91f</load_address>
         <run_address>0x91f</run_address>
         <size>0x5f</size>
         <input_file_ref idref="fl-11"/>
      </object_component>
      <object_component id="oc-6d">
         <name>.debug_line</name>
         <load_address>0x97e</load_address>
         <run_address>0x97e</run_address>
         <size>0x66</size>
         <input_file_ref idref="fl-12"/>
      </object_component>
      <object_component id="oc-74">
         <name>.debug_line</name>
         <load_address>0x9e4</load_address>
         <run_address>0x9e4</run_address>
         <size>0x7c</size>
         <input_file_ref idref="fl-13"/>
      </object_component>
      <object_component id="oc-7a">
         <name>.debug_line</name>
         <load_address>0xa60</load_address>
         <run_address>0xa60</run_address>
         <size>0x6e</size>
         <input_file_ref idref="fl-14"/>
      </object_component>
      <object_component id="oc-80">
         <name>.debug_line</name>
         <load_address>0xace</load_address>
         <run_address>0xace</run_address>
         <size>0x71</size>
         <input_file_ref idref="fl-15"/>
      </object_component>
      <object_component id="oc-86">
         <name>.debug_line</name>
         <load_address>0xb3f</load_address>
         <run_address>0xb3f</run_address>
         <size>0x5d</size>
         <input_file_ref idref="fl-16"/>
      </object_component>
      <object_component id="oc-8a">
         <name>.debug_line</name>
         <load_address>0xb9c</load_address>
         <run_address>0xb9c</run_address>
         <size>0x54</size>
         <input_file_ref idref="fl-2f"/>
      </object_component>
      <object_component id="oc-8e">
         <name>.debug_line</name>
         <load_address>0xbf0</load_address>
         <run_address>0xbf0</run_address>
         <size>0x3c</size>
         <input_file_ref idref="fl-30"/>
      </object_component>
      <object_component id="oc-92">
         <name>.debug_line</name>
         <load_address>0xc2c</load_address>
         <run_address>0xc2c</run_address>
         <size>0x44</size>
         <input_file_ref idref="fl-31"/>
      </object_component>
      <object_component id="oc-99">
         <name>.debug_line</name>
         <load_address>0xc70</load_address>
         <run_address>0xc70</run_address>
         <size>0x51</size>
         <input_file_ref idref="fl-32"/>
      </object_component>
      <object_component id="oc-9d">
         <name>.debug_line</name>
         <load_address>0xcc1</load_address>
         <run_address>0xcc1</run_address>
         <size>0x3c</size>
         <input_file_ref idref="fl-33"/>
      </object_component>
      <object_component id="oc-a4">
         <name>.debug_line</name>
         <load_address>0xcfd</load_address>
         <run_address>0xcfd</run_address>
         <size>0x112</size>
         <input_file_ref idref="fl-34"/>
      </object_component>
      <object_component id="oc-a8">
         <name>.debug_line</name>
         <load_address>0xe0f</load_address>
         <run_address>0xe0f</run_address>
         <size>0x69</size>
         <input_file_ref idref="fl-35"/>
      </object_component>
      <object_component id="oc-ac">
         <name>.debug_line</name>
         <load_address>0xe78</load_address>
         <run_address>0xe78</run_address>
         <size>0x68</size>
         <input_file_ref idref="fl-36"/>
      </object_component>
      <object_component id="oc-b0">
         <name>.debug_line</name>
         <load_address>0xee0</load_address>
         <run_address>0xee0</run_address>
         <size>0x37</size>
         <input_file_ref idref="fl-37"/>
      </object_component>
      <object_component id="oc-b6">
         <name>.debug_line</name>
         <load_address>0xf17</load_address>
         <run_address>0xf17</run_address>
         <size>0x57</size>
         <input_file_ref idref="fl-38"/>
      </object_component>
      <object_component id="oc-bc">
         <name>.debug_line</name>
         <load_address>0xf6e</load_address>
         <run_address>0xf6e</run_address>
         <size>0x328</size>
         <input_file_ref idref="fl-39"/>
      </object_component>
      <object_component id="oc-c0">
         <name>.debug_line</name>
         <load_address>0x1296</load_address>
         <run_address>0x1296</run_address>
         <size>0x41</size>
         <input_file_ref idref="fl-3a"/>
      </object_component>
      <object_component id="oc-c4">
         <name>.debug_line</name>
         <load_address>0x12d7</load_address>
         <run_address>0x12d7</run_address>
         <size>0x46</size>
         <input_file_ref idref="fl-3b"/>
      </object_component>
      <object_component id="oc-c8">
         <name>.debug_line</name>
         <load_address>0x131d</load_address>
         <run_address>0x131d</run_address>
         <size>0x55</size>
         <input_file_ref idref="fl-3c"/>
      </object_component>
      <object_component id="oc-cc">
         <name>.debug_line</name>
         <load_address>0x1372</load_address>
         <run_address>0x1372</run_address>
         <size>0xad</size>
         <input_file_ref idref="fl-3d"/>
      </object_component>
      <object_component id="oc-d6">
         <name>.debug_line</name>
         <load_address>0x141f</load_address>
         <run_address>0x141f</run_address>
         <size>0x5b</size>
         <input_file_ref idref="fl-40"/>
      </object_component>
      <object_component id="oc-da">
         <name>.debug_line</name>
         <load_address>0x147a</load_address>
         <run_address>0x147a</run_address>
         <size>0x3d</size>
         <input_file_ref idref="fl-41"/>
      </object_component>
      <object_component id="oc-de">
         <name>.debug_line</name>
         <load_address>0x14b7</load_address>
         <run_address>0x14b7</run_address>
         <size>0x3d</size>
         <input_file_ref idref="fl-42"/>
      </object_component>
      <object_component id="oc-e3">
         <name>.debug_line</name>
         <load_address>0x14f4</load_address>
         <run_address>0x14f4</run_address>
         <size>0x44</size>
         <input_file_ref idref="fl-43"/>
      </object_component>
      <object_component id="oc-e7">
         <name>.debug_line</name>
         <load_address>0x1538</load_address>
         <run_address>0x1538</run_address>
         <size>0x56</size>
         <input_file_ref idref="fl-44"/>
      </object_component>
      <object_component id="oc-ec">
         <name>.debug_line</name>
         <load_address>0x158e</load_address>
         <run_address>0x158e</run_address>
         <size>0xa6</size>
         <input_file_ref idref="fl-45"/>
      </object_component>
      <object_component id="oc-f0">
         <name>.debug_line</name>
         <load_address>0x1634</load_address>
         <run_address>0x1634</run_address>
         <size>0x40</size>
         <input_file_ref idref="fl-46"/>
      </object_component>
      <object_component id="oc-f4">
         <name>.debug_line</name>
         <load_address>0x1674</load_address>
         <run_address>0x1674</run_address>
         <size>0x38</size>
         <input_file_ref idref="fl-47"/>
      </object_component>
      <object_component id="oc-f8">
         <name>.debug_line</name>
         <load_address>0x16ac</load_address>
         <run_address>0x16ac</run_address>
         <size>0xa8</size>
         <input_file_ref idref="fl-48"/>
      </object_component>
      <object_component id="oc-fe">
         <name>.debug_line</name>
         <load_address>0x1754</load_address>
         <run_address>0x1754</run_address>
         <size>0x1b0</size>
         <input_file_ref idref="fl-49"/>
      </object_component>
      <object_component id="oc-102">
         <name>.debug_line</name>
         <load_address>0x1904</load_address>
         <run_address>0x1904</run_address>
         <size>0x40</size>
         <input_file_ref idref="fl-4a"/>
      </object_component>
      <object_component id="oc-106">
         <name>.debug_line</name>
         <load_address>0x1944</load_address>
         <run_address>0x1944</run_address>
         <size>0x3a</size>
         <input_file_ref idref="fl-4b"/>
      </object_component>
      <object_component id="oc-10a">
         <name>.debug_line</name>
         <load_address>0x197e</load_address>
         <run_address>0x197e</run_address>
         <size>0x54</size>
         <input_file_ref idref="fl-4c"/>
      </object_component>
      <object_component id="oc-10e">
         <name>.debug_line</name>
         <load_address>0x19d2</load_address>
         <run_address>0x19d2</run_address>
         <size>0x3c</size>
         <input_file_ref idref="fl-4d"/>
      </object_component>
      <object_component id="oc-112">
         <name>.debug_line</name>
         <load_address>0x1a0e</load_address>
         <run_address>0x1a0e</run_address>
         <size>0x37</size>
         <input_file_ref idref="fl-4e"/>
      </object_component>
      <object_component id="oc-116">
         <name>.debug_line</name>
         <load_address>0x1a45</load_address>
         <run_address>0x1a45</run_address>
         <size>0x3c</size>
         <input_file_ref idref="fl-4f"/>
      </object_component>
      <object_component id="oc-11a">
         <name>.debug_line</name>
         <load_address>0x1a81</load_address>
         <run_address>0x1a81</run_address>
         <size>0x44</size>
         <input_file_ref idref="fl-50"/>
      </object_component>
      <object_component id="oc-11e">
         <name>.debug_line</name>
         <load_address>0x1ac5</load_address>
         <run_address>0x1ac5</run_address>
         <size>0x37</size>
         <input_file_ref idref="fl-51"/>
      </object_component>
      <object_component id="oc-123">
         <name>.debug_line</name>
         <load_address>0x1afc</load_address>
[...]
         <object_component_ref idref="oc-7d"/>
      </symbol>
      <symbol id="sm-1e8">
         <name>_temp3</name>
         <value>0x3ff0</value>
         <object_component_ref idref="oc-7d"/>
      </symbol>
      <symbol id="sm-1e9">
         <name>_tablica_opoznienia_flanger</name>
         <value>0x3a40</value>
         <object_component_ref idref="oc-7d"/>
      </symbol>
      <symbol id="sm-1ea">
         <name>_faza</name>
         <value>0x3ff4</value>
         <object_component_ref idref="oc-7d"/>
      </symbol>
      <symbol id="sm-1eb">
         <name>_y</name>
         <value>0x3ff6</value>
         <object_component_ref idref="oc-7d"/>
      </symbol>
      <symbol id="sm-1ec">
         <name>_delay_flanger_w_probkach</name>
         <value>0x3a3c</value>
         <object_component_ref idref="oc-7d"/>
      </symbol>
      <symbol id="sm-1fa">
         <name>_gain</name>
         <value>0x46fc</value>
         <object_component_ref idref="oc-83"/>
      </symbol>
      <symbol id="sm-1fb">
         <name>_modulujacy</name>
         <value>0x4700</value>
         <object_component_ref idref="oc-83"/>
      </symbol>
      <symbol id="sm-1fc">
         <name>_faza_t</name>
         <value>0x46f6</value>
         <object_component_ref idref="oc-83"/>
      </symbol>
      <symbol id="sm-1fd">
         <name>_zmodulowany</name>
         <value>0x4704</value>
         <object_component_ref idref="oc-83"/>
      </symbol>
      <symbol id="sm-1fe">
         <name>_y_t</name>
         <value>0x46f8</value>
         <object_component_ref idref="oc-83"/>
      </symbol>
      <symbol id="sm-1ff">
         <name>_tremolo_init</name>
         <value>0x451a6</value>
         <object_component_ref idref="oc-82"/>
      </symbol>
      <symbol id="sm-200">
         <name>_tremolo</name>
         <value>0x451b6</value>
         <object_component_ref idref="oc-82"/>
      </symbol>
      <symbol id="sm-201">
         <name>_omega_t</name>
         <value>0x46f4</value>
         <object_component_ref idref="oc-83"/>
      </symbol>
      <symbol id="sm-20d">
         <name>__sysstack</name>
         <value>0x20c0</value>
         <object_component_ref idref="oc-163"/>
      </symbol>
      <symbol id="sm-20e">
         <name>_c_int00</name>
         <value>0x46081</value>
         <object_component_ref idref="oc-13"/>
      </symbol>
      <symbol id="sm-20f">
         <name>__stack</name>
         <value>0xc0</value>
         <object_component_ref idref="oc-88"/>
      </symbol>
      <symbol id="sm-219">
         <name>__divli</name>
         <value>0x45f71</value>
         <object_component_ref idref="oc-8c"/>
      </symbol>
      <symbol id="sm-224">
         <name>__divul</name>
         <value>0x45721</value>
         <object_component_ref idref="oc-90"/>
      </symbol>
      <symbol id="sm-234">
         <name>C$$EXIT</name>
         <value>0x46195</value>
         <object_component_ref idref="oc-98"/>
      </symbol>
      <symbol id="sm-235">
         <name>_exit</name>
         <value>0x46043</value>
         <object_component_ref idref="oc-94"/>
      </symbol>
      <symbol id="sm-236">
         <name>_abort</name>
         <value>0x46194</value>
         <object_component_ref idref="oc-98"/>
      </symbol>
      <symbol id="sm-237">
         <name>__cleanup_ptr</name>
         <value>0x473c</value>
         <object_component_ref idref="oc-95"/>
      </symbol>
      <symbol id="sm-238">
         <name>__dtors_ptr</name>
         <value>0x4740</value>
         <object_component_ref idref="oc-95"/>
      </symbol>
      <symbol id="sm-240">
         <name>__mpyli</name>
         <value>0x46159</value>
         <object_component_ref idref="oc-9b"/>
      </symbol>
      <symbol id="sm-241">
         <name>I$$LMPY</name>
         <value>0x46159</value>
         <object_component_ref idref="oc-9b"/>
      </symbol>
      <symbol id="sm-251">
         <name>__sys_memory</name>
         <value>0xd834</value>
         <object_component_ref idref="oc-a3"/>
      </symbol>
      <symbol id="sm-252">
         <name>_chkheap</name>
         <value>0x4269a</value>
         <object_component_ref idref="oc-9f"/>
      </symbol>
      <symbol id="sm-253">
         <name>_realloc</name>
         <value>0x42400</value>
         <object_component_ref idref="oc-9f"/>
      </symbol>
      <symbol id="sm-254">
         <name>_free_memory</name>
         <value>0x42633</value>
         <object_component_ref idref="oc-9f"/>
      </symbol>
      <symbol id="sm-255">
         <name>_max_free</name>
         <value>0x425c9</value>
         <object_component_ref idref="oc-9f"/>
      </symbol>
      <symbol id="sm-256">
         <name>_free</name>
         <value>0x421bb</value>
         <object_component_ref idref="oc-9f"/>
      </symbol>
      <symbol id="sm-257">
         <name>_calloc</name>
         <value>0x426a2</value>
         <object_component_ref idref="oc-9f"/>
      </symbol>
      <symbol id="sm-258">
         <name>_malloc</name>
         <value>0x422ff</value>
         <object_component_ref idref="oc-9f"/>
      </symbol>
      <symbol id="sm-259">
         <name>_minit</name>
         <value>0x4228d</value>
         <object_component_ref idref="oc-9f"/>
      </symbol>
      <symbol id="sm-263">
         <name>_printf</name>
         <value>0x45e42</value>
         <object_component_ref idref="oc-a6"/>
      </symbol>
      <symbol id="sm-26d">
         <name>_sprintf</name>
         <value>0x45b8e</value>
         <object_component_ref idref="oc-aa"/>
      </symbol>
      <symbol id="sm-277">
         <name>_Reset</name>
         <value>0x4fe00</value>
         <object_component_ref idref="oc-14"/>
      </symbol>
      <symbol id="sm-285">
         <name>__unlock</name>
         <value>0x4738</value>
         <object_component_ref idref="oc-b3"/>
      </symbol>
      <symbol id="sm-286">
         <name>__lock</name>
         <value>0x4734</value>
         <object_component_ref idref="oc-b3"/>
      </symbol>
      <symbol id="sm-287">
         <name>__register_lock</name>
         <value>0x46174</value>
         <object_component_ref idref="oc-b2"/>
      </symbol>
      <symbol id="sm-288">
         <name>__nop</name>
         <value>0x4617c</value>
         <object_component_ref idref="oc-b2"/>
      </symbol>
      <symbol id="sm-289">
         <name>__register_unlock</name>
         <value>0x4616c</value>
         <object_component_ref idref="oc-b2"/>
      </symbol>
      <symbol id="sm-29b">
         <name>__printfi</name>
         <value>0x41a65</value>
         <object_component_ref idref="oc-b8"/>
      </symbol>
      <symbol id="sm-2a5">
         <name>__args_main</name>
         <value>0x45f28</value>
         <object_component_ref idref="oc-be"/>
      </symbol>
      <symbol id="sm-2a6">
         <name>__TI_args_main</name>
         <value>0x1</value>
      </symbol>
      <symbol id="sm-2b0">
         <name>_atoi</name>
         <value>0x45d93</value>
         <object_component_ref idref="oc-c2"/>
      </symbol>
      <symbol id="sm-2b8">
         <name>_auto_init</name>
         <value>0x45e90</value>
         <object_component_ref idref="oc-c6"/>
      </symbol>
      <symbol id="sm-2c2">
         <name>__eqld</name>
         <value>0x4408d</value>
         <object_component_ref idref="oc-ca"/>
      </symbol>
      <symbol id="sm-2c3">
         <name>__cmpd</name>
         <value>0x440c1</value>
         <object_component_ref idref="oc-ca"/>
      </symbol>
      <symbol id="sm-2c4">
         <name>__neqd</name>
         <value>0x43f2f</value>
         <object_component_ref idref="oc-ca"/>
      </symbol>
      <symbol id="sm-2c5">
         <name>__gtrd</name>
         <value>0x43ff8</value>
         <object_component_ref idref="oc-ca"/>
      </symbol>
      <symbol id="sm-2c6">
         <name>__geqd</name>
         <value>0x44043</value>
         <object_component_ref idref="oc-ca"/>
      </symbol>
      <symbol id="sm-2c7">
         <name>__leqd</name>
         <value>0x43fab</value>
         <object_component_ref idref="oc-ca"/>
      </symbol>
      <symbol id="sm-2c8">
         <name>__lssd</name>
         <value>0x43f63</value>
         <object_component_ref idref="oc-ca"/>
      </symbol>
      <symbol id="sm-2d0">
         <name>__ctypes_</name>
         <value>0xd5a8</value>
         <object_component_ref idref="oc-168"/>
      </symbol>
      <symbol id="sm-2da">
         <name>__tmpnams</name>
         <value>0x40e8</value>
         <object_component_ref idref="oc-d0"/>
      </symbol>
      <symbol id="sm-2db">
         <name>__ft_end</name>
         <value>0x4228</value>
         <object_component_ref idref="oc-d0"/>
      </symbol>
      <symbol id="sm-2dc">
         <name>__ftable</name>
         <value>0x3ff8</value>
         <object_component_ref idref="oc-d0"/>
      </symbol>
      <symbol id="sm-2e8">
         <name>__divd</name>
         <value>0x42c06</value>
         <object_component_ref idref="oc-d4"/>
      </symbol>
      <symbol id="sm-2f2">
         <name>__fixdi</name>
         <value>0x460b5</value>
         <object_component_ref idref="oc-d8"/>
      </symbol>
      <symbol id="sm-2fc">
         <name>__fixdli</name>
         <value>0x45b20</value>
         <object_component_ref idref="oc-dc"/>
      </symbol>
      <symbol id="sm-308">
         <name>__fltlid</name>
         <value>0x45ccc</value>
         <object_component_ref idref="oc-e0"/>
      </symbol>
      <symbol id="sm-312">
         <name>_putchar</name>
         <value>0x45712</value>
         <object_component_ref idref="oc-e5"/>
      </symbol>
      <symbol id="sm-313">
         <name>_putc</name>
         <value>0x4567f</value>
         <object_component_ref idref="oc-e5"/>
      </symbol>
      <symbol id="sm-314">
         <name>_fputc</name>
         <value>0x4567f</value>
         <object_component_ref idref="oc-e5"/>
      </symbol>
      <symbol id="sm-320">
         <name>_puts</name>
         <value>0x445ad</value>
         <object_component_ref idref="oc-e9"/>
      </symbol>
      <symbol id="sm-321">
         <name>_fputs</name>
         <value>0x4445e</value>
         <object_component_ref idref="oc-e9"/>
      </symbol>
      <symbol id="sm-32b">
         <name>__frcmpyd_div</name>
         <value>0x45a3d</value>
         <object_component_ref idref="oc-ee"/>
      </symbol>
      <symbol id="sm-335">
         <name>___isinf</name>
         <value>0x4612b</value>
         <object_component_ref idref="oc-f2"/>
      </symbol>
      <symbol id="sm-33f">
         <name>__divull</name>
         <value>0x43bb0</value>
         <object_component_ref idref="oc-f6"/>
      </symbol>
      <symbol id="sm-340">
         <name>__mpylli</name>
         <value>0x43af9</value>
         <object_component_ref idref="oc-f6"/>
      </symbol>
      <symbol id="sm-341">
         <name>__remlli</name>
         <value>0x43aca</value>
         <object_component_ref idref="oc-f6"/>
      </symbol>
      <symbol id="sm-342">
         <name>__divlli</name>
         <value>0x43ca4</value>
         <object_component_ref idref="oc-f6"/>
      </symbol>
      <symbol id="sm-343">
         <name>__remull</name>
         <value>0x43a7c</value>
         <object_component_ref idref="oc-f6"/>
      </symbol>
      <symbol id="sm-354">
         <name>_add_device</name>
         <value>0x42b1e</value>
         <object_component_ref idref="oc-fa"/>
      </symbol>
      <symbol id="sm-355">
         <name>_rename</name>
         <value>0x4284f</value>
         <object_component_ref idref="oc-fa"/>
      </symbol>
      <symbol id="sm-356">
         <name>_read</name>
         <value>0x428da</value>
         <object_component_ref idref="oc-fa"/>
      </symbol>
      <symbol id="sm-357">
         <name>_unlink</name>
         <value>0x4281b</value>
         <object_component_ref idref="oc-fa"/>
      </symbol>
      <symbol id="sm-358">
         <name>_remove_device</name>
         <value>0x428a6</value>
         <object_component_ref idref="oc-fa"/>
      </symbol>
      <symbol id="sm-359">
         <name>_open</name>
         <value>0x42984</value>
         <object_component_ref idref="oc-fa"/>
      </symbol>
      <symbol id="sm-35a">
         <name>_find_registered_device</name>
         <value>0x42aa5</value>
         <object_component_ref idref="oc-fa"/>
      </symbol>
      <symbol id="sm-35b">
         <name>_lseek</name>
         <value>0x42a41</value>
         <object_component_ref idref="oc-fa"/>
      </symbol>
      <symbol id="sm-35c">
         <name>_close</name>
         <value>0x42aae</value>
         <object_component_ref idref="oc-fa"/>
      </symbol>
      <symbol id="sm-35d">
         <name>_write</name>
         <value>0x426ee</value>
         <object_component_ref idref="oc-fa"/>
      </symbol>
      <symbol id="sm-367">
         <name>_ltoa</name>
         <value>0x458d8</value>
         <object_component_ref idref="oc-100"/>
      </symbol>
      <symbol id="sm-372">
         <name>_memccpy</name>
         <value>0x46109</value>
         <object_component_ref idref="oc-104"/>
      </symbol>
      <symbol id="sm-37c">
         <name>_memcpy</name>
         <value>0x45dec</value>
         <object_component_ref idref="oc-108"/>
      </symbol>
      <symbol id="sm-386">
         <name>__mpyd</name>
         <value>0x44a1c</value>
         <object_component_ref idref="oc-10c"/>
      </symbol>
      <symbol id="sm-390">
         <name>__negd</name>
         <value>0x3ffef</value>
         <object_component_ref idref="oc-110"/>
      </symbol>
      <symbol id="sm-39a">
         <name>__remli</name>
         <value>0x45edd</value>
         <object_component_ref idref="oc-114"/>
      </symbol>
      <symbol id="sm-3a5">
         <name>__remul</name>
         <value>0x45ab0</value>
         <object_component_ref idref="oc-118"/>
      </symbol>
      <symbol id="sm-3af">
         <name>__subd</name>
         <value>0x46145</value>
         <object_component_ref idref="oc-11c"/>
      </symbol>
      <symbol id="sm-3bb">
         <name>_HOSTopen</name>
         <value>0x41f9c</value>
         <object_component_ref idref="oc-120"/>
      </symbol>
      <symbol id="sm-3bc">
         <name>_HOSTread</name>
         <value>0x41f11</value>
         <object_component_ref idref="oc-120"/>
      </symbol>
      <symbol id="sm-3bd">
         <name>_HOSTtime</name>
         <value>0x41dfa</value>
         <object_component_ref idref="oc-120"/>
      </symbol>
      <symbol id="sm-3be">
         <name>_getenv</name>
         <value>0x41c83</value>
         <object_component_ref idref="oc-120"/>
      </symbol>
      <symbol id="sm-3bf">
         <name>_HOSTrename</name>
         <value>0x41e58</value>
         <object_component_ref idref="oc-120"/>
      </symbol>
      <symbol id="sm-3c0">
         <name>_HOSTclock</name>
         <value>0x4215d</value>
         <object_component_ref idref="oc-120"/>
      </symbol>
      <symbol id="sm-3c1">
         <name>_HOSTwrite</name>
         <value>0x41d03</value>
         <object_component_ref idref="oc-120"/>
      </symbol>
      <symbol id="sm-3c2">
         <name>_HOSTlseek</name>
         <value>0x4203d</value>
         <object_component_ref idref="oc-120"/>
      </symbol>
      <symbol id="sm-3c3">
         <name>_HOSTunlink</name>
         <value>0x41d8e</value>
         <object_component_ref idref="oc-120"/>
      </symbol>
      <symbol id="sm-3c4">
         <name>_HOSTclose</name>
         <value>0x420f2</value>
         <object_component_ref idref="oc-120"/>
      </symbol>
      <symbol id="sm-3d6">
         <name>C$$IO$$</name>
         <value>0x4550a</value>
         <object_component_ref idref="oc-128"/>
      </symbol>
      <symbol id="sm-3d7">
         <name>__CIOBUF_</name>
         <value>0x40510</value>
         <object_component_ref idref="oc-127"/>
      </symbol>
      <symbol id="sm-3d8">
         <name>_readmsg</name>
         <value>0x45bf9</value>
         <object_component_ref idref="oc-125"/>
      </symbol>
      <symbol id="sm-3d9">
         <name>_writemsg</name>
         <value>0x45451</value>
         <object_component_ref idref="oc-128"/>
      </symbol>
      <symbol id="sm-3e1">
         <name>__remu</name>
         <value>0x460f4</value>
         <object_component_ref idref="oc-12b"/>
      </symbol>
      <symbol id="sm-3e2">
         <name>__divu</name>
         <value>0x460df</value>
         <object_component_ref idref="oc-12b"/>
      </symbol>
      <symbol id="sm-3e3">
         <name>I$$UMOD</name>
         <value>0x460f4</value>
         <object_component_ref idref="oc-12b"/>
      </symbol>
      <symbol id="sm-3e4">
         <name>I$$UDIV</name>
         <value>0x460df</value>
         <object_component_ref idref="oc-12b"/>
      </symbol>
      <symbol id="sm-3ee">
         <name>__rd_ok</name>
         <value>0x453f4</value>
         <object_component_ref idref="oc-12f"/>
      </symbol>
      <symbol id="sm-3ef">
         <name>__wrt_ok</name>
         <value>0x45377</value>
         <object_component_ref idref="oc-12f"/>
      </symbol>
      <symbol id="sm-3f9">
         <name>__addd</name>
         <value>0x43cd8</value>
         <object_component_ref idref="oc-133"/>
      </symbol>
      <symbol id="sm-403">
         <name>__doflush</name>
         <value>0x4550f</value>
         <object_component_ref idref="oc-137"/>
      </symbol>
      <symbol id="sm-404">
         <name>_fflush</name>
         <value>0x45571</value>
         <object_component_ref idref="oc-137"/>
      </symbol>
      <symbol id="sm-40e">
         <name>__frcmpyd</name>
         <value>0x459c7</value>
         <object_component_ref idref="oc-13b"/>
      </symbol>
      <symbol id="sm-418">
         <name>_fseek</name>
         <value>0x45c64</value>
         <object_component_ref idref="oc-13f"/>
      </symbol>
      <symbol id="sm-422">
         <name>_setvbuf</name>
         <value>0x44fc8</value>
         <object_component_ref idref="oc-143"/>
      </symbol>
      <symbol id="sm-431">
         <name>__cleanup</name>
         <value>0x43925</value>
         <object_component_ref idref="oc-147"/>
      </symbol>
      <symbol id="sm-432">
         <name>_fopen</name>
         <value>0x43a43</value>
         <object_component_ref idref="oc-147"/>
      </symbol>
      <symbol id="sm-433">
         <name>_freopen</name>
         <value>0x4397d</value>
         <object_component_ref idref="oc-147"/>
      </symbol>
      <symbol id="sm-43d">
         <name>_fclose</name>
         <value>0x45951</value>
         <object_component_ref idref="oc-14d"/>
      </symbol>
      <symbol id="sm-447">
         <name>_remove</name>
         <value>0x4618a</value>
         <object_component_ref idref="oc-151"/>
      </symbol>
      <symbol id="sm-46c">
         <name>_PLL_reset</name>
         <value>0x4351c</value>
         <object_component_ref idref="oc-155"/>
      </symbol>
      <symbol id="sm-46d">
         <name>_PLL_bypass</name>
         <value>0x434cd</value>
         <object_component_ref idref="oc-155"/>
      </symbol>
      <symbol id="sm-46e">
         <name>_PLL_enable</name>
         <value>0x43466</value>
         <object_component_ref idref="oc-155"/>
      </symbol>
      <symbol id="sm-46f">
         <name>_PLL_config</name>
         <value>0x4333d</value>
         <object_component_ref idref="oc-155"/>
      </symbol>
      <symbol id="sm-470">
         <name>_PLL_init</name>
         <value>0x43305</value>
         <object_component_ref idref="oc-155"/>
      </symbol>
      <symbol id="sm-47e">
         <name>_iircas51</name>
         <value>0x45858</value>
         <object_component_ref idref="oc-15a"/>
      </symbol>
      <symbol id="sm-48b">
         <name>_sine</name>
         <value>0x45d33</value>
         <object_component_ref idref="oc-15e"/>
      </symbol>
   </symbol_table>
</link_info>
