<?xml version="1.0"?>
<link_info>
   <banner>TMS320C55x Linker PC v4.4.1</banner>
   <copyright>Copyright (c) 1996-2012 Texas Instruments Incorporated</copyright>
   <link_time>0x584eee35</link_time>
   <output_file>DSP_Inzynierka.out</output_file>
   <entry_point>
      <name>_c_int00</name>
      <address>0x46f5e</address>
   </entry_point>
   <input_file_list>
      <input_file id="fl-2">
         <path>.\</path>
         <kind>object</kind>
         <file>EffectsList.obj</file>
         <name>EffectsList.obj</name>
      </input_file>
      <input_file id="fl-3">
         <path>.\</path>
         <kind>object</kind>
         <file>main.obj</file>
         <name>main.obj</name>
      </input_file>
      <input_file id="fl-4">
         <path>.\</path>
         <kind>object</kind>
         <file>pushbuttons5515.obj</file>
         <name>pushbuttons5515.obj</name>
      </input_file>
      <input_file id="fl-5">
         <path>.\Delay\</path>
         <kind>object</kind>
         <file>delay.obj</file>
         <name>delay.obj</name>
      </input_file>
      <input_file id="fl-6">
         <path>.\Delay2\</path>
         <kind>object</kind>
         <file>delay2.obj</file>
         <name>delay2.obj</name>
      </input_file>
      <input_file id="fl-7">
         <path>.\Distortion\</path>
         <kind>object</kind>
         <file>distortion.obj</file>
         <name>distortion.obj</name>
      </input_file>
      <input_file id="fl-8">
         <path>.\Flanger_Chorus\</path>
         <kind>object</kind>
         <file>Chorus.obj</file>
         <name>Chorus.obj</name>
      </input_file>
      <input_file id="fl-9">
         <path>.\Flanger_Chorus\</path>
         <kind>object</kind>
         <file>flanger.obj</file>
         <name>flanger.obj</name>
      </input_file>
      <input_file id="fl-a">
         <path>.\Tremolo\</path>
         <kind>object</kind>
         <file>tremolo.obj</file>
         <name>tremolo.obj</name>
      </input_file>
      <input_file id="fl-24">
         <path>E:\Zainstalowane Programy\ti\ccsv6\tools\compiler\c5500_4.4.1\lib\</path>
         <kind>archive</kind>
         <file>rts55h.lib</file>
         <name>boot.obj</name>
      </input_file>
      <input_file id="fl-25">
         <path>E:\Zainstalowane Programy\ti\ccsv6\tools\compiler\c5500_4.4.1\lib\</path>
         <kind>archive</kind>
         <file>rts55h.lib</file>
         <name>divli.obj</name>
      </input_file>
      <input_file id="fl-26">
         <path>E:\Zainstalowane Programy\ti\ccsv6\tools\compiler\c5500_4.4.1\lib\</path>
         <kind>archive</kind>
         <file>rts55h.lib</file>
         <name>divul.obj</name>
      </input_file>
      <input_file id="fl-27">
         <path>E:\Zainstalowane Programy\ti\ccsv6\tools\compiler\c5500_4.4.1\lib\</path>
         <kind>archive</kind>
         <file>rts55h.lib</file>
         <name>exit.obj</name>
      </input_file>
      <input_file id="fl-28">
         <path>E:\Zainstalowane Programy\ti\ccsv6\tools\compiler\c5500_4.4.1\lib\</path>
         <kind>archive</kind>
         <file>rts55h.lib</file>
         <name>idiv.obj</name>
      </input_file>
      <input_file id="fl-29">
         <path>E:\Zainstalowane Programy\ti\ccsv6\tools\compiler\c5500_4.4.1\lib\</path>
         <kind>archive</kind>
         <file>rts55h.lib</file>
         <name>lmpy.obj</name>
      </input_file>
      <input_file id="fl-2a">
         <path>E:\Zainstalowane Programy\ti\ccsv6\tools\compiler\c5500_4.4.1\lib\</path>
         <kind>archive</kind>
         <file>rts55h.lib</file>
         <name>memory.obj</name>
      </input_file>
      <input_file id="fl-2b">
         <path>E:\Zainstalowane Programy\ti\ccsv6\tools\compiler\c5500_4.4.1\lib\</path>
         <kind>archive</kind>
         <file>rts55h.lib</file>
         <name>sprintf.obj</name>
      </input_file>
      <input_file id="fl-2c">
         <path>E:\Zainstalowane Programy\ti\ccsv6\tools\compiler\c5500_4.4.1\lib\</path>
         <kind>archive</kind>
         <file>rts55h.lib</file>
         <name>strcpy.obj</name>
      </input_file>
      <input_file id="fl-2d">
         <path>E:\Zainstalowane Programy\ti\ccsv6\tools\compiler\c5500_4.4.1\lib\</path>
         <kind>archive</kind>
         <file>rts55h.lib</file>
         <name>vectors.obj</name>
      </input_file>
      <input_file id="fl-2e">
         <path>E:\Zainstalowane Programy\ti\ccsv6\tools\compiler\c5500_4.4.1\lib\</path>
         <kind>archive</kind>
         <file>rts55h.lib</file>
         <name>_lock.obj</name>
      </input_file>
      <input_file id="fl-2f">
         <path>E:\Zainstalowane Programy\ti\ccsv6\tools\compiler\c5500_4.4.1\lib\</path>
         <kind>archive</kind>
         <file>rts55h.lib</file>
         <name>_printfi.obj</name>
      </input_file>
      <input_file id="fl-30">
         <path>E:\Zainstalowane Programy\ti\ccsv6\tools\compiler\c5500_4.4.1\lib\</path>
         <kind>archive</kind>
         <file>rts55h.lib</file>
         <name>args_main.obj</name>
      </input_file>
      <input_file id="fl-31">
         <path>E:\Zainstalowane Programy\ti\ccsv6\tools\compiler\c5500_4.4.1\lib\</path>
         <kind>archive</kind>
         <file>rts55h.lib</file>
         <name>atoi.obj</name>
      </input_file>
      <input_file id="fl-32">
         <path>E:\Zainstalowane Programy\ti\ccsv6\tools\compiler\c5500_4.4.1\lib\</path>
         <kind>archive</kind>
         <file>rts55h.lib</file>
         <name>autoinit.obj</name>
      </input_file>
      <input_file id="fl-33">
         <path>E:\Zainstalowane Programy\ti\ccsv6\tools\compiler\c5500_4.4.1\lib\</path>
         <kind>archive</kind>
         <file>rts55h.lib</file>
         <name>cmpd.obj</name>
      </input_file>
      <input_file id="fl-34">
         <path>E:\Zainstalowane Programy\ti\ccsv6\tools\compiler\c5500_4.4.1\lib\</path>
         <kind>archive</kind>
         <file>rts55h.lib</file>
         <name>ctype.obj</name>
      </input_file>
      <input_file id="fl-35">
         <path>E:\Zainstalowane Programy\ti\ccsv6\tools\compiler\c5500_4.4.1\lib\</path>
         <kind>archive</kind>
         <file>rts55h.lib</file>
         <name>divd.obj</name>
      </input_file>
      <input_file id="fl-36">
         <path>E:\Zainstalowane Programy\ti\ccsv6\tools\compiler\c5500_4.4.1\lib\</path>
         <kind>archive</kind>
         <file>rts55h.lib</file>
         <name>fixdi.obj</name>
      </input_file>
      <input_file id="fl-37">
         <path>E:\Zainstalowane Programy\ti\ccsv6\tools\compiler\c5500_4.4.1\lib\</path>
         <kind>archive</kind>
         <file>rts55h.lib</file>
         <name>fixdli.obj</name>
      </input_file>
      <input_file id="fl-38">
         <path>E:\Zainstalowane Programy\ti\ccsv6\tools\compiler\c5500_4.4.1\lib\</path>
         <kind>archive</kind>
         <file>rts55h.lib</file>
         <name>fltlid.obj</name>
      </input_file>
      <input_file id="fl-39">
         <path>E:\Zainstalowane Programy\ti\ccsv6\tools\compiler\c5500_4.4.1\lib\</path>
         <kind>archive</kind>
         <file>rts55h.lib</file>
         <name>frcmpyd_div.obj</name>
      </input_file>
      <input_file id="fl-3a">
         <path>E:\Zainstalowane Programy\ti\ccsv6\tools\compiler\c5500_4.4.1\lib\</path>
         <kind>archive</kind>
         <file>rts55h.lib</file>
         <name>isinf.obj</name>
      </input_file>
      <input_file id="fl-3b">
         <path>E:\Zainstalowane Programy\ti\ccsv6\tools\compiler\c5500_4.4.1\lib\</path>
         <kind>archive</kind>
         <file>rts55h.lib</file>
         <name>llmpy.obj</name>
      </input_file>
      <input_file id="fl-3c">
         <path>E:\Zainstalowane Programy\ti\ccsv6\tools\compiler\c5500_4.4.1\lib\</path>
         <kind>archive</kind>
         <file>rts55h.lib</file>
         <name>ltoa.obj</name>
      </input_file>
      <input_file id="fl-3d">
         <path>E:\Zainstalowane Programy\ti\ccsv6\tools\compiler\c5500_4.4.1\lib\</path>
         <kind>archive</kind>
         <file>rts55h.lib</file>
         <name>memccpy.obj</name>
      </input_file>
      <input_file id="fl-3e">
         <path>E:\Zainstalowane Programy\ti\ccsv6\tools\compiler\c5500_4.4.1\lib\</path>
         <kind>archive</kind>
         <file>rts55h.lib</file>
         <name>memcpy.obj</name>
      </input_file>
      <input_file id="fl-3f">
         <path>E:\Zainstalowane Programy\ti\ccsv6\tools\compiler\c5500_4.4.1\lib\</path>
         <kind>archive</kind>
         <file>rts55h.lib</file>
         <name>mpyd.obj</name>
      </input_file>
      <input_file id="fl-40">
         <path>E:\Zainstalowane Programy\ti\ccsv6\tools\compiler\c5500_4.4.1\lib\</path>
         <kind>archive</kind>
         <file>rts55h.lib</file>
         <name>negd.obj</name>
      </input_file>
      <input_file id="fl-41">
         <path>E:\Zainstalowane Programy\ti\ccsv6\tools\compiler\c5500_4.4.1\lib\</path>
         <kind>archive</kind>
         <file>rts55h.lib</file>
         <name>remli.obj</name>
      </input_file>
      <input_file id="fl-42">
         <path>E:\Zainstalowane Programy\ti\ccsv6\tools\compiler\c5500_4.4.1\lib\</path>
         <kind>archive</kind>
         <file>rts55h.lib</file>
         <name>remul.obj</name>
      </input_file>
      <input_file id="fl-43">
         <path>E:\Zainstalowane Programy\ti\ccsv6\tools\compiler\c5500_4.4.1\lib\</path>
         <kind>archive</kind>
         <file>rts55h.lib</file>
         <name>subd.obj</name>
      </input_file>
      <input_file id="fl-44">
         <path>E:\Zainstalowane Programy\ti\ccsv6\tools\compiler\c5500_4.4.1\lib\</path>
         <kind>archive</kind>
         <file>rts55h.lib</file>
         <name>udiv.obj</name>
      </input_file>
      <input_file id="fl-45">
         <path>E:\Zainstalowane Programy\ti\ccsv6\tools\compiler\c5500_4.4.1\lib\</path>
         <kind>archive</kind>
         <file>rts55h.lib</file>
         <name>addd.obj</name>
      </input_file>
      <input_file id="fl-46">
         <path>E:\Zainstalowane Programy\ti\ccsv6\tools\compiler\c5500_4.4.1\lib\</path>
         <kind>archive</kind>
         <file>rts55h.lib</file>
         <name>frcmpyd.obj</name>
      </input_file>
      <input_file id="fl-47">
         <path>C:\Users\Rino Reyns\Desktop\DSP_Inzynierka\common5535\Debug\</path>
         <kind>archive</kind>
         <file>common5535.lib</file>
         <name>PLL.obj</name>
      </input_file>
      <input_file id="fl-48">
         <path>C:\Users\Rino Reyns\Desktop\DSP_Inzynierka\common5535\Debug\</path>
         <kind>archive</kind>
         <file>common5535.lib</file>
         <name>aic3204.obj</name>
      </input_file>
      <input_file id="fl-49">
         <path>C:\Users\Rino Reyns\Desktop\DSP_Inzynierka\common5535\Debug\</path>
         <kind>archive</kind>
         <file>common5535.lib</file>
         <name>aic3204_init.obj</name>
      </input_file>
      <input_file id="fl-4a">
         <path>C:\Users\Rino Reyns\Desktop\DSP_Inzynierka\common5535\Debug\</path>
         <kind>archive</kind>
         <file>common5535.lib</file>
         <name>bargraph5515.obj</name>
      </input_file>
      <input_file id="fl-4b">
         <path>C:\Users\Rino Reyns\Desktop\DSP_Inzynierka\common5535\Debug\</path>
         <kind>archive</kind>
         <file>common5535.lib</file>
         <name>oled5515.obj</name>
      </input_file>
      <input_file id="fl-4c">
         <path>C:\Users\Rino Reyns\Desktop\DSP_Inzynierka\common5535\Debug\</path>
         <kind>archive</kind>
         <file>common5535.lib</file>
         <name>stereo.obj</name>
      </input_file>
      <input_file id="fl-4d">
         <path>C:\Users\Rino Reyns\Desktop\DSP_Inzynierka\common5535\Debug\</path>
         <kind>archive</kind>
         <file>common5535.lib</file>
         <name>usbstk5505.obj</name>
      </input_file>
      <input_file id="fl-4e">
         <path>C:\Users\Rino Reyns\Desktop\DSP_Inzynierka\common5535\Debug\</path>
         <kind>archive</kind>
         <file>common5535.lib</file>
         <name>usbstk5505_i2c.obj</name>
      </input_file>
      <input_file id="fl-4f">
         <path>C:\Users\Rino Reyns\Desktop\DSP_Inzynierka\common5535\Debug\</path>
         <kind>archive</kind>
         <file>common5535.lib</file>
         <name>usbstk5515.obj</name>
      </input_file>
      <input_file id="fl-50">
         <path>C:\Users\Rino Reyns\Desktop\DSP_Inzynierka\common5535\Debug\</path>
         <kind>archive</kind>
         <file>common5535.lib</file>
         <name>usbstk5515_gpio.obj</name>
      </input_file>
      <input_file id="fl-51">
         <path>C:\Users\Rino Reyns\Desktop\DSP_Inzynierka\common5535\Debug\</path>
         <kind>archive</kind>
         <file>common5535.lib</file>
         <name>usbstk5515_i2c.obj</name>
      </input_file>
      <input_file id="fl-52">
         <path>C:\Users\Rino Reyns\Desktop\DSP_Inzynierka\common5535\Debug\</path>
         <kind>archive</kind>
         <file>common5535.lib</file>
         <name>usbstk5515_led.obj</name>
      </input_file>
      <input_file id="fl-53">
         <path>C:\Users\Rino Reyns\Desktop\DSP_Inzynierka\lib\</path>
         <kind>archive</kind>
         <file>CSLc55x5h.lib</file>
         <name>csl_pll.obj</name>
      </input_file>
      <input_file id="fl-54">
         <path>C:\Users\Rino Reyns\Desktop\DSP_Inzynierka\lib\</path>
         <kind>archive</kind>
         <file>55xdsph.lib</file>
         <name>iircas51.obj</name>
      </input_file>
      <input_file id="fl-55">
         <path>C:\Users\Rino Reyns\Desktop\DSP_Inzynierka\lib\</path>
         <kind>archive</kind>
         <file>55xdsph.lib</file>
         <name>sine.obj</name>
      </input_file>
      <input_file id="fl-56">
         <path>E:\Zainstalowane Programy\ti\ccsv6\tools\compiler\c5500_4.4.1\lib\</path>
         <kind>archive</kind>
         <file>rts55h.lib</file>
         <name>printf.obj</name>
      </input_file>
      <input_file id="fl-57">
         <path>E:\Zainstalowane Programy\ti\ccsv6\tools\compiler\c5500_4.4.1\lib\</path>
         <kind>archive</kind>
         <file>rts55h.lib</file>
         <name>defs.obj</name>
      </input_file>
      <input_file id="fl-58">
         <path>E:\Zainstalowane Programy\ti\ccsv6\tools\compiler\c5500_4.4.1\lib\</path>
         <kind>archive</kind>
         <file>rts55h.lib</file>
         <name>fputc.obj</name>
      </input_file>
      <input_file id="fl-59">
         <path>E:\Zainstalowane Programy\ti\ccsv6\tools\compiler\c5500_4.4.1\lib\</path>
         <kind>archive</kind>
         <file>rts55h.lib</file>
         <name>fputs.obj</name>
      </input_file>
      <input_file id="fl-5a">
         <path>E:\Zainstalowane Programy\ti\ccsv6\tools\compiler\c5500_4.4.1\lib\</path>
         <kind>archive</kind>
         <file>rts55h.lib</file>
         <name>lowlev.obj</name>
      </input_file>
      <input_file id="fl-5b">
         <path>E:\Zainstalowane Programy\ti\ccsv6\tools\compiler\c5500_4.4.1\lib\</path>
         <kind>archive</kind>
         <file>rts55h.lib</file>
         <name>trgdrv.obj</name>
      </input_file>
      <input_file id="fl-5c">
         <path>E:\Zainstalowane Programy\ti\ccsv6\tools\compiler\c5500_4.4.1\lib\</path>
         <kind>archive</kind>
         <file>rts55h.lib</file>
         <name>trgmsg.obj</name>
      </input_file>
      <input_file id="fl-5d">
         <path>E:\Zainstalowane Programy\ti\ccsv6\tools\compiler\c5500_4.4.1\lib\</path>
         <kind>archive</kind>
         <file>rts55h.lib</file>
         <name>_io_perm.obj</name>
      </input_file>
      <input_file id="fl-5e">
         <path>E:\Zainstalowane Programy\ti\ccsv6\tools\compiler\c5500_4.4.1\lib\</path>
         <kind>archive</kind>
         <file>rts55h.lib</file>
         <name>fflush.obj</name>
      </input_file>
      <input_file id="fl-5f">
         <path>E:\Zainstalowane Programy\ti\ccsv6\tools\compiler\c5500_4.4.1\lib\</path>
         <kind>archive</kind>
         <file>rts55h.lib</file>
         <name>fseek.obj</name>
      </input_file>
      <input_file id="fl-60">
         <path>E:\Zainstalowane Programy\ti\ccsv6\tools\compiler\c5500_4.4.1\lib\</path>
         <kind>archive</kind>
         <file>rts55h.lib</file>
         <name>setvbuf.obj</name>
      </input_file>
      <input_file id="fl-61">
         <path>E:\Zainstalowane Programy\ti\ccsv6\tools\compiler\c5500_4.4.1\lib\</path>
         <kind>archive</kind>
         <file>rts55h.lib</file>
         <name>fopen.obj</name>
      </input_file>
      <input_file id="fl-62">
         <path>E:\Zainstalowane Programy\ti\ccsv6\tools\compiler\c5500_4.4.1\lib\</path>
         <kind>archive</kind>
         <file>rts55h.lib</file>
         <name>fclose.obj</name>
      </input_file>
      <input_file id="fl-63">
         <path>E:\Zainstalowane Programy\ti\ccsv6\tools\compiler\c5500_4.4.1\lib\</path>
         <kind>archive</kind>
         <file>rts55h.lib</file>
         <name>remove.obj</name>
      </input_file>
   </input_file_list>
   <object_component_list>
      <object_component id="oc-f9">
         <name>.text</name>
         <load_address>0x3ec54</load_address>
         <run_address>0x3ec54</run_address>
         <size>0x53a</size>
         <input_file_ref idref="fl-49"/>
      </object_component>
      <object_component id="oc-157">
         <name>.text</name>
         <load_address>0x3f18e</load_address>
         <run_address>0x3f18e</run_address>
         <size>0x538</size>
         <input_file_ref idref="fl-5b"/>
      </object_component>
      <object_component id="oc-71">
         <name>.text</name>
         <load_address>0x3f6c6</load_address>
         <run_address>0x3f6c6</run_address>
         <size>0x533</size>
         <input_file_ref idref="fl-2a"/>
      </object_component>
      <object_component id="oc-a2">
         <name>.text</name>
         <load_address>0x3fbf9</load_address>
         <run_address>0x3fbf9</run_address>
         <size>0x3c7</size>
         <input_file_ref idref="fl-35"/>
      </object_component>
      <object_component id="oc-62">
         <name>.text</name>
         <load_address>0x3ffc0</load_address>
         <run_address>0x3ffc0</run_address>
         <size>0x3e</size>
         <input_file_ref idref="fl-27"/>
      </object_component>
      <object_component id="oc-15">
         <name>.text</name>
         <load_address>0x40738</load_address>
         <run_address>0x40738</run_address>
         <size>0x15d0</size>
         <input_file_ref idref="fl-2"/>
      </object_component>
      <object_component id="oc-8a">
         <name>.text</name>
         <load_address>0x41d08</load_address>
         <run_address>0x41d08</run_address>
         <size>0x1533</size>
         <input_file_ref idref="fl-2f"/>
      </object_component>
      <object_component id="oc-151">
         <name>.text</name>
         <load_address>0x4323b</load_address>
         <run_address>0x4323b</run_address>
         <size>0x518</size>
         <input_file_ref idref="fl-5a"/>
      </object_component>
      <object_component id="oc-104">
         <name>.text</name>
         <load_address>0x43753</load_address>
         <run_address>0x43753</run_address>
         <size>0x34b</size>
         <input_file_ref idref="fl-4b"/>
      </object_component>
      <object_component id="oc-eb">
         <name>.text</name>
         <load_address>0x43a9e</load_address>
         <run_address>0x43a9e</run_address>
         <size>0x340</size>
         <input_file_ref idref="fl-47"/>
      </object_component>
      <object_component id="oc-41">
         <name>.text</name>
         <load_address>0x43dde</load_address>
         <run_address>0x43dde</run_address>
         <size>0x2de</size>
         <input_file_ref idref="fl-8"/>
      </object_component>
      <object_component id="oc-132">
         <name>.text</name>
         <load_address>0x440bc</load_address>
         <run_address>0x440bc</run_address>
         <size>0x2ad</size>
         <input_file_ref idref="fl-53"/>
      </object_component>
      <object_component id="oc-172">
         <name>.text</name>
         <load_address>0x44369</load_address>
         <run_address>0x44369</run_address>
         <size>0x26c</size>
         <input_file_ref idref="fl-61"/>
      </object_component>
      <object_component id="oc-ff">
         <name>.text</name>
         <load_address>0x445d5</load_address>
         <run_address>0x445d5</run_address>
         <size>0x25c</size>
         <input_file_ref idref="fl-4a"/>
      </object_component>
      <object_component id="oc-bb">
         <name>.text</name>
         <load_address>0x44831</load_address>
         <run_address>0x44831</run_address>
         <size>0x25c</size>
         <input_file_ref idref="fl-3b"/>
      </object_component>
      <object_component id="oc-e3">
         <name>.text</name>
         <load_address>0x44a8d</load_address>
         <run_address>0x44a8d</run_address>
         <size>0x257</size>
         <input_file_ref idref="fl-45"/>
      </object_component>
      <object_component id="oc-39">
         <name>.text</name>
         <load_address>0x44ce4</load_address>
         <run_address>0x44ce4</run_address>
         <size>0x248</size>
         <input_file_ref idref="fl-7"/>
      </object_component>
      <object_component id="oc-48">
         <name>.text</name>
         <load_address>0x44f2c</load_address>
         <run_address>0x44f2c</run_address>
         <size>0x212</size>
         <input_file_ref idref="fl-9"/>
      </object_component>
      <object_component id="oc-9c">
         <name>.text</name>
         <load_address>0x4513e</load_address>
         <run_address>0x4513e</run_address>
         <size>0x1ea</size>
         <input_file_ref idref="fl-33"/>
      </object_component>
      <object_component id="oc-12d">
         <name>.text</name>
         <load_address>0x45328</load_address>
         <run_address>0x45328</run_address>
         <size>0x1c9</size>
         <input_file_ref idref="fl-52"/>
      </object_component>
      <object_component id="oc-24">
         <name>.text</name>
         <load_address>0x454f1</load_address>
         <run_address>0x454f1</run_address>
         <size>0x1a0</size>
         <input_file_ref idref="fl-4"/>
      </object_component>
      <object_component id="oc-32">
         <name>.text</name>
         <load_address>0x45691</load_address>
         <run_address>0x45691</run_address>
         <size>0x180</size>
         <input_file_ref idref="fl-6"/>
      </object_component>
      <object_component id="oc-14c">
         <name>.text</name>
         <load_address>0x45811</load_address>
         <run_address>0x45811</run_address>
         <size>0x17b</size>
         <input_file_ref idref="fl-59"/>
      </object_component>
      <object_component id="oc-4f">
         <name>.text</name>
         <load_address>0x4598c</load_address>
         <run_address>0x4598c</run_address>
         <size>0x15c</size>
         <input_file_ref idref="fl-a"/>
      </object_component>
      <object_component id="oc-121">
         <name>.text</name>
         <load_address>0x45ae8</load_address>
         <run_address>0x45ae8</run_address>
         <size>0x156</size>
         <input_file_ref idref="fl-50"/>
      </object_component>
      <object_component id="oc-cb">
         <name>.text</name>
         <load_address>0x45c3e</load_address>
         <run_address>0x45c3e</run_address>
         <size>0x14b</size>
         <input_file_ref idref="fl-3f"/>
      </object_component>
      <object_component id="oc-126">
         <name>.text</name>
         <load_address>0x45d89</load_address>
         <run_address>0x45d89</run_address>
         <size>0x13e</size>
         <input_file_ref idref="fl-51"/>
      </object_component>
      <object_component id="oc-115">
         <name>.text</name>
         <load_address>0x45ec7</load_address>
         <run_address>0x45ec7</run_address>
         <size>0x12a</size>
         <input_file_ref idref="fl-4e"/>
      </object_component>
      <object_component id="oc-f3">
         <name>.text</name>
         <load_address>0x45ff1</load_address>
         <run_address>0x45ff1</run_address>
         <size>0x113</size>
         <input_file_ref idref="fl-48"/>
      </object_component>
      <object_component id="oc-16e">
         <name>.text</name>
         <load_address>0x46104</load_address>
         <run_address>0x46104</run_address>
         <size>0xf3</size>
         <input_file_ref idref="fl-60"/>
      </object_component>
      <object_component id="oc-2b">
         <name>.text</name>
         <load_address>0x461f7</load_address>
         <run_address>0x461f7</run_address>
         <size>0xe1</size>
         <input_file_ref idref="fl-5"/>
      </object_component>
      <object_component id="oc-162">
         <name>.text</name>
         <load_address>0x462d8</load_address>
         <run_address>0x462d8</run_address>
         <size>0xda</size>
         <input_file_ref idref="fl-5d"/>
      </object_component>
      <object_component id="oc-15f">
         <name>.text:CIO_breakpoint</name>
         <load_address>0x463b2</load_address>
         <run_address>0x463b2</run_address>
         <size>0xbe</size>
         <input_file_ref idref="fl-5c"/>
      </object_component>
      <object_component id="oc-166">
         <name>.text</name>
         <load_address>0x46470</load_address>
         <run_address>0x46470</run_address>
         <size>0xba</size>
         <input_file_ref idref="fl-5e"/>
      </object_component>
      <object_component id="oc-1d">
         <name>.text</name>
         <load_address>0x4652a</load_address>
         <run_address>0x4652a</run_address>
         <size>0xad</size>
         <input_file_ref idref="fl-3"/>
      </object_component>
      <object_component id="oc-148">
         <name>.text</name>
         <load_address>0x465d7</load_address>
         <run_address>0x465d7</run_address>
         <size>0xa2</size>
         <input_file_ref idref="fl-58"/>
      </object_component>
      <object_component id="oc-5e">
         <name>.text</name>
         <load_address>0x46679</load_address>
         <run_address>0x46679</run_address>
         <size>0xa0</size>
         <input_file_ref idref="fl-26"/>
      </object_component>
      <object_component id="oc-137">
         <name>.text</name>
         <load_address>0x46719</load_address>
         <run_address>0x46719</run_address>
         <size>0x80</size>
         <input_file_ref idref="fl-54"/>
      </object_component>
      <object_component id="oc-bf">
         <name>.text</name>
         <load_address>0x46799</load_address>
         <run_address>0x46799</run_address>
         <size>0x79</size>
         <input_file_ref idref="fl-3c"/>
      </object_component>
      <object_component id="oc-178">
         <name>.text</name>
         <load_address>0x46812</load_address>
         <run_address>0x46812</run_address>
         <size>0x76</size>
         <input_file_ref idref="fl-62"/>
      </object_component>
      <object_component id="oc-e7">
         <name>.text</name>
         <load_address>0x46888</load_address>
         <run_address>0x46888</run_address>
         <size>0x76</size>
         <input_file_ref idref="fl-46"/>
      </object_component>
      <object_component id="oc-b3">
         <name>.text</name>
         <load_address>0x468fe</load_address>
         <run_address>0x468fe</run_address>
         <size>0x73</size>
         <input_file_ref idref="fl-39"/>
      </object_component>
      <object_component id="oc-d7">
         <name>.text</name>
         <load_address>0x46971</load_address>
         <run_address>0x46971</run_address>
         <size>0x70</size>
         <input_file_ref idref="fl-42"/>
      </object_component>
      <object_component id="oc-aa">
         <name>.text</name>
         <load_address>0x469e1</load_address>
         <run_address>0x469e1</run_address>
         <size>0x6e</size>
         <input_file_ref idref="fl-37"/>
      </object_component>
      <object_component id="oc-78">
         <name>.text</name>
         <load_address>0x46a4f</load_address>
         <run_address>0x46a4f</run_address>
         <size>0x6b</size>
         <input_file_ref idref="fl-2b"/>
      </object_component>
      <object_component id="oc-15c">
         <name>.text</name>
         <load_address>0x46aba</load_address>
         <run_address>0x46aba</run_address>
         <size>0x6b</size>
         <input_file_ref idref="fl-5c"/>
      </object_component>
      <object_component id="oc-16a">
         <name>.text</name>
         <load_address>0x46b25</load_address>
         <run_address>0x46b25</run_address>
         <size>0x68</size>
         <input_file_ref idref="fl-5f"/>
      </object_component>
      <object_component id="oc-ae">
         <name>.text</name>
         <load_address>0x46b8d</load_address>
         <run_address>0x46b8d</run_address>
         <size>0x67</size>
         <input_file_ref idref="fl-38"/>
      </object_component>
      <object_component id="oc-13b">
         <name>.text</name>
         <load_address>0x46bf4</load_address>
         <run_address>0x46bf4</run_address>
         <size>0x60</size>
         <input_file_ref idref="fl-55"/>
      </object_component>
      <object_component id="oc-94">
         <name>.text</name>
         <load_address>0x46c54</load_address>
         <run_address>0x46c54</run_address>
         <size>0x59</size>
         <input_file_ref idref="fl-31"/>
      </object_component>
      <object_component id="oc-c7">
         <name>.text</name>
         <load_address>0x46cad</load_address>
         <run_address>0x46cad</run_address>
         <size>0x56</size>
         <input_file_ref idref="fl-3e"/>
      </object_component>
      <object_component id="oc-110">
         <name>.text</name>
         <load_address>0x46d03</load_address>
         <run_address>0x46d03</run_address>
         <size>0x54</size>
         <input_file_ref idref="fl-4d"/>
      </object_component>
      <object_component id="oc-11c">
         <name>.text</name>
         <load_address>0x46d57</load_address>
         <run_address>0x46d57</run_address>
         <size>0x54</size>
         <input_file_ref idref="fl-4f"/>
      </object_component>
      <object_component id="oc-140">
         <name>.text</name>
         <load_address>0x46dab</load_address>
         <run_address>0x46dab</run_address>
         <size>0x4e</size>
         <input_file_ref idref="fl-56"/>
      </object_component>
      <object_component id="oc-98">
         <name>.text</name>
         <load_address>0x46df9</load_address>
         <run_address>0x46df9</run_address>
         <size>0x4d</size>
         <input_file_ref idref="fl-32"/>
      </object_component>
      <object_component id="oc-d3">
         <name>.text</name>
         <load_address>0x46e46</load_address>
         <run_address>0x46e46</run_address>
         <size>0x4b</size>
         <input_file_ref idref="fl-41"/>
      </object_component>
      <object_component id="oc-90">
         <name>.text</name>
         <load_address>0x46e91</load_address>
         <run_address>0x46e91</run_address>
         <size>0x49</size>
         <input_file_ref idref="fl-30"/>
      </object_component>
      <object_component id="oc-5a">
         <name>.text</name>
         <load_address>0x46eda</load_address>
         <run_address>0x46eda</run_address>
         <size>0x48</size>
         <input_file_ref idref="fl-25"/>
      </object_component>
      <object_component id="oc-69">
         <name>.text</name>
         <load_address>0x46f22</load_address>
         <run_address>0x46f22</run_address>
         <size>0x3c</size>
         <input_file_ref idref="fl-28"/>
      </object_component>
      <object_component id="oc-13">
         <name>.text</name>
         <load_address>0x46f5e</load_address>
         <run_address>0x46f5e</run_address>
         <size>0x34</size>
         <input_file_ref idref="fl-24"/>
      </object_component>
      <object_component id="oc-a6">
         <name>.text</name>
         <load_address>0x46f92</load_address>
         <run_address>0x46f92</run_address>
         <size>0x2a</size>
         <input_file_ref idref="fl-36"/>
      </object_component>
      <object_component id="oc-df">
         <name>.text</name>
         <load_address>0x46fbc</load_address>
         <run_address>0x46fbc</run_address>
         <size>0x2a</size>
         <input_file_ref idref="fl-44"/>
      </object_component>
      <object_component id="oc-c3">
         <name>.text</name>
         <load_address>0x46fe6</load_address>
         <run_address>0x46fe6</run_address>
         <size>0x22</size>
         <input_file_ref idref="fl-3d"/>
      </object_component>
      <object_component id="oc-10b">
         <name>.text</name>
         <load_address>0x47008</load_address>
         <run_address>0x47008</run_address>
         <size>0x1c</size>
         <input_file_ref idref="fl-4c"/>
      </object_component>
      <object_component id="oc-b7">
         <name>.text</name>
         <load_address>0x47024</load_address>
         <run_address>0x47024</run_address>
         <size>0x1a</size>
         <input_file_ref idref="fl-3a"/>
      </object_component>
      <object_component id="oc-7c">
         <name>.text</name>
         <load_address>0x4703e</load_address>
         <run_address>0x4703e</run_address>
         <size>0x14</size>
         <input_file_ref idref="fl-2c"/>
      </object_component>
      <object_component id="oc-db">
         <name>.text</name>
         <load_address>0x47052</load_address>
         <run_address>0x47052</run_address>
         <size>0x14</size>
         <input_file_ref idref="fl-43"/>
      </object_component>
      <object_component id="oc-6d">
         <name>.text</name>
         <load_address>0x47066</load_address>
         <run_address>0x47066</run_address>
         <size>0x13</size>
         <input_file_ref idref="fl-29"/>
      </object_component>
      <object_component id="oc-84">
         <name>.text</name>
         <load_address>0x47079</load_address>
         <run_address>0x47079</run_address>
         <size>0x12</size>
         <input_file_ref idref="fl-2e"/>
      </object_component>
      <object_component id="oc-cf">
         <name>.text</name>
         <load_address>0x4708b</load_address>
         <run_address>0x4708b</run_address>
         <size>0x10</size>
         <input_file_ref idref="fl-40"/>
      </object_component>
      <object_component id="oc-17c">
         <name>.text</name>
         <load_address>0x4709b</load_address>
         <run_address>0x4709b</run_address>
         <size>0xa</size>
         <input_file_ref idref="fl-63"/>
      </object_component>
      <object_component id="oc-66">
         <name>.text:CIO_breakpoint</name>
         <load_address>0x470a5</load_address>
         <run_address>0x470a5</run_address>
         <size>0x7</size>
         <input_file_ref idref="fl-27"/>
      </object_component>
      <object_component id="oc-80">
         <name>.text</name>
         <load_address>0x470ac</load_address>
         <run_address>0x470ac</run_address>
         <size>0x2</size>
         <input_file_ref idref="fl-2d"/>
      </object_component>
      <object_component id="oc-56">
         <name>.stack</name>
         <uninitialized>true</uninitialized>
         <run_address>0xc0</run_address>
         <size>0x0</size>
         <input_file_ref idref="fl-24"/>
      </object_component>
      <object_component id="oc-1a1">
         <name>.stack</name>
         <uninitialized>true</uninitialized>
         <run_address>0xc0</run_address>
         <size>0x0</size>
      </object_component>
      <object_component id="oc-180">
         <name>.sysstack</name>
         <uninitialized>true</uninitialized>
         <run_address>0x20c0</run_address>
         <size>0x0</size>
         <input_file_ref idref="fl-24"/>
      </object_component>
      <object_component id="oc-1a3">
         <name>.sysstack</name>
         <uninitialized>true</uninitialized>
         <run_address>0x20c0</run_address>
         <size>0x0</size>
      </object_component>
      <object_component id="oc-13c">
         <name>.data:.text</name>
         <load_address>0x472a</load_address>
         <run_address>0x472a</run_address>
         <size>0x2</size>
         <input_file_ref idref="fl-55"/>
      </object_component>
      <object_component id="oc-42">
         <name>.bss</name>
         <uninitialized>true</uninitialized>
         <run_address>0x30c0</run_address>
         <size>0x980</size>
         <input_file_ref idref="fl-8"/>
      </object_component>
      <object_component id="oc-49">
         <name>.bss</name>
         <uninitialized>true</uninitialized>
         <run_address>0x3a40</run_address>
         <size>0x5bc</size>
         <input_file_ref idref="fl-9"/>
      </object_component>
      <object_component id="oc-144">
         <name>.bss</name>
         <uninitialized>true</uninitialized>
         <run_address>0x3ffc</run_address>
         <size>0x232</size>
         <input_file_ref idref="fl-57"/>
      </object_component>
      <object_component id="oc-158">
         <name>.bss</name>
         <uninitialized>true</uninitialized>
         <run_address>0x422e</run_address>
         <size>0x1a0</size>
         <input_file_ref idref="fl-5b"/>
      </object_component>
      <object_component id="oc-105">
         <name>.bss</name>
         <uninitialized>true</uninitialized>
         <run_address>0x43ce</run_address>
         <size>0x178</size>
         <input_file_ref idref="fl-4b"/>
      </object_component>
      <object_component id="oc-116">
         <name>.bss</name>
         <uninitialized>true</uninitialized>
         <run_address>0x4546</run_address>
         <size>0x2</size>
         <input_file_ref idref="fl-4e"/>
      </object_component>
      <object_component id="oc-152">
         <name>.bss</name>
         <uninitialized>true</uninitialized>
         <run_address>0x4548</run_address>
         <size>0xe2</size>
         <input_file_ref idref="fl-5a"/>
      </object_component>
      <object_component id="oc-127">
         <name>.bss</name>
         <uninitialized>true</uninitialized>
         <run_address>0x462a</run_address>
         <size>0x2</size>
         <input_file_ref idref="fl-51"/>
      </object_component>
      <object_component id="oc-ec">
         <name>.bss</name>
         <uninitialized>true</uninitialized>
         <run_address>0x462c</run_address>
         <size>0x6c</size>
         <input_file_ref idref="fl-47"/>
      </object_component>
      <object_component id="oc-16">
         <name>.bss</name>
         <uninitialized>true</uninitialized>
         <run_address>0x4698</run_address>
         <size>0x3c</size>
         <input_file_ref idref="fl-2"/>
      </object_component>
      <object_component id="oc-3a">
         <name>.bss</name>
         <uninitialized>true</uninitialized>
         <run_address>0x46d4</run_address>
         <size>0x18</size>
         <input_file_ref idref="fl-7"/>
      </object_component>
      <object_component id="oc-50">
         <name>.bss</name>
         <uninitialized>true</uninitialized>
         <run_address>0x46ec</run_address>
         <size>0x14</size>
         <input_file_ref idref="fl-a"/>
      </object_component>
      <object_component id="oc-25">
         <name>.bss</name>
         <uninitialized>true</uninitialized>
         <run_address>0x4700</run_address>
         <size>0xe</size>
         <input_file_ref idref="fl-4"/>
      </object_component>
      <object_component id="oc-173">
         <name>.bss</name>
         <uninitialized>true</uninitialized>
         <run_address>0x470e</run_address>
         <size>0x2</size>
         <input_file_ref idref="fl-61"/>
      </object_component>
      <object_component id="oc-72">
         <name>.bss</name>
         <uninitialized>true</uninitialized>
         <run_address>0x4710</run_address>
         <size>0xe</size>
         <input_file_ref idref="fl-2a"/>
      </object_component>
      <object_component id="oc-1e">
         <name>.bss</name>
         <uninitialized>true</uninitialized>
         <run_address>0x471e</run_address>
         <size>0xc</size>
         <input_file_ref idref="fl-3"/>
      </object_component>
      <object_component id="oc-85">
         <name>.bss</name>
         <uninitialized>true</uninitialized>
         <run_address>0x472c</run_address>
         <size>0x8</size>
         <input_file_ref idref="fl-2e"/>
      </object_component>
      <object_component id="oc-63">
         <name>.bss</name>
         <uninitialized>true</uninitialized>
         <run_address>0x4734</run_address>
         <size>0x8</size>
         <input_file_ref idref="fl-27"/>
      </object_component>
      <object_component id="oc-f4">
         <name>.bss</name>
         <uninitialized>true</uninitialized>
         <run_address>0x473c</run_address>
         <size>0x4</size>
         <input_file_ref idref="fl-48"/>
      </object_component>
      <object_component id="oc-33">
         <name>.bss</name>
         <uninitialized>true</uninitialized>
         <run_address>0x10000</run_address>
         <size>0xee58</size>
         <input_file_ref idref="fl-6"/>
      </object_component>
      <object_component id="oc-2c">
         <name>.bss</name>
         <uninitialized>true</uninitialized>
         <run_address>0x20000</run_address>
         <size>0xec54</size>
         <input_file_ref idref="fl-5"/>
      </object_component>
      <object_component id="oc-181">
         <name>.const:_xAxis</name>
         <load_address>0x4740</load_address>
         <run_address>0x4740</run_address>
         <size>0x8000</size>
         <input_file_ref idref="fl-7"/>
      </object_component>
      <object_component id="oc-19">
         <name>.const:.string</name>
         <load_address>0xc740</load_address>
         <run_address>0xc740</run_address>
         <size>0xacc</size>
         <input_file_ref idref="fl-2"/>
      </object_component>
      <object_component id="oc-ef">
         <name>.const:.string</name>
         <load_address>0xd20c</load_address>
         <run_address>0xd20c</run_address>
         <size>0x46c</size>
         <input_file_ref idref="fl-47"/>
      </object_component>
      <object_component id="oc-fb">
         <name>.const:.string</name>
         <load_address>0xd678</load_address>
         <run_address>0xd678</run_address>
         <size>0x2e8</size>
         <input_file_ref idref="fl-49"/>
      </object_component>
      <object_component id="oc-185">
         <name>.const:__ctypes_</name>
         <load_address>0xd960</load_address>
         <run_address>0xd960</run_address>
         <size>0x202</size>
         <input_file_ref idref="fl-34"/>
      </object_component>
      <object_component id="oc-8d">
         <name>.const:.string</name>
         <load_address>0xdb64</load_address>
         <run_address>0xdb64</run_address>
         <size>0x48</size>
         <input_file_ref idref="fl-2f"/>
      </object_component>
      <object_component id="oc-8c">
         <name>.const</name>
         <load_address>0xdbac</load_address>
         <run_address>0xdbac</run_address>
         <size>0x18</size>
         <input_file_ref idref="fl-2f"/>
      </object_component>
      <object_component id="oc-186">
         <name>.const:_initial_approx$1</name>
         <load_address>0xdbc4</load_address>
         <run_address>0xdbc4</run_address>
         <size>0x10</size>
         <input_file_ref idref="fl-35"/>
      </object_component>
      <object_component id="oc-184">
         <name>.const:_IIR_low_pass_4800Hz</name>
         <load_address>0xdbd4</load_address>
         <run_address>0xdbd4</run_address>
         <size>0xa</size>
         <input_file_ref idref="fl-7"/>
      </object_component>
      <object_component id="oc-14e">
         <name>.const:.string</name>
         <load_address>0xdbe0</load_address>
         <run_address>0xdbe0</run_address>
         <size>0x4</size>
         <input_file_ref idref="fl-59"/>
      </object_component>
      <object_component id="oc-3d">
         <name>.const</name>
         <load_address>0xdbe4</load_address>
         <run_address>0xdbe4</run_address>
         <size>0x4</size>
         <input_file_ref idref="fl-7"/>
      </object_component>
      <object_component id="oc-b0">
         <name>.const</name>
         <load_address>0xdbe8</load_address>
         <run_address>0xdbe8</run_address>
         <size>0x4</size>
         <input_file_ref idref="fl-38"/>
      </object_component>
      <object_component id="oc-182">
         <name>.const:_yHardAxis</name>
         <load_address>0x2ec54</load_address>
         <run_address>0x2ec54</run_address>
         <size>0x8000</size>
         <input_file_ref idref="fl-7"/>
      </object_component>
      <object_component id="oc-183">
         <name>.const:_ySoftAxis</name>
         <load_address>0x36c54</load_address>
         <run_address>0x36c54</run_address>
         <size>0x8000</size>
         <input_file_ref idref="fl-7"/>
      </object_component>
      <object_component id="oc-75">
         <name>.sysmem</name>
         <uninitialized>true</uninitialized>
         <run_address>0xdbec</run_address>
         <size>0x0</size>
         <input_file_ref idref="fl-2a"/>
      </object_component>
      <object_component id="oc-1a2">
         <name>.sysmem</name>
         <uninitialized>true</uninitialized>
         <run_address>0xdbec</run_address>
         <size>0x0</size>
      </object_component>
      <object_component id="oc-107">
         <name>.cinit</name>
         <load_address>0x40000</load_address>
         <run_address>0x40000</run_address>
         <size>0x184</size>
         <input_file_ref idref="fl-4b"/>
      </object_component>
      <object_component id="oc-ee">
         <name>.cinit</name>
         <load_address>0x40184</load_address>
         <run_address>0x40184</run_address>
         <size>0x8c</size>
         <input_file_ref idref="fl-47"/>
      </object_component>
      <object_component id="oc-18">
         <name>.cinit</name>
         <load_address>0x40210</load_address>
         <run_address>0x40210</run_address>
         <size>0x78</size>
         <input_file_ref idref="fl-2"/>
      </object_component>
      <object_component id="oc-154">
         <name>.cinit</name>
         <load_address>0x40288</load_address>
         <run_address>0x40288</run_address>
         <size>0x5a</size>
         <input_file_ref idref="fl-5a"/>
      </object_component>
      <object_component id="oc-146">
         <name>.cinit</name>
         <load_address>0x402e2</load_address>
         <run_address>0x402e2</run_address>
         <size>0x54</size>
         <input_file_ref idref="fl-57"/>
      </object_component>
      <object_component id="oc-44">
         <name>.cinit</name>
         <load_address>0x40336</load_address>
         <run_address>0x40336</run_address>
         <size>0x46</size>
         <input_file_ref idref="fl-8"/>
      </object_component>
      <object_component id="oc-3c">
         <name>.cinit</name>
         <load_address>0x4037c</load_address>
         <run_address>0x4037c</run_address>
         <size>0x3c</size>
         <input_file_ref idref="fl-7"/>
      </object_component>
      <object_component id="oc-4b">
         <name>.cinit</name>
         <load_address>0x403b8</load_address>
         <run_address>0x403b8</run_address>
         <size>0x3c</size>
         <input_file_ref idref="fl-9"/>
      </object_component>
      <object_component id="oc-52">
         <name>.cinit</name>
         <load_address>0x403f4</load_address>
         <run_address>0x403f4</run_address>
         <size>0x36</size>
         <input_file_ref idref="fl-a"/>
      </object_component>
      <object_component id="oc-35">
         <name>.cinit</name>
         <load_address>0x4042a</load_address>
         <run_address>0x4042a</run_address>
         <size>0x2c</size>
         <input_file_ref idref="fl-6"/>
      </object_component>
      <object_component id="oc-27">
         <name>.cinit</name>
         <load_address>0x40456</load_address>
         <run_address>0x40456</run_address>
         <size>0x2c</size>
         <input_file_ref idref="fl-4"/>
      </object_component>
      <object_component id="oc-2e">
         <name>.cinit</name>
         <load_address>0x40482</load_address>
         <run_address>0x40482</run_address>
         <size>0x22</size>
         <input_file_ref idref="fl-5"/>
      </object_component>
      <object_component id="oc-87">
         <name>.cinit</name>
         <load_address>0x404a4</load_address>
         <run_address>0x404a4</run_address>
         <size>0x14</size>
         <input_file_ref idref="fl-2e"/>
      </object_component>
      <object_component id="oc-65">
         <name>.cinit</name>
         <load_address>0x404b8</load_address>
         <run_address>0x404b8</run_address>
         <size>0x14</size>
         <input_file_ref idref="fl-27"/>
      </object_component>
      <object_component id="oc-118">
         <name>.cinit</name>
         <load_address>0x404cc</load_address>
         <run_address>0x404cc</run_address>
         <size>0x8</size>
         <input_file_ref idref="fl-4e"/>
      </object_component>
      <object_component id="oc-129">
         <name>.cinit</name>
         <load_address>0x404d4</load_address>
         <run_address>0x404d4</run_address>
         <size>0x8</size>
         <input_file_ref idref="fl-51"/>
      </object_component>
      <object_component id="oc-20">
         <name>.cinit</name>
         <load_address>0x404dc</load_address>
         <run_address>0x404dc</run_address>
         <size>0x8</size>
         <input_file_ref idref="fl-3"/>
      </object_component>
      <object_component id="oc-175">
         <name>.cinit</name>
         <load_address>0x404e4</load_address>
         <run_address>0x404e4</run_address>
         <size>0x8</size>
         <input_file_ref idref="fl-61"/>
      </object_component>
      <object_component id="oc-74">
         <name>.cinit</name>
         <load_address>0x404ec</load_address>
         <run_address>0x404ec</run_address>
         <size>0x8</size>
         <input_file_ref idref="fl-2a"/>
      </object_component>
      <object_component id="oc-15e">
         <name>.cio</name>
         <uninitialized>true</uninitialized>
         <run_address>0x404f8</run_address>
         <size>0x240</size>
         <input_file_ref idref="fl-5c"/>
      </object_component>
      <object_component id="oc-14">
         <name>vectors</name>
         <load_address>0x4fe00</load_address>
         <run_address>0x4fe00</run_address>
         <size>0x100</size>
         <input_file_ref idref="fl-2d"/>
      </object_component>
      <object_component id="oc-17">
         <name>.debug_info</name>
         <load_address>0x0</load_address>
         <run_address>0x0</run_address>
         <size>0x2549</size>
         <input_file_ref idref="fl-2"/>
      </object_component>
      <object_component id="oc-1f">
         <name>.debug_info</name>
         <load_address>0x2549</load_address>
         <run_address>0x2549</run_address>
         <size>0xa74</size>
         <input_file_ref idref="fl-3"/>
      </object_component>
      <object_component id="oc-26">
         <name>.debug_info</name>
         <load_address>0x2fbd</load_address>
         <run_address>0x2fbd</run_address>
         <size>0x6a1</size>
         <input_file_ref idref="fl-4"/>
      </object_component>
      <object_component id="oc-2d">
         <name>.debug_info</name>
         <load_address>0x365e</load_address>
         <run_address>0x365e</run_address>
         <size>0x7e9</size>
         <input_file_ref idref="fl-5"/>
      </object_component>
      <object_component id="oc-34">
         <name>.debug_info</name>
         <load_address>0x3e47</load_address>
         <run_address>0x3e47</run_address>
         <size>0x872</size>
         <input_file_ref idref="fl-6"/>
      </object_component>
      <object_component id="oc-3b">
         <name>.debug_info</name>
         <load_address>0x46b9</load_address>
         <run_address>0x46b9</run_address>
         <size>0xad5</size>
         <input_file_ref idref="fl-7"/>
      </object_component>
      <object_component id="oc-43">
         <name>.debug_info</name>
         <load_address>0x518e</load_address>
         <run_address>0x518e</run_address>
         <size>0x9a3</size>
         <input_file_ref idref="fl-8"/>
      </object_component>
      <object_component id="oc-4a">
         <name>.debug_info</name>
         <load_address>0x5b31</load_address>
         <run_address>0x5b31</run_address>
         <size>0x982</size>
         <input_file_ref idref="fl-9"/>
      </object_component>
      <object_component id="oc-51">
         <name>.debug_info</name>
         <load_address>0x64b3</load_address>
         <run_address>0x64b3</run_address>
         <size>0x7b7</size>
         <input_file_ref idref="fl-a"/>
      </object_component>
      <object_component id="oc-57">
         <name>.debug_info</name>
         <load_address>0x6c6a</load_address>
         <run_address>0x6c6a</run_address>
         <size>0xe8</size>
         <input_file_ref idref="fl-24"/>
      </object_component>
      <object_component id="oc-5b">
         <name>.debug_info</name>
         <load_address>0x6d52</load_address>
         <run_address>0x6d52</run_address>
         <size>0x4f2</size>
         <input_file_ref idref="fl-25"/>
      </object_component>
      <object_component id="oc-5f">
         <name>.debug_info</name>
         <load_address>0x7244</load_address>
         <run_address>0x7244</run_address>
         <size>0x534</size>
         <input_file_ref idref="fl-26"/>
      </object_component>
      <object_component id="oc-64">
         <name>.debug_info</name>
         <load_address>0x7778</load_address>
         <run_address>0x7778</run_address>
         <size>0x5fb</size>
         <input_file_ref idref="fl-27"/>
      </object_component>
      <object_component id="oc-6a">
         <name>.debug_info</name>
         <load_address>0x7d73</load_address>
         <run_address>0x7d73</run_address>
         <size>0xeb</size>
         <input_file_ref idref="fl-28"/>
      </object_component>
      <object_component id="oc-6e">
         <name>.debug_info</name>
         <load_address>0x7e5e</load_address>
         <run_address>0x7e5e</run_address>
         <size>0xbd</size>
         <input_file_ref idref="fl-29"/>
      </object_component>
      <object_component id="oc-73">
         <name>.debug_info</name>
         <load_address>0x7f1b</load_address>
         <run_address>0x7f1b</run_address>
         <size>0xba5</size>
         <input_file_ref idref="fl-2a"/>
      </object_component>
      <object_component id="oc-79">
         <name>.debug_info</name>
         <load_address>0x8ac0</load_address>
         <run_address>0x8ac0</run_address>
         <size>0x6c6</size>
         <input_file_ref idref="fl-2b"/>
      </object_component>
      <object_component id="oc-7d">
         <name>.debug_info</name>
         <load_address>0x9186</load_address>
         <run_address>0x9186</run_address>
         <size>0x58e</size>
         <input_file_ref idref="fl-2c"/>
      </object_component>
      <object_component id="oc-81">
         <name>.debug_info</name>
         <load_address>0x9714</load_address>
         <run_address>0x9714</run_address>
         <size>0xbc</size>
         <input_file_ref idref="fl-2d"/>
      </object_component>
      <object_component id="oc-86">
         <name>.debug_info</name>
         <load_address>0x97d0</load_address>
         <run_address>0x97d0</run_address>
         <size>0x5bc</size>
         <input_file_ref idref="fl-2e"/>
      </object_component>
      <object_component id="oc-8b">
         <name>.debug_info</name>
         <load_address>0x9d8c</load_address>
         <run_address>0x9d8c</run_address>
         <size>0x27bd</size>
         <input_file_ref idref="fl-2f"/>
      </object_component>
      <object_component id="oc-91">
         <name>.debug_info</name>
         <load_address>0xc549</load_address>
         <run_address>0xc549</run_address>
         <size>0x586</size>
         <input_file_ref idref="fl-30"/>
      </object_component>
      <object_component id="oc-95">
         <name>.debug_info</name>
         <load_address>0xcacf</load_address>
         <run_address>0xcacf</run_address>
         <size>0x5a4</size>
         <input_file_ref idref="fl-31"/>
      </object_component>
      <object_component id="oc-99">
         <name>.debug_info</name>
         <load_address>0xd073</load_address>
         <run_address>0xd073</run_address>
         <size>0xcd</size>
         <input_file_ref idref="fl-32"/>
      </object_component>
      <object_component id="oc-9d">
         <name>.debug_info</name>
         <load_address>0xd140</load_address>
         <run_address>0xd140</run_address>
         <size>0x81f</size>
         <input_file_ref idref="fl-33"/>
      </object_component>
      <object_component id="oc-a0">
         <name>.debug_info</name>
         <load_address>0xd95f</load_address>
         <run_address>0xd95f</run_address>
         <size>0x498</size>
         <input_file_ref idref="fl-34"/>
      </object_component>
      <object_component id="oc-a3">
         <name>.debug_info</name>
         <load_address>0xddf7</load_address>
         <run_address>0xddf7</run_address>
         <size>0x7e8</size>
         <input_file_ref idref="fl-35"/>
      </object_component>
      <object_component id="oc-a7">
         <name>.debug_info</name>
         <load_address>0xe5df</load_address>
         <run_address>0xe5df</run_address>
         <size>0x4cf</size>
         <input_file_ref idref="fl-36"/>
      </object_component>
      <object_component id="oc-ab">
         <name>.debug_info</name>
         <load_address>0xeaae</load_address>
         <run_address>0xeaae</run_address>
         <size>0x534</size>
         <input_file_ref idref="fl-37"/>
      </object_component>
      <object_component id="oc-af">
         <name>.debug_info</name>
         <load_address>0xefe2</load_address>
         <run_address>0xefe2</run_address>
         <size>0x549</size>
         <input_file_ref idref="fl-38"/>
      </object_component>
      <object_component id="oc-b4">
         <name>.debug_info</name>
         <load_address>0xf52b</load_address>
         <run_address>0xf52b</run_address>
         <size>0x53e</size>
         <input_file_ref idref="fl-39"/>
      </object_component>
      <object_component id="oc-b8">
         <name>.debug_info</name>
         <load_address>0xfa69</load_address>
         <run_address>0xfa69</run_address>
         <size>0x680</size>
         <input_file_ref idref="fl-3a"/>
      </object_component>
      <object_component id="oc-bc">
         <name>.debug_info</name>
         <load_address>0x100e9</load_address>
         <run_address>0x100e9</run_address>
         <size>0x7d4</size>
         <input_file_ref idref="fl-3b"/>
      </object_component>
      <object_component id="oc-c0">
         <name>.debug_info</name>
         <load_address>0x108bd</load_address>
         <run_address>0x108bd</run_address>
         <size>0x5ad</size>
         <input_file_ref idref="fl-3c"/>
      </object_component>
      <object_component id="oc-c4">
         <name>.debug_info</name>
         <load_address>0x10e6a</load_address>
         <run_address>0x10e6a</run_address>
         <size>0x574</size>
         <input_file_ref idref="fl-3d"/>
      </object_component>
      <object_component id="oc-c8">
         <name>.debug_info</name>
         <load_address>0x113de</load_address>
         <run_address>0x113de</run_address>
         <size>0xd1</size>
         <input_file_ref idref="fl-3e"/>
      </object_component>
      <object_component id="oc-cc">
         <name>.debug_info</name>
         <load_address>0x114af</load_address>
         <run_address>0x114af</run_address>
         <size>0x55b</size>
         <input_file_ref idref="fl-3f"/>
      </object_component>
      <object_component id="oc-d0">
         <name>.debug_info</name>
         <load_address>0x11a0a</load_address>
         <run_address>0x11a0a</run_address>
         <size>0x4b7</size>
         <input_file_ref idref="fl-40"/>
      </object_component>
      <object_component id="oc-d4">
         <name>.debug_info</name>
         <load_address>0x11ec1</load_address>
         <run_address>0x11ec1</run_address>
         <size>0x4f2</size>
         <input_file_ref idref="fl-41"/>
      </object_component>
      <object_component id="oc-d8">
         <name>.debug_info</name>
         <load_address>0x123b3</load_address>
         <run_address>0x123b3</run_address>
         <size>0x534</size>
         <input_file_ref idref="fl-42"/>
      </object_component>
      <object_component id="oc-dc">
         <name>.debug_info</name>
         <load_address>0x128e7</load_address>
         <run_address>0x128e7</run_address>
         <size>0x4de</size>
         <input_file_ref idref="fl-43"/>
      </object_component>
      <object_component id="oc-e0">
         <name>.debug_info</name>
         <load_address>0x12dc5</load_address>
         <run_address>0x12dc5</run_address>
         <size>0xef</size>
         <input_file_ref idref="fl-44"/>
      </object_component>
      <object_component id="oc-e4">
         <name>.debug_info</name>
         <load_address>0x12eb4</load_address>
         <run_address>0x12eb4</run_address>
         <size>0x5ab</size>
         <input_file_ref idref="fl-45"/>
      </object_component>
      <object_component id="oc-e8">
         <name>.debug_info</name>
         <load_address>0x1345f</load_address>
         <run_address>0x1345f</run_address>
         <size>0x4d2</size>
         <input_file_ref idref="fl-46"/>
      </object_component>
      <object_component id="oc-ed">
         <name>.debug_info</name>
         <load_address>0x13931</load_address>
         <run_address>0x13931</run_address>
         <size>0x117a</size>
         <input_file_ref idref="fl-47"/>
      </object_component>
      <object_component id="oc-f5">
         <name>.debug_info</name>
         <load_address>0x14aab</load_address>
         <run_address>0x14aab</run_address>
         <size>0xb30</size>
         <input_file_ref idref="fl-48"/>
      </object_component>
      <object_component id="oc-fa">
         <name>.debug_info</name>
         <load_address>0x155db</load_address>
         <run_address>0x155db</run_address>
         <size>0xe87</size>
         <input_file_ref idref="fl-49"/>
      </object_component>
      <object_component id="oc-100">
         <name>.debug_info</name>
         <load_address>0x16462</load_address>
         <run_address>0x16462</run_address>
         <size>0xb88</size>
         <input_file_ref idref="fl-4a"/>
      </object_component>
      <object_component id="oc-106">
         <name>.debug_info</name>
         <load_address>0x16fea</load_address>
         <run_address>0x16fea</run_address>
         <size>0xf8e</size>
         <input_file_ref idref="fl-4b"/>
      </object_component>
      <object_component id="oc-10c">
         <name>.debug_info</name>
         <load_address>0x17f78</load_address>
         <run_address>0x17f78</run_address>
         <size>0x56c</size>
         <input_file_ref idref="fl-4c"/>
      </object_component>
      <object_component id="oc-111">
         <name>.debug_info</name>
         <load_address>0x184e4</load_address>
         <run_address>0x184e4</run_address>
         <size>0x66a</size>
         <input_file_ref idref="fl-4d"/>
      </object_component>
      <object_component id="oc-117">
         <name>.debug_info</name>
         <load_address>0x18b4e</load_address>
         <run_address>0x18b4e</run_address>
         <size>0xaf1</size>
         <input_file_ref idref="fl-4e"/>
      </object_component>
      <object_component id="oc-11d">
         <name>.debug_info</name>
         <load_address>0x1963f</load_address>
         <run_address>0x1963f</run_address>
         <size>0x66a</size>
         <input_file_ref idref="fl-4f"/>
      </object_component>
      <object_component id="oc-122">
         <name>.debug_info</name>
         <load_address>0x19ca9</load_address>
         <run_address>0x19ca9</run_address>
         <size>0x7fc</size>
         <input_file_ref idref="fl-50"/>
      </object_component>
      <object_component id="oc-128">
         <name>.debug_info</name>
         <load_address>0x1a4a5</load_address>
         <run_address>0x1a4a5</run_address>
         <size>0xb7a</size>
         <input_file_ref idref="fl-51"/>
      </object_component>
      <object_component id="oc-12e">
         <name>.debug_info</name>
         <load_address>0x1b01f</load_address>
         <run_address>0x1b01f</run_address>
         <size>0xe79</size>
         <input_file_ref idref="fl-52"/>
      </object_component>
      <object_component id="oc-133">
         <name>.debug_info</name>
         <load_address>0x1be98</load_address>
         <run_address>0x1be98</run_address>
         <size>0x5ff3</size>
         <input_file_ref idref="fl-53"/>
      </object_component>
      <object_component id="oc-138">
         <name>.debug_info</name>
         <load_address>0x21e8b</load_address>
         <run_address>0x21e8b</run_address>
         <size>0xcc</size>
         <input_file_ref idref="fl-54"/>
      </object_component>
      <object_component id="oc-13d">
         <name>.debug_info</name>
         <load_address>0x21f57</load_address>
         <run_address>0x21f57</run_address>
         <size>0xc3</size>
         <input_file_ref idref="fl-55"/>
      </object_component>
      <object_component id="oc-141">
         <name>.debug_info</name>
         <load_address>0x2201a</load_address>
         <run_address>0x2201a</run_address>
         <size>0x76c</size>
         <input_file_ref idref="fl-56"/>
      </object_component>
      <object_component id="oc-145">
         <name>.debug_info</name>
         <load_address>0x22786</load_address>
         <run_address>0x22786</run_address>
         <size>0x57e</size>
         <input_file_ref idref="fl-57"/>
      </object_component>
      <object_component id="oc-149">
         <name>.debug_info</name>
         <load_address>0x22d04</load_address>
         <run_address>0x22d04</run_address>
         <size>0x6aa</size>
         <input_file_ref idref="fl-58"/>
      </object_component>
      <object_component id="oc-14d">
         <name>.debug_info</name>
         <load_address>0x233ae</load_address>
         <run_address>0x233ae</run_address>
         <size>0x942</size>
         <input_file_ref idref="fl-59"/>
      </object_component>
      <object_component id="oc-153">
         <name>.debug_info</name>
         <load_address>0x23cf0</load_address>
         <run_address>0x23cf0</run_address>
         <size>0x144b</size>
         <input_file_ref idref="fl-5a"/>
      </object_component>
      <object_component id="oc-159">
         <name>.debug_info</name>
         <load_address>0x2513b</load_address>
         <run_address>0x2513b</run_address>
         <size>0xed4</size>
         <input_file_ref idref="fl-5b"/>
      </object_component>
      <object_component id="oc-15d">
         <name>.debug_info</name>
         <load_address>0x2600f</load_address>
         <run_address>0x2600f</run_address>
         <size>0x744</size>
         <input_file_ref idref="fl-5c"/>
      </object_component>
      <object_component id="oc-163">
         <name>.debug_info</name>
         <load_address>0x26753</load_address>
         <run_address>0x26753</run_address>
         <size>0x662</size>
         <input_file_ref idref="fl-5d"/>
      </object_component>
      <object_component id="oc-167">
         <name>.debug_info</name>
         <load_address>0x26db5</load_address>
         <run_address>0x26db5</run_address>
         <size>0x706</size>
         <input_file_ref idref="fl-5e"/>
      </object_component>
      <object_component id="oc-16b">
         <name>.debug_info</name>
         <load_address>0x274bb</load_address>
         <run_address>0x274bb</run_address>
         <size>0x5f7</size>
         <input_file_ref idref="fl-5f"/>
      </object_component>
      <object_component id="oc-16f">
         <name>.debug_info</name>
         <load_address>0x27ab2</load_address>
         <run_address>0x27ab2</run_address>
         <size>0x64a</size>
         <input_file_ref idref="fl-60"/>
      </object_component>
      <object_component id="oc-174">
         <name>.debug_info</name>
         <load_address>0x280fc</load_address>
         <run_address>0x280fc</run_address>
         <size>0xa1c</size>
         <input_file_ref idref="fl-61"/>
      </object_component>
      <object_component id="oc-179">
         <name>.debug_info</name>
         <load_address>0x28b18</load_address>
         <run_address>0x28b18</run_address>
         <size>0x64f</size>
         <input_file_ref idref="fl-62"/>
      </object_component>
      <object_component id="oc-17d">
         <name>.debug_info</name>
         <load_address>0x29167</load_address>
         <run_address>0x29167</run_address>
         <size>0x510</size>
         <input_file_ref idref="fl-63"/>
      </object_component>
      <object_component id="oc-1b1">
         <name>.debug_info</name>
         <load_address>0x29677</load_address>
         <run_address>0x29677</run_address>
         <size>0x6e</size>
      </object_component>
      <object_component id="oc-1a">
         <name>.debug_frame</name>
         <load_address>0x0</load_address>
         <run_address>0x0</run_address>
         <size>0x29f</size>
         <input_file_ref idref="fl-2"/>
      </object_component>
      <object_component id="oc-21">
         <name>.debug_frame</name>
         <load_address>0x29f</load_address>
         <run_address>0x29f</run_address>
         <size>0xe2</size>
         <input_file_ref idref="fl-3"/>
      </object_component>
      <object_component id="oc-28">
         <name>.debug_frame</name>
         <load_address>0x381</load_address>
         <run_address>0x381</run_address>
         <size>0x111</size>
         <input_file_ref idref="fl-4"/>
      </object_component>
      <object_component id="oc-2f">
         <name>.debug_frame</name>
         <load_address>0x492</load_address>
         <run_address>0x492</run_address>
         <size>0x102</size>
         <input_file_ref idref="fl-5"/>
      </object_component>
      <object_component id="oc-36">
         <name>.debug_frame</name>
         <load_address>0x594</load_address>
         <run_address>0x594</run_address>
         <size>0x103</size>
         <input_file_ref idref="fl-6"/>
      </object_component>
      <object_component id="oc-3e">
         <name>.debug_frame</name>
         <load_address>0x697</load_address>
         <run_address>0x697</run_address>
         <size>0x11f</size>
         <input_file_ref idref="fl-7"/>
      </object_component>
      <object_component id="oc-45">
         <name>.debug_frame</name>
         <load_address>0x7b6</load_address>
         <run_address>0x7b6</run_address>
         <size>0x102</size>
         <input_file_ref idref="fl-8"/>
      </object_component>
      <object_component id="oc-4c">
         <name>.debug_frame</name>
         <load_address>0x8b8</load_address>
         <run_address>0x8b8</run_address>
         <size>0x103</size>
         <input_file_ref idref="fl-9"/>
      </object_component>
      <object_component id="oc-53">
         <name>.debug_frame</name>
         <load_address>0x9bb</load_address>
         <run_address>0x9bb</run_address>
         <size>0x101</size>
         <input_file_ref idref="fl-a"/>
      </object_component>
      <object_component id="oc-f0">
         <name>.debug_frame</name>
         <load_address>0xabc</load_address>
         <run_address>0xabc</run_address>
         <size>0x103</size>
         <input_file_ref idref="fl-47"/>
      </object_component>
      <object_component id="oc-f6">
         <name>.debug_frame</name>
         <load_address>0xbbf</load_address>
         <run_address>0xbbf</run_address>
         <size>0x172</size>
         <input_file_ref idref="fl-48"/>
      </object_component>
      <object_component id="oc-fc">
         <name>.debug_frame</name>
         <load_address>0xd31</load_address>
         <run_address>0xd31</run_address>
         <size>0x103</size>
         <input_file_ref idref="fl-49"/>
      </object_component>
      <object_component id="oc-101">
         <name>.debug_frame</name>
         <load_address>0xe34</load_address>
         <run_address>0xe34</run_address>
         <size>0x13b</size>
         <input_file_ref idref="fl-4a"/>
      </object_component>
      <object_component id="oc-108">
         <name>.debug_frame</name>
         <load_address>0xf6f</load_address>
         <run_address>0xf6f</run_address>
         <size>0x176</size>
         <input_file_ref idref="fl-4b"/>
      </object_component>
      <object_component id="oc-10d">
         <name>.debug_frame</name>
         <load_address>0x10e5</load_address>
         <run_address>0x10e5</run_address>
         <size>0xe4</size>
         <input_file_ref idref="fl-4c"/>
      </object_component>
      <object_component id="oc-112">
         <name>.debug_frame</name>
         <load_address>0x11c9</load_address>
         <run_address>0x11c9</run_address>
         <size>0x116</size>
         <input_file_ref idref="fl-4d"/>
      </object_component>
      <object_component id="oc-119">
         <name>.debug_frame</name>
         <load_address>0x12df</load_address>
         <run_address>0x12df</run_address>
         <size>0x14a</size>
         <input_file_ref idref="fl-4e"/>
      </object_component>
      <object_component id="oc-11e">
         <name>.debug_frame</name>
         <load_address>0x1429</load_address>
         <run_address>0x1429</run_address>
         <size>0x116</size>
         <input_file_ref idref="fl-4f"/>
      </object_component>
      <object_component id="oc-123">
         <name>.debug_frame</name>
         <load_address>0x153f</load_address>
         <run_address>0x153f</run_address>
         <size>0x135</size>
         <input_file_ref idref="fl-50"/>
      </object_component>
      <object_component id="oc-12a">
         <name>.debug_frame</name>
         <load_address>0x1674</load_address>
         <run_address>0x1674</run_address>
         <size>0x14a</size>
         <input_file_ref idref="fl-51"/>
      </object_component>
      <object_component id="oc-12f">
         <name>.debug_frame</name>
         <load_address>0x17be</load_address>
         <run_address>0x17be</run_address>
         <size>0x1d9</size>
         <input_file_ref idref="fl-52"/>
      </object_component>
      <object_component id="oc-134">
         <name>.debug_frame</name>
         <load_address>0x1997</load_address>
         <run_address>0x1997</run_address>
         <size>0x175</size>
         <input_file_ref idref="fl-53"/>
      </object_component>
      <object_component id="oc-1b">
         <name>.debug_line</name>
         <load_address>0x0</load_address>
         <run_address>0x0</run_address>
         <size>0x74a</size>
         <input_file_ref idref="fl-2"/>
      </object_component>
      <object_component id="oc-22">
         <name>.debug_line</name>
         <load_address>0x74a</load_address>
         <run_address>0x74a</run_address>
         <size>0x6f</size>
         <input_file_ref idref="fl-3"/>
      </object_component>
      <object_component id="oc-29">
         <name>.debug_line</name>
         <load_address>0x7b9</load_address>
         <run_address>0x7b9</run_address>
         <size>0x14c</size>
         <input_file_ref idref="fl-4"/>
      </object_component>
      <object_component id="oc-30">
         <name>.debug_line</name>
         <load_address>0x905</load_address>
         <run_address>0x905</run_address>
         <size>0x7d</size>
         <input_file_ref idref="fl-5"/>
      </object_component>
      <object_component id="oc-37">
         <name>.debug_line</name>
         <load_address>0x982</load_address>
         <run_address>0x982</run_address>
         <size>0x86</size>
         <input_file_ref idref="fl-6"/>
      </object_component>
      <object_component id="oc-3f">
         <name>.debug_line</name>
         <load_address>0xa08</load_address>
         <run_address>0xa08</run_address>
         <size>0xc0</size>
         <input_file_ref idref="fl-7"/>
      </object_component>
      <object_component id="oc-46">
         <name>.debug_line</name>
         <load_address>0xac8</load_address>
         <run_address>0xac8</run_address>
         <size>0xcf</size>
         <input_file_ref idref="fl-8"/>
      </object_component>
      <object_component id="oc-4d">
         <name>.debug_line</name>
         <load_address>0xb97</load_address>
         <run_address>0xb97</run_address>
         <size>0xaf</size>
         <input_file_ref idref="fl-9"/>
      </object_component>
      <object_component id="oc-54">
         <name>.debug_line</name>
         <load_address>0xc46</load_address>
         <run_address>0xc46</run_address>
         <size>0x8f</size>
         <input_file_ref idref="fl-a"/>
      </object_component>
      <object_component id="oc-58">
         <name>.debug_line</name>
         <load_address>0xcd5</load_address>
         <run_address>0xcd5</run_address>
         <size>0x54</size>
         <input_file_ref idref="fl-24"/>
      </object_component>
      <object_component id="oc-5c">
         <name>.debug_line</name>
         <load_address>0xd29</load_address>
         <run_address>0xd29</run_address>
         <size>0x3c</size>
         <input_file_ref idref="fl-25"/>
      </object_component>
      <object_component id="oc-60">
         <name>.debug_line</name>
         <load_address>0xd65</load_address>
         <run_address>0xd65</run_address>
         <size>0x44</size>
         <input_file_ref idref="fl-26"/>
      </object_component>
      <object_component id="oc-67">
         <name>.debug_line</name>
         <load_address>0xda9</load_address>
         <run_address>0xda9</run_address>
         <size>0x51</size>
         <input_file_ref idref="fl-27"/>
      </object_component>
      <object_component id="oc-6b">
         <name>.debug_line</name>
         <load_address>0xdfa</load_address>
         <run_address>0xdfa</run_address>
         <size>0x5c</size>
         <input_file_ref idref="fl-28"/>
      </object_component>
      <object_component id="oc-6f">
         <name>.debug_line</name>
         <load_address>0xe56</load_address>
         <run_address>0xe56</run_address>
         <size>0x3c</size>
         <input_file_ref idref="fl-29"/>
      </object_component>
      <object_component id="oc-76">
         <name>.debug_line</name>
         <load_address>0xe92</load_address>
         <run_address>0xe92</run_address>
         <size>0x112</size>
         <input_file_ref idref="fl-2a"/>
      </object_component>
      <object_component id="oc-7a">
         <name>.debug_line</name>
         <load_address>0xfa4</load_address>
         <run_address>0xfa4</run_address>
         <size>0x68</size>
         <input_file_ref idref="fl-2b"/>
      </object_component>
      <object_component id="oc-7e">
         <name>.debug_line</name>
         <load_address>0x100c</load_address>
         <run_address>0x100c</run_address>
         <size>0x52</size>
         <input_file_ref idref="fl-2c"/>
      </object_component>
      <object_component id="oc-82">
         <name>.debug_line</name>
         <load_address>0x105e</load_address>
         <run_address>0x105e</run_address>
         <size>0x37</size>
         <input_file_ref idref="fl-2d"/>
      </object_component>
      <object_component id="oc-88">
         <name>.debug_line</name>
         <load_address>0x1095</load_address>
[...]
      <symbol id="sm-3df">
         <name>__remul</name>
         <value>0x46971</value>
         <object_component_ref idref="oc-d7"/>
      </symbol>
      <symbol id="sm-3e9">
         <name>__subd</name>
         <value>0x47052</value>
         <object_component_ref idref="oc-db"/>
      </symbol>
      <symbol id="sm-3f1">
         <name>__remu</name>
         <value>0x46fd1</value>
         <object_component_ref idref="oc-df"/>
      </symbol>
      <symbol id="sm-3f2">
         <name>__divu</name>
         <value>0x46fbc</value>
         <object_component_ref idref="oc-df"/>
      </symbol>
      <symbol id="sm-3f3">
         <name>I$$UMOD</name>
         <value>0x46fd1</value>
         <object_component_ref idref="oc-df"/>
      </symbol>
      <symbol id="sm-3f4">
         <name>I$$UDIV</name>
         <value>0x46fbc</value>
         <object_component_ref idref="oc-df"/>
      </symbol>
      <symbol id="sm-3fe">
         <name>__addd</name>
         <value>0x44a8d</value>
         <object_component_ref idref="oc-e3"/>
      </symbol>
      <symbol id="sm-408">
         <name>__frcmpyd</name>
         <value>0x46888</value>
         <object_component_ref idref="oc-e7"/>
      </symbol>
      <symbol id="sm-43f">
         <name>_pllObj</name>
         <value>0x462c</value>
         <object_component_ref idref="oc-ec"/>
      </symbol>
      <symbol id="sm-440">
         <name>_pConfigInfo</name>
         <value>0x4694</value>
         <object_component_ref idref="oc-ec"/>
      </symbol>
      <symbol id="sm-441">
         <name>_pllCfg_75MHz</name>
         <value>0x4674</value>
         <object_component_ref idref="oc-ec"/>
      </symbol>
      <symbol id="sm-442">
         <name>_hPll</name>
         <value>0x4640</value>
         <object_component_ref idref="oc-ec"/>
      </symbol>
      <symbol id="sm-443">
         <name>_pllCfg_98MHz</name>
         <value>0x467c</value>
         <object_component_ref idref="oc-ec"/>
      </symbol>
      <symbol id="sm-444">
         <name>_pllCfg_100MHz</name>
         <value>0x4684</value>
         <object_component_ref idref="oc-ec"/>
      </symbol>
      <symbol id="sm-445">
         <name>_pllCfg_40MHz</name>
         <value>0x4664</value>
         <object_component_ref idref="oc-ec"/>
      </symbol>
      <symbol id="sm-446">
         <name>_pllCfg_2MHz</name>
         <value>0x464c</value>
         <object_component_ref idref="oc-ec"/>
      </symbol>
      <symbol id="sm-447">
         <name>_pllCfg1</name>
         <value>0x4638</value>
         <object_component_ref idref="oc-ec"/>
      </symbol>
      <symbol id="sm-448">
         <name>_pll_frequency_setup</name>
         <value>0x43b19</value>
         <object_component_ref idref="oc-eb"/>
      </symbol>
      <symbol id="sm-449">
         <name>_pllCfg_120MHz</name>
         <value>0x468c</value>
         <object_component_ref idref="oc-ec"/>
      </symbol>
      <symbol id="sm-44a">
         <name>_pllCfg_12MHz</name>
         <value>0x4654</value>
         <object_component_ref idref="oc-ec"/>
      </symbol>
      <symbol id="sm-44b">
         <name>_pllCfg_1MHz</name>
         <value>0x4644</value>
         <object_component_ref idref="oc-ec"/>
      </symbol>
      <symbol id="sm-44c">
         <name>_pllCfg_60MHz</name>
         <value>0x466c</value>
         <object_component_ref idref="oc-ec"/>
      </symbol>
      <symbol id="sm-44d">
         <name>_pllCfg_12p288MHz</name>
         <value>0x465c</value>
         <object_component_ref idref="oc-ec"/>
      </symbol>
      <symbol id="sm-461">
         <name>_aic3204_disable</name>
         <value>0x46070</value>
         <object_component_ref idref="oc-f3"/>
      </symbol>
      <symbol id="sm-462">
         <name>_aic3204_hardware_init</name>
         <value>0x4605e</value>
         <object_component_ref idref="oc-f3"/>
      </symbol>
      <symbol id="sm-463">
         <name>_AIC3204_rset</name>
         <value>0x4603c</value>
         <object_component_ref idref="oc-f3"/>
      </symbol>
      <symbol id="sm-464">
         <name>_aic3204_codec_read</name>
         <value>0x46082</value>
         <object_component_ref idref="oc-f3"/>
      </symbol>
      <symbol id="sm-465">
         <name>_counter1</name>
         <value>0x473c</value>
         <object_component_ref idref="oc-f4"/>
      </symbol>
      <symbol id="sm-466">
         <name>_counter2</name>
         <value>0x473e</value>
         <object_component_ref idref="oc-f4"/>
      </symbol>
      <symbol id="sm-467">
         <name>_AIC3204_rget</name>
         <value>0x45ff1</value>
         <object_component_ref idref="oc-f3"/>
      </symbol>
      <symbol id="sm-468">
         <name>_aic3204_codec_write</name>
         <value>0x460c8</value>
         <object_component_ref idref="oc-f3"/>
      </symbol>
      <symbol id="sm-488">
         <name>_set_sampling_frequency_and_gain</name>
         <value>0x3ee32</value>
         <object_component_ref idref="oc-f9"/>
      </symbol>
      <symbol id="sm-489">
         <name>_aic3204_init</name>
         <value>0x3ec54</value>
         <object_component_ref idref="oc-f9"/>
      </symbol>
      <symbol id="sm-4bc">
         <name>_bargraph_6dB</name>
         <value>0x44673</value>
         <object_component_ref idref="oc-ff"/>
      </symbol>
      <symbol id="sm-4bd">
         <name>_bargraph_3dB</name>
         <value>0x445d5</value>
         <object_component_ref idref="oc-ff"/>
      </symbol>
      <symbol id="sm-4be">
         <name>_bargraph_12dB</name>
         <value>0x44711</value>
         <object_component_ref idref="oc-ff"/>
      </symbol>
      <symbol id="sm-4bf">
         <name>_spectrum_analyser_display</name>
         <value>0x447af</value>
         <object_component_ref idref="oc-ff"/>
      </symbol>
      <symbol id="sm-4f2">
         <name>_printCharacter</name>
         <value>0x437bf</value>
         <object_component_ref idref="oc-104"/>
      </symbol>
      <symbol id="sm-4f3">
         <name>_OSD9616_multiSend</name>
         <value>0x43773</value>
         <object_component_ref idref="oc-104"/>
      </symbol>
      <symbol id="sm-4f4">
         <name>_character_set</name>
         <value>0x43ce</value>
         <object_component_ref idref="oc-105"/>
      </symbol>
      <symbol id="sm-4f5">
         <name>_oled_init</name>
         <value>0x438f1</value>
         <object_component_ref idref="oc-104"/>
      </symbol>
      <symbol id="sm-4f6">
         <name>_number_set</name>
         <value>0x449e</value>
         <object_component_ref idref="oc-105"/>
      </symbol>
      <symbol id="sm-4f7">
         <name>_OSD9616_send</name>
         <value>0x43753</value>
         <object_component_ref idref="oc-104"/>
      </symbol>
      <symbol id="sm-4f8">
         <name>_oled_display_message</name>
         <value>0x43a0e</value>
         <object_component_ref idref="oc-104"/>
      </symbol>
      <symbol id="sm-4f9">
         <name>_printMessage</name>
         <value>0x43803</value>
         <object_component_ref idref="oc-104"/>
      </symbol>
      <symbol id="sm-503">
         <name>_stereo_to_mono</name>
         <value>0x47008</value>
         <object_component_ref idref="oc-10b"/>
      </symbol>
      <symbol id="sm-511">
         <name>_USBSTK5505_waitusec</name>
         <value>0x46d37</value>
         <object_component_ref idref="oc-110"/>
      </symbol>
      <symbol id="sm-512">
         <name>_USBSTK5505_wait</name>
         <value>0x46d03</value>
         <object_component_ref idref="oc-110"/>
      </symbol>
      <symbol id="sm-513">
         <name>_USBSTK5505_init</name>
         <value>0x46d49</value>
         <object_component_ref idref="oc-110"/>
      </symbol>
      <symbol id="sm-53c">
         <name>_USBSTK5505_I2C_reset</name>
         <value>0x45eef</value>
         <object_component_ref idref="oc-115"/>
      </symbol>
      <symbol id="sm-53d">
         <name>_USBSTK5505_I2C_read</name>
         <value>0x45f78</value>
         <object_component_ref idref="oc-115"/>
      </symbol>
      <symbol id="sm-53e">
         <name>_USBSTK5505_I2C_close</name>
         <value>0x45ee6</value>
         <object_component_ref idref="oc-115"/>
      </symbol>
      <symbol id="sm-53f">
         <name>_USBSTK5505_I2C_write</name>
         <value>0x45efd</value>
         <object_component_ref idref="oc-115"/>
      </symbol>
      <symbol id="sm-540">
         <name>_USBSTK5505_I2C_init</name>
         <value>0x45ec7</value>
         <object_component_ref idref="oc-115"/>
      </symbol>
      <symbol id="sm-54e">
         <name>_USBSTK5515_wait</name>
         <value>0x46d57</value>
         <object_component_ref idref="oc-11c"/>
      </symbol>
      <symbol id="sm-54f">
         <name>_USBSTK5515_init</name>
         <value>0x46d9d</value>
         <object_component_ref idref="oc-11c"/>
      </symbol>
      <symbol id="sm-550">
         <name>_USBSTK5515_waitusec</name>
         <value>0x46d8b</value>
         <object_component_ref idref="oc-11c"/>
      </symbol>
      <symbol id="sm-564">
         <name>_USBSTK5515_GPIO_setOutput</name>
         <value>0x45b69</value>
         <object_component_ref idref="oc-121"/>
      </symbol>
      <symbol id="sm-565">
         <name>_USBSTK5515_GPIO_setDirection</name>
         <value>0x45aec</value>
         <object_component_ref idref="oc-121"/>
      </symbol>
      <symbol id="sm-566">
         <name>_USBSTK5515_GPIO_init</name>
         <value>0x45ae8</value>
         <object_component_ref idref="oc-121"/>
      </symbol>
      <symbol id="sm-567">
         <name>_USBSTK5515_GPIO_getInput</name>
         <value>0x45be6</value>
         <object_component_ref idref="oc-121"/>
      </symbol>
      <symbol id="sm-590">
         <name>_USBSTK5515_I2C_close</name>
         <value>0x45da8</value>
         <object_component_ref idref="oc-126"/>
      </symbol>
      <symbol id="sm-591">
         <name>_USBSTK5515_I2C_read</name>
         <value>0x45e4e</value>
         <object_component_ref idref="oc-126"/>
      </symbol>
      <symbol id="sm-592">
         <name>_USBSTK5515_I2C_write</name>
         <value>0x45dbf</value>
         <object_component_ref idref="oc-126"/>
      </symbol>
      <symbol id="sm-593">
         <name>_USBSTK5515_I2C_reset</name>
         <value>0x45db1</value>
         <object_component_ref idref="oc-126"/>
      </symbol>
      <symbol id="sm-594">
         <name>_USBSTK5515_I2C_init</name>
         <value>0x45d89</value>
         <object_component_ref idref="oc-126"/>
      </symbol>
      <symbol id="sm-5b1">
         <name>_USBSTK5515_ULED_toggle</name>
         <value>0x454ac</value>
         <object_component_ref idref="oc-12d"/>
      </symbol>
      <symbol id="sm-5b2">
         <name>_USBSTK5515_LED_on</name>
         <value>0x45333</value>
         <object_component_ref idref="oc-12d"/>
      </symbol>
      <symbol id="sm-5b3">
         <name>_USBSTK5515_LED_off</name>
         <value>0x45344</value>
         <object_component_ref idref="oc-12d"/>
      </symbol>
      <symbol id="sm-5b4">
         <name>_USBSTK5515_ULED_on</name>
         <value>0x45444</value>
         <object_component_ref idref="oc-12d"/>
      </symbol>
      <symbol id="sm-5b5">
         <name>_USBSTK5515_ULED_off</name>
         <value>0x45479</value>
         <object_component_ref idref="oc-12d"/>
      </symbol>
      <symbol id="sm-5b6">
         <name>_USBSTK5515_ULED_getall</name>
         <value>0x45384</value>
         <object_component_ref idref="oc-12d"/>
      </symbol>
      <symbol id="sm-5b7">
         <name>_USBSTK5515_ULED_setall</name>
         <value>0x453d6</value>
         <object_component_ref idref="oc-12d"/>
      </symbol>
      <symbol id="sm-5b8">
         <name>_USBSTK5515_ULED_init</name>
         <value>0x45355</value>
         <object_component_ref idref="oc-12d"/>
      </symbol>
      <symbol id="sm-5b9">
         <name>_USBSTK5515_LED_init</name>
         <value>0x45328</value>
         <object_component_ref idref="oc-12d"/>
      </symbol>
      <symbol id="sm-5de">
         <name>_PLL_reset</name>
         <value>0x442fd</value>
         <object_component_ref idref="oc-132"/>
      </symbol>
      <symbol id="sm-5df">
         <name>_PLL_bypass</name>
         <value>0x442ae</value>
         <object_component_ref idref="oc-132"/>
      </symbol>
      <symbol id="sm-5e0">
         <name>_PLL_enable</name>
         <value>0x44247</value>
         <object_component_ref idref="oc-132"/>
      </symbol>
      <symbol id="sm-5e1">
         <name>_PLL_config</name>
         <value>0x4411e</value>
         <object_component_ref idref="oc-132"/>
      </symbol>
      <symbol id="sm-5e2">
         <name>_PLL_init</name>
         <value>0x440e6</value>
         <object_component_ref idref="oc-132"/>
      </symbol>
      <symbol id="sm-5f0">
         <name>_iircas51</name>
         <value>0x46719</value>
         <object_component_ref idref="oc-137"/>
      </symbol>
      <symbol id="sm-5fd">
         <name>_sine</name>
         <value>0x46bf4</value>
         <object_component_ref idref="oc-13b"/>
      </symbol>
      <symbol id="sm-607">
         <name>_printf</name>
         <value>0x46dab</value>
         <object_component_ref idref="oc-140"/>
      </symbol>
      <symbol id="sm-611">
         <name>__tmpnams</name>
         <value>0x40ec</value>
         <object_component_ref idref="oc-144"/>
      </symbol>
      <symbol id="sm-612">
         <name>__ft_end</name>
         <value>0x422c</value>
         <object_component_ref idref="oc-144"/>
      </symbol>
      <symbol id="sm-613">
         <name>__ftable</name>
         <value>0x3ffc</value>
         <object_component_ref idref="oc-144"/>
      </symbol>
      <symbol id="sm-61d">
         <name>_putchar</name>
         <value>0x4666a</value>
         <object_component_ref idref="oc-148"/>
      </symbol>
      <symbol id="sm-61e">
         <name>_putc</name>
         <value>0x465d7</value>
         <object_component_ref idref="oc-148"/>
      </symbol>
      <symbol id="sm-61f">
         <name>_fputc</name>
         <value>0x465d7</value>
         <object_component_ref idref="oc-148"/>
      </symbol>
      <symbol id="sm-62b">
         <name>_puts</name>
         <value>0x45960</value>
         <object_component_ref idref="oc-14c"/>
      </symbol>
      <symbol id="sm-62c">
         <name>_fputs</name>
         <value>0x45811</value>
         <object_component_ref idref="oc-14c"/>
      </symbol>
      <symbol id="sm-63d">
         <name>_add_device</name>
         <value>0x4366b</value>
         <object_component_ref idref="oc-151"/>
      </symbol>
      <symbol id="sm-63e">
         <name>_rename</name>
         <value>0x4339c</value>
         <object_component_ref idref="oc-151"/>
      </symbol>
      <symbol id="sm-63f">
         <name>_read</name>
         <value>0x43427</value>
         <object_component_ref idref="oc-151"/>
      </symbol>
      <symbol id="sm-640">
         <name>_unlink</name>
         <value>0x43368</value>
         <object_component_ref idref="oc-151"/>
      </symbol>
      <symbol id="sm-641">
         <name>_remove_device</name>
         <value>0x433f3</value>
         <object_component_ref idref="oc-151"/>
      </symbol>
      <symbol id="sm-642">
         <name>_open</name>
         <value>0x434d1</value>
         <object_component_ref idref="oc-151"/>
      </symbol>
      <symbol id="sm-643">
         <name>_find_registered_device</name>
         <value>0x435f2</value>
         <object_component_ref idref="oc-151"/>
      </symbol>
      <symbol id="sm-644">
         <name>_lseek</name>
         <value>0x4358e</value>
         <object_component_ref idref="oc-151"/>
      </symbol>
      <symbol id="sm-645">
         <name>_close</name>
         <value>0x435fb</value>
         <object_component_ref idref="oc-151"/>
      </symbol>
      <symbol id="sm-646">
         <name>_write</name>
         <value>0x4323b</value>
         <object_component_ref idref="oc-151"/>
      </symbol>
      <symbol id="sm-652">
         <name>_HOSTopen</name>
         <value>0x3f4a7</value>
         <object_component_ref idref="oc-157"/>
      </symbol>
      <symbol id="sm-653">
         <name>_HOSTread</name>
         <value>0x3f41c</value>
         <object_component_ref idref="oc-157"/>
      </symbol>
      <symbol id="sm-654">
         <name>_HOSTtime</name>
         <value>0x3f305</value>
         <object_component_ref idref="oc-157"/>
      </symbol>
      <symbol id="sm-655">
         <name>_getenv</name>
         <value>0x3f18e</value>
         <object_component_ref idref="oc-157"/>
      </symbol>
      <symbol id="sm-656">
         <name>_HOSTrename</name>
         <value>0x3f363</value>
         <object_component_ref idref="oc-157"/>
      </symbol>
      <symbol id="sm-657">
         <name>_HOSTclock</name>
         <value>0x3f668</value>
         <object_component_ref idref="oc-157"/>
      </symbol>
      <symbol id="sm-658">
         <name>_HOSTwrite</name>
         <value>0x3f20e</value>
         <object_component_ref idref="oc-157"/>
      </symbol>
      <symbol id="sm-659">
         <name>_HOSTlseek</name>
         <value>0x3f548</value>
         <object_component_ref idref="oc-157"/>
      </symbol>
      <symbol id="sm-65a">
         <name>_HOSTunlink</name>
         <value>0x3f299</value>
         <object_component_ref idref="oc-157"/>
      </symbol>
      <symbol id="sm-65b">
         <name>_HOSTclose</name>
         <value>0x3f5fd</value>
         <object_component_ref idref="oc-157"/>
      </symbol>
      <symbol id="sm-66d">
         <name>C$$IO$$</name>
         <value>0x4646b</value>
         <object_component_ref idref="oc-15f"/>
      </symbol>
      <symbol id="sm-66e">
         <name>__CIOBUF_</name>
         <value>0x404f8</value>
         <object_component_ref idref="oc-15e"/>
      </symbol>
      <symbol id="sm-66f">
         <name>_readmsg</name>
         <value>0x46aba</value>
         <object_component_ref idref="oc-15c"/>
      </symbol>
      <symbol id="sm-670">
         <name>_writemsg</name>
         <value>0x463b2</value>
         <object_component_ref idref="oc-15f"/>
      </symbol>
      <symbol id="sm-67a">
         <name>__rd_ok</name>
         <value>0x46355</value>
         <object_component_ref idref="oc-162"/>
      </symbol>
      <symbol id="sm-67b">
         <name>__wrt_ok</name>
         <value>0x462d8</value>
         <object_component_ref idref="oc-162"/>
      </symbol>
      <symbol id="sm-685">
         <name>__doflush</name>
         <value>0x46470</value>
         <object_component_ref idref="oc-166"/>
      </symbol>
      <symbol id="sm-686">
         <name>_fflush</name>
         <value>0x464d2</value>
         <object_component_ref idref="oc-166"/>
      </symbol>
      <symbol id="sm-690">
         <name>_fseek</name>
         <value>0x46b25</value>
         <object_component_ref idref="oc-16a"/>
      </symbol>
      <symbol id="sm-69a">
         <name>_setvbuf</name>
         <value>0x46104</value>
         <object_component_ref idref="oc-16e"/>
      </symbol>
      <symbol id="sm-6a9">
         <name>__cleanup</name>
         <value>0x4447e</value>
         <object_component_ref idref="oc-172"/>
      </symbol>
      <symbol id="sm-6aa">
         <name>_fopen</name>
         <value>0x4459c</value>
         <object_component_ref idref="oc-172"/>
      </symbol>
      <symbol id="sm-6ab">
         <name>_freopen</name>
         <value>0x444d6</value>
         <object_component_ref idref="oc-172"/>
      </symbol>
      <symbol id="sm-6b5">
         <name>_fclose</name>
         <value>0x46812</value>
         <object_component_ref idref="oc-178"/>
      </symbol>
      <symbol id="sm-6bf">
         <name>_remove</name>
         <value>0x4709b</value>
         <object_component_ref idref="oc-17c"/>
      </symbol>
   </symbol_table>
</link_info>
