******************************************************************************
              TMS320C55x Linker PC v4.4.1                      
******************************************************************************
>> Linked Wed May 10 19:37:25 2017

OUTPUT FILE NAME:   <DSP_Inzynierka.out>
ENTRY POINT SYMBOL: "_c_int00"  address: 00046e58


MEMORY CONFIGURATION

         name            origin    length      used     unused   attr    fill
                        (bytes)   (bytes)    (bytes)   (bytes)
----------------------  --------  ---------  --------  --------  ----  --------
PAGE 0:
  MMR                   00000000   000000c0  00000000  000000c0  RWIX
  DARAM0                000000c0   0000ff40  0000fb30  00000410  RWIX
  SARAM0                00010000   00010000  0000ee58  000011a8  RWIX
  SARAM1                00020000   00020000  0001ffff  00000001  RWIX
  SARAM2                00040000   0000fe00  00006fa7  00008e59  RWIX
  VECS                  0004fe00   00000200  00000100  00000100  RWIX
  PDROM                 00ff8000   00008000  00000000  00008000  R IX

PAGE 2:
  IOPORT                00000000   00020000  00000000  00020000  RWI 


SECTION ALLOCATION MAP
(Addresses surrounded by []'s are displayed for convenience only!)

output                                                          attributes/
section   page  orgn(bytes) orgn(words) len(bytes) len(words)   input sections
--------  ----  ----------- ----------- ---------- ----------   --------------
.pinit       0   [ 00040000 ]  00020000          *   00000000   UNINITIALIZED

.stack       0   [ 000000c0 ]  00000060          *   00001000   UNINITIALIZED
                 [ 000000c0 ]  00000060          *   00001000   --HOLE--

.sysstack 
*            0   [ 000020c0 ]  00001060          *   00000800   UNINITIALIZED
                 [ 000020c0 ]  00001060          *   00000800   --HOLE--

.bss.1       0   [ 000030c0 ]  00001860          *   00000b39   UNINITIALIZED
                 [ 000030c0 ]  00001860          *   000004be   Chorus.obj (.bss)
                 [ 00003a3c ]  00001d1e          *   000002de   flanger.obj (.bss)
                 [ 00003ff8 ]  00001ffc          *   00000119   rts55h.lib : defs.obj (.bss)
                 [ 0000422a ]  00002115          *   000000d0              : trgdrv.obj (.bss)
                 [ 000043ca ]  000021e5          *   000000bc   oled5515.obj (.bss)
                 [ 00004542 ]  000022a1          *   00000001   rts55h.lib : fopen.obj (.bss)
                 [ 00004544 ]  000022a2          *   00000071              : lowlev.obj (.bss)
                 [ 00004626 ]  00002313          *   00000001   usbstk5505_i2c.obj (.bss)
                 [ 00004628 ]  00002314          *   00000036   PLL.obj (.bss)
                 [ 00004694 ]  0000234a          *   0000001e   EffectsList.obj (.bss)
                 [ 000046d0 ]  00002368          *   00000012   distortion.obj (.bss)
                 [ 000046f4 ]  0000237a          *   0000000a   tremolo.obj (.bss)
                 [ 00004708 ]  00002384          *   00000007   pushbuttons5515.obj (.bss)
                 [ 00004716 ]  0000238b          *   00000001   usbstk5515_i2c.obj (.bss)
                 [ 00004718 ]  0000238c          *   00000007   rts55h.lib : memory.obj (.bss)
                 [ 00004726 ]  00002393          *   00000006   main.obj (.bss)

.data        0   [ 00004732 ]  00002399          *   00000001   
                 [ 00004732 ]  00002399          *   00000001   55xdsph.lib : sine.obj (.data:.text)

.bss.2       0   [ 00004734 ]  0000239a          *   0000000a   UNINITIALIZED
                 [ 00004734 ]  0000239a          *   00000004   rts55h.lib : _lock.obj (.bss)
                 [ 0000473c ]  0000239e          *   00000004              : exit.obj (.bss)
                 [ 00004744 ]  000023a2          *   00000002   aic3204.obj (.bss)

.const.1     0   [ 00004748 ]  000023a4          *   00004a11   
                 [ 00004748 ]  000023a4          *   00004000   distortion.obj (.const:_xAxis)
                 [ 0000c748 ]  000063a4          *   00000566   EffectsList.obj (.const:.string)
                 [ 0000d214 ]  0000690a          *   00000236   PLL.obj (.const:.string)
                 [ 0000d680 ]  00006b40          *   00000174   aic3204_init.obj (.const:.string)
                 [ 0000d968 ]  00006cb4          *   00000101   rts55h.lib : ctype.obj (.const:__ctypes_)

.const.2     0   [ 0000db6c ]  00006db6          *   0000003d   
                 [ 0000db6c ]  00006db6          *   00000024   rts55h.lib : _printfi.obj (.const:.string)
                 [ 0000dbb4 ]  00006dda          *   0000000c              : _printfi.obj (.const)
                 [ 0000dbcc ]  00006de6          *   00000008              : divd.obj (.const:_initial_approx$1)
                 [ 0000dbdc ]  00006dee          *   00000005   distortion.obj (.const:_IIR_low_pass_4800Hz)

.const.3     0   [ 0000dbe8 ]  00006df4          *   00000006   
                 [ 0000dbe8 ]  00006df4          *   00000002   rts55h.lib : fputs.obj (.const:.string)
                 [ 0000dbec ]  00006df6          *   00000002   distortion.obj (.const)
                 [ 0000dbf0 ]  00006df8          *   00000002   rts55h.lib : fltlid.obj (.const)

.sysmem      0   [ 0000dbf4 ]  00006dfa          *   00001000   UNINITIALIZED
                 [ 0000dbf4 ]  00006dfa          *   00001000   --HOLE--

.bss.3       0   [ 00010000 ]  00008000          *   0000772c   UNINITIALIZED
                 [ 00010000 ]  00008000          *   0000772c   delay2.obj (.bss)

.bss.4       0   [ 00020000 ]  00010000          *   0000762a   UNINITIALIZED
                 [ 00020000 ]  00010000          *   0000762a   delay.obj (.bss)

.const.4     0   [ 0002ec54 ]  0001762a          *   00008000   
                 [ 0002ec54 ]  0001762a          *   00004000   distortion.obj (.const:_yHardAxis)
                 [ 00036c54 ]  0001b62a          *   00004000   distortion.obj (.const:_ySoftAxis)

.text.1      0     0003ec54  [ 0001f62a ] 000013ab          *   
                   0003ec54  [ 0001f62a ] 0000053a          *   aic3204_init.obj (.text)
                   0003f18e  [ 0001f8c7 ] 00000538          *   rts55h.lib : trgdrv.obj (.text)
                   0003f6c6  [ 0001fb63 ] 00000533          *              : memory.obj (.text)
                   0003fbf9  [ 0001fdfc+] 000003c7          *              : divd.obj (.text)
                   0003ffc0  [ 0001ffe0 ] 0000003e          *              : exit.obj (.text)
                   0003fffe  [ 0001ffff ] 00000001          *   --HOLE-- [fill = 20]

.cinit       0   [ 00040000 ]  00020000          *   00000287   
                 [ 00040000 ]  00020000          *   000000c2   oled5515.obj (.cinit)
                 [ 00040184 ]  000200c2          *   00000046   PLL.obj (.cinit)
                 [ 00040210 ]  00020108          *   0000003c   EffectsList.obj (.cinit)
                 [ 00040288 ]  00020144          *   0000002f   distortion.obj (.cinit)
                 [ 000402e6 ]  00020173          *   0000002d   rts55h.lib : lowlev.obj (.cinit)
                 [ 00040340 ]  000201a0          *   0000002a              : defs.obj (.cinit)
                 [ 00040394 ]  000201ca          *   0000001e   Chorus.obj (.cinit)
                 [ 000403d0 ]  000201e8          *   0000001e   flanger.obj (.cinit)
                 [ 0004040c ]  00020206          *   0000001b   tremolo.obj (.cinit)
                 [ 00040442 ]  00020221          *   00000016   delay2.obj (.cinit)
                 [ 0004046e ]  00020237          *   00000016   pushbuttons5515.obj (.cinit)
                 [ 0004049a ]  0002024d          *   00000011   delay.obj (.cinit)
                 [ 000404bc ]  0002025e          *   0000000a   rts55h.lib : _lock.obj (.cinit)
                 [ 000404d0 ]  00020268          *   0000000a              : exit.obj (.cinit)
                 [ 000404e4 ]  00020272          *   00000004   main.obj (.cinit)
                 [ 000404ec ]  00020276          *   00000004   rts55h.lib : fopen.obj (.cinit)
                 [ 000404f4 ]  0002027a          *   00000004              : memory.obj (.cinit)
                 [ 000404fc ]  0002027e          *   00000004   usbstk5505_i2c.obj (.cinit)
                 [ 00040504 ]  00020282          *   00000004   usbstk5515_i2c.obj (.cinit)
                 [ 0004050c ]  00020286          *   00000001   --HOLE-- [fill = 0]

.cio         0   [ 00040510 ]  00020288          *   00000120   UNINITIALIZED
                 [ 00040510 ]  00020288          *   00000120   rts55h.lib : trgmsg.obj (.cio)

.text.2      0     00040750  [ 000203a8 ] 00006859          *   
                   00040750  [ 000203a8 ] 000015d0          *   EffectsList.obj (.text)
                   00041d20  [ 00020e90 ] 00001533          *   rts55h.lib : _printfi.obj (.text)
                   00043253  [ 00021929+] 00000518          *              : lowlev.obj (.text)
                   0004376b  [ 00021bb5+] 0000034b          *   oled5515.obj (.text)
                   00043ab6  [ 00021d5b ] 00000340          *   PLL.obj (.text)
                   00043df6  [ 00021efb ] 000002ad          *   CSLc55x5h.lib : csl_pll.obj (.text)
                   000440a3  [ 00022051+] 0000026c          *   rts55h.lib : fopen.obj (.text)
                   0004430f  [ 00022187+] 0000025c          *   bargraph5515.obj (.text)
                   0004456b  [ 000222b5+] 0000025c          *   rts55h.lib : llmpy.obj (.text)
                   000447c7  [ 000223e3+] 00000257          *              : addd.obj (.text)
                   00044a1e  [ 0002250f ] 00000230          *   distortion.obj (.text)
                   00044c4e  [ 00022627 ] 00000212          *   flanger.obj (.text)
                   00044e60  [ 00022730 ] 000001ea          *   rts55h.lib : cmpd.obj (.text)
                   0004504a  [ 00022825 ] 000001d8          *   Chorus.obj (.text)
                   00045222  [ 00022911 ] 000001c9          *   usbstk5515_led.obj (.text)
                   000453eb  [ 000229f5+] 000001a0          *   pushbuttons5515.obj (.text)
                   0004558b  [ 00022ac5+] 00000180          *   delay2.obj (.text)
                   0004570b  [ 00022b85+] 0000017b          *   rts55h.lib : fputs.obj (.text)
                   00045886  [ 00022c43 ] 0000015c          *   tremolo.obj (.text)
                   000459e2  [ 00022cf1 ] 00000156          *   usbstk5515_gpio.obj (.text)
                   00045b38  [ 00022d9c ] 0000014b          *   rts55h.lib : mpyd.obj (.text)
                   00045c83  [ 00022e41+] 0000013e          *   usbstk5515_i2c.obj (.text)
                   00045dc1  [ 00022ee0+] 0000012a          *   usbstk5505_i2c.obj (.text)
                   00045eeb  [ 00022f75+] 00000113          *   aic3204.obj (.text)
                   00045ffe  [ 00022fff ] 000000f3          *   rts55h.lib : setvbuf.obj (.text)
                   000460f1  [ 00023078+] 000000e1          *   delay.obj (.text)
                   000461d2  [ 000230e9 ] 000000da          *   rts55h.lib : _io_perm.obj (.text)
                   000462ac  [ 00023156 ] 000000be          *              : trgmsg.obj (.text:CIO_breakpoint)
                   0004636a  [ 000231b5 ] 000000ba          *              : fflush.obj (.text)
                   00046424  [ 00023212 ] 000000ad          *   main.obj (.text)
                   000464d1  [ 00023268+] 000000a2          *   rts55h.lib : fputc.obj (.text)
                   00046573  [ 000232b9+] 000000a0          *              : divul.obj (.text)
                   00046613  [ 00023309+] 00000080          *   55xdsph.lib : iircas51.obj (.text)
                   00046693  [ 00023349+] 00000079          *   rts55h.lib : ltoa.obj (.text)
                   0004670c  [ 00023386 ] 00000076          *              : fclose.obj (.text)
                   00046782  [ 000233c1 ] 00000076          *              : frcmpyd.obj (.text)
                   000467f8  [ 000233fc ] 00000073          *              : frcmpyd_div.obj (.text)
                   0004686b  [ 00023435+] 00000070          *              : remul.obj (.text)
                   000468db  [ 0002346d+] 0000006e          *              : fixdli.obj (.text)
                   00046949  [ 000234a4+] 0000006b          *              : sprintf.obj (.text)
                   000469b4  [ 000234da ] 0000006b          *              : trgmsg.obj (.text)
                   00046a1f  [ 0002350f+] 00000068          *              : fseek.obj (.text)
                   00046a87  [ 00023543+] 00000067          *              : fltlid.obj (.text)
                   00046aee  [ 00023577 ] 00000060          *   55xdsph.lib : sine.obj (.text)
                   00046b4e  [ 000235a7 ] 00000059          *   rts55h.lib : atoi.obj (.text)
                   00046ba7  [ 000235d3+] 00000056          *              : memcpy.obj (.text)
                   00046bfd  [ 000235fe+] 00000054          *   usbstk5505.obj (.text)
                   00046c51  [ 00023628+] 00000054          *   usbstk5515.obj (.text)
                   00046ca5  [ 00023652+] 0000004e          *   rts55h.lib : printf.obj (.text)
                   00046cf3  [ 00023679+] 0000004d          *              : autoinit.obj (.text)
                   00046d40  [ 000236a0 ] 0000004b          *              : remli.obj (.text)
                   00046d8b  [ 000236c5+] 00000049          *              : args_main.obj (.text)
                   00046dd4  [ 000236ea ] 00000048          *              : divli.obj (.text)
                   00046e1c  [ 0002370e ] 0000003c          *              : idiv.obj (.text)
                   00046e58  [ 0002372c ] 00000034          *              : boot.obj (.text)
                   00046e8c  [ 00023746 ] 0000002a          *              : fixdi.obj (.text)
                   00046eb6  [ 0002375b ] 0000002a          *              : udiv.obj (.text)
                   00046ee0  [ 00023770 ] 00000022          *              : memccpy.obj (.text)
                   00046f02  [ 00023781 ] 0000001c          *   stereo.obj (.text)
                   00046f1e  [ 0002378f ] 0000001a          *   rts55h.lib : isinf.obj (.text)
                   00046f38  [ 0002379c ] 00000014          *              : strcpy.obj (.text)
                   00046f4c  [ 000237a6 ] 00000014          *              : subd.obj (.text)
                   00046f60  [ 000237b0 ] 00000013          *              : lmpy.obj (.text)
                   00046f73  [ 000237b9+] 00000012          *              : _lock.obj (.text)
                   00046f85  [ 000237c2+] 00000010          *              : negd.obj (.text)
                   00046f95  [ 000237ca+] 0000000a          *              : remove.obj (.text)
                   00046f9f  [ 000237cf+] 00000007          *              : exit.obj (.text:CIO_breakpoint)
                   00046fa6  [ 000237d3 ] 00000002          *              : vectors.obj (.text)
                   00046fa8  [ 000237d4 ] 00000001          *   --HOLE-- [fill = 20]

vectors      0     0004fe00  [ 00027f00 ] 00000100          *   
                   0004fe00  [ 00027f00 ] 00000100          *   rts55h.lib : vectors.obj (vectors)


GLOBAL SYMBOLS: SORTED ALPHABETICALLY BY Name 

abs. value/
byte addr   word addr   name
---------   ---------   ----
00000002                $TI_capability$C5500$CallingConvention
00000008                $TI_capability$C5500$MemoryModel
00000001                $TI_capability_requires_rev3
ffffffff                .bss
ffffffff                .data
ffffffff                .text
00046fa0                C$$EXIT
00046365                C$$IO$$
00046e1c                I$$DIV
00046f60                I$$LMPY
00046e3b                I$$MOD
00046eb6                I$$UDIV
00046ecb                I$$UMOD
00045eeb                _AIC3204_rget
00045f36                _AIC3204_rset
0004112e                _Change_Parameter_Level
00040a36                _Delay2_Interface
00040907                _Delay_Interface
00040784                _Display_Function
00040d71                _Distorion_Interface
00040bb1                _Flanger_Chorus_Interface
0003f668                _HOSTclock
0003f5fd                _HOSTclose
0003f548                _HOSTlseek
0003f4a7                _HOSTopen
0003f41c                _HOSTread
0003f363                _HOSTrename
0003f305                _HOSTtime
0003f299                _HOSTunlink
0003f20e                _HOSTwrite
            00006dee    _IIR_low_pass_4800Hz
            00006df6    _LUT_LENGTH
            00006df7    _LUT_STEP
            00002372    _LUT_index
000411f4                _Local_Change_Parameter_Level
000414cd                _Local_Change_Parameter_Level_For_Delay
0004378b                _OSD9616_multiSend
0004376b                _OSD9616_send
00043fe8                _PLL_bypass
00043e58                _PLL_config
00043f81                _PLL_enable
00043e20                _PLL_init
00044037                _PLL_reset
0004fe00                _Reset
000453eb                _SAR_init
00040ec6                _Tremolo_Interface
0004101b                _Tremolo_Modulation_Menu
00045de0                _USBSTK5505_I2C_close
00045dc1                _USBSTK5505_I2C_init
00045e72                _USBSTK5505_I2C_read
00045de9                _USBSTK5505_I2C_reset
00045df7                _USBSTK5505_I2C_write
00046c43                _USBSTK5505_init
00046bfd                _USBSTK5505_wait
00046c31                _USBSTK5505_waitusec
00045ae0                _USBSTK5515_GPIO_getInput
000459e2                _USBSTK5515_GPIO_init
000459e6                _USBSTK5515_GPIO_setDirection
00045a63                _USBSTK5515_GPIO_setOutput
00045ca2                _USBSTK5515_I2C_close
00045c83                _USBSTK5515_I2C_init
00045d48                _USBSTK5515_I2C_read
00045cab                _USBSTK5515_I2C_reset
00045cb9                _USBSTK5515_I2C_write
00045222                _USBSTK5515_LED_init
0004523e                _USBSTK5515_LED_off
0004522d                _USBSTK5515_LED_on
0004527e                _USBSTK5515_ULED_getall
0004524f                _USBSTK5515_ULED_init
00045373                _USBSTK5515_ULED_off
0004533e                _USBSTK5515_ULED_on
000452d0                _USBSTK5515_ULED_setall
000453a6                _USBSTK5515_ULED_toggle
00046c97                _USBSTK5515_init
00046c51                _USBSTK5515_wait
00046c85                _USBSTK5515_waitusec
            00020288    __CIOBUF_
            00001060    __STACK_END
00002000                __STACK_SIZE
00002000                __SYSMEM_SIZE
00001000                __SYSSTACK_SIZE
00000001                __TI_args_main
ffffffff                ___binit__
ffffffff                ___bss__
ffffffff                ___c_args__
            00020000    ___cinit__
ffffffff                ___data__
ffffffff                ___edata__
ffffffff                ___end__
ffffffff                ___etext__
00046f1e                ___isinf
ffffffff                ___pinit__
ffffffff                ___text__
000447c7                __addd
00046d8b                __args_main
000441b8                __cleanup
            0000239e    __cleanup_ptr
00044ff2                __cmpd
            00006cb4    __ctypes_
0003fbf9                __divd
00046e1c                __divi
00046dd4                __divli
00044793                __divlli
00046eb6                __divu
00046573                __divul
0004469f                __divull
0004636a                __doflush
            000023a0    __dtors_ptr
00044fbe                __eqld
00046e8c                __fixdi
000468db                __fixdli
00046a87                __fltlid
00046782                __frcmpyd
000467f8                __frcmpyd_div
            00002114    __ft_end
            00001ffc    __ftable
00044f74                __geqd
00044f29                __gtrd
00044edc                __leqd
            0000239a    __lock
00044e94                __lssd
00045b38                __mpyd
00046f60                __mpyli
000445e8                __mpylli
00046f85                __negd
00044e60                __neqd
00046f83                __nop
00043035                __printfi
0004624f                __rd_ok
00046f7b                __register_lock
00046f73                __register_unlock
00046e3b                __remi
00046d40                __remli
000445b9                __remlli
00046ecb                __remu
0004686b                __remul
0004456b                __remull
            00000060    __stack
00046f4c                __subd
            00006dfa    __sys_memory
            00001060    __sysstack
            00002074    __tmpnams
            0000239c    __unlock
000461d2                __wrt_ok
00046f9f                _abort
00043683                _add_device
00045f7c                _aic3204_codec_read
00045fc2                _aic3204_codec_write
00045f6a                _aic3204_disable
00045f58                _aic3204_hardware_init
0003ec54                _aic3204_init
00046b4e                _atoi
00046cf3                _auto_init
0004444b                _bargraph_12dB
0004430f                _bargraph_3dB
000443ad                _bargraph_6dB
            00002368    _bufL
00046e58                _c_int00
0003fbad                _calloc
            000021e5    _character_set
0003fba5                _chkheap
000450b3                _chorus
0004504a                _chorus_init
            00002357    _chorus_structure
00041650                _chosen_Effect
00043613                _close
            000023a2    _counter1
            000023a3    _counter2
0004614a                _delay
000455e4                _delay2
0004558b                _delay2_init
            0000234d    _delay2_structure
            00001860    _delay_chorus_w_probkach
            00001d1e    _delay_flanger_w_probkach
000460f1                _delay_init
            0000234a    _delay_structure
            00010000    _delay_w_probkach
            00008000    _delay_w_probkach2
            00002373    _deltaX
            0000236d    _deltaY
00044a47                _dist_readFromLUT
00044ac4                _distortion
            0000235c    _distortion_structure
00041c48                _effect_chaine
            00002398    _effect_count
0003ffc0                _exit
            00001ffa    _faza
            00001d1c    _faza_ch
            0000237b    _faza_t
0004670c                _fclose
000463cc                _fflush
            0000236e    _filtr2
0004360a                _find_registered_device
00044cbb                _flanger
00044c4e                _flanger_init
            00002352    _flanger_structure
000442d6                _fopen
000464d1                _fputc
0004570b                _fputs
0003f6c6                _free
0003fb3e                _free_memory
00044210                _freopen
00046a1f                _fseek
            0000237e    _gain
0003f18e                _getenv
            0000231e    _hPll
00046613                _iircas51
00040750                _init_List
00044a1e                _interpolate
            00002364    _krok_interface
            00002393    _lewy_wejscie
            00002395    _lewy_wyjscie
            00001d1f    _licznik
            00001861    _licznik_ch
            00010001    _licznik_opoznienia
            00008001    _licznik_opoznienia2
000407ce                _list_Of_Effects
000435a6                _lseek
00046693                _ltoa
00046424                _main
0003f80a                _malloc
0003fad4                _max_free
00046ee0                _memccpy
00046ba7                _memcpy
0003f798                _minit
            00002380    _modulujacy
            00002397    _mono_wejscie
            0000224d    _number_set
00043a26                _oled_display_message
00043909                _oled_init
            00001ff5    _omega
            00001d17    _omega_ch
            0000237a    _omega_t
0004162f                _on_off_function
            00002367    _one_reset
000434e9                _open
            00002366    _options_counter
            00002378    _out
            00002370    _out2
            00002348    _pConfigInfo
            0000231a    _pllCfg1
            00002340    _pllCfg_100MHz
            00002344    _pllCfg_120MHz
            00002328    _pllCfg_12MHz
            0000232c    _pllCfg_12p288MHz
            00002320    _pllCfg_1MHz
            00002324    _pllCfg_2MHz
            00002330    _pllCfg_40MHz
            00002334    _pllCfg_60MHz
            00002338    _pllCfg_75MHz
            0000233c    _pllCfg_98MHz
            00002314    _pllObj
00043b31                _pll_frequency_setup
            00002365    _poprzedni_krok_interface
            00002394    _prawy_wejscie
            00002396    _prawy_wyjscie
000437d7                _printCharacter
0004381b                _printMessage
00046ca5                _printf
00045403                _pushbuttons_read
000464d1                _putc
00046564                _putchar
0004585a                _puts
0004343f                _read
000469b4                _readmsg
0003f90b                _realloc
00046f95                _remove
0004340b                _remove_device
000433b4                _rename
00040766                _reset
00045583                _reset_button_value
0003ee32                _set_sampling_frequency_and_gain
00045ffe                _setvbuf
00046aee                _sine
000444e9                _spectrum_analyser_display
00046949                _sprintf
00046f02                _stereo_to_mono
00046f38                _strcpy
            00001862    _tablica_opoznienia_chorus
            00001d20    _tablica_opoznienia_flanger
            00010002    _tablica_opoznionych_probek
            00008002    _tablica_opoznionych_probek2
            00017627    _temp
            00017628    _temp2
            00001d18    _temp2_ch
            0000f72a    _temp2_d
            00001ff6    _temp2_f
            00001ff8    _temp3
            00001d1a    _temp3_ch
            0000f728    _temp_d
000458a0                _tremolo
00045886                _tremolo_init
            00002360    _tremolo_structure
00043380                _unlink
            00002376    _wet
            00002374    _wet1
            00002375    _wet2
00043253                _write
000462ac                _writemsg
            000023a4    _xAxis
            0000f726    _xh
            00001ffb    _y
            0001762a    _yHardAxis
            0001b62a    _ySoftAxis
            00001d1d    _y_ch
            0000237c    _y_t
            00002382    _zmodulowany
ffffffff                binit
            00020000    cinit
ffffffff                edata
ffffffff                end
ffffffff                etext
ffffffff                pinit


GLOBAL SYMBOLS: SORTED BY Symbol Address 

abs. value/
byte addr   word addr   name
---------   ---------   ----
00000001                $TI_capability_requires_rev3
00000001                __TI_args_main
00000002                $TI_capability$C5500$CallingConvention
00000008                $TI_capability$C5500$MemoryModel
            00000060    __stack
00001000                __SYSSTACK_SIZE
00002000                __STACK_SIZE
00002000                __SYSMEM_SIZE
            00001060    __STACK_END
            00001060    __sysstack
            00001860    _delay_chorus_w_probkach
            00001861    _licznik_ch
            00001862    _tablica_opoznienia_chorus
            00001d17    _omega_ch
            00001d18    _temp2_ch
            00001d1a    _temp3_ch
            00001d1c    _faza_ch
            00001d1d    _y_ch
            00001d1e    _delay_flanger_w_probkach
            00001d1f    _licznik
            00001d20    _tablica_opoznienia_flanger
            00001ff5    _omega
            00001ff6    _temp2_f
            00001ff8    _temp3
            00001ffa    _faza
            00001ffb    _y
            00001ffc    __ftable
            00002074    __tmpnams
            00002114    __ft_end
            000021e5    _character_set
            0000224d    _number_set
            00002314    _pllObj
            0000231a    _pllCfg1
            0000231e    _hPll
            00002320    _pllCfg_1MHz
            00002324    _pllCfg_2MHz
            00002328    _pllCfg_12MHz
            0000232c    _pllCfg_12p288MHz
            00002330    _pllCfg_40MHz
            00002334    _pllCfg_60MHz
            00002338    _pllCfg_75MHz
            0000233c    _pllCfg_98MHz
            00002340    _pllCfg_100MHz
            00002344    _pllCfg_120MHz
            00002348    _pConfigInfo
            0000234a    _delay_structure
            0000234d    _delay2_structure
            00002352    _flanger_structure
            00002357    _chorus_structure
            0000235c    _distortion_structure
            00002360    _tremolo_structure
            00002364    _krok_interface
            00002365    _poprzedni_krok_interface
            00002366    _options_counter
            00002367    _one_reset
            00002368    _bufL
            0000236d    _deltaY
            0000236e    _filtr2
            00002370    _out2
            00002372    _LUT_index
            00002373    _deltaX
            00002374    _wet1
            00002375    _wet2
            00002376    _wet
            00002378    _out
            0000237a    _omega_t
            0000237b    _faza_t
            0000237c    _y_t
            0000237e    _gain
            00002380    _modulujacy
            00002382    _zmodulowany
            00002393    _lewy_wejscie
            00002394    _prawy_wejscie
            00002395    _lewy_wyjscie
            00002396    _prawy_wyjscie
            00002397    _mono_wejscie
            00002398    _effect_count
            0000239a    __lock
            0000239c    __unlock
            0000239e    __cleanup_ptr
            000023a0    __dtors_ptr
            000023a2    _counter1
            000023a3    _counter2
            000023a4    _xAxis
            00006cb4    __ctypes_
            00006dee    _IIR_low_pass_4800Hz
            00006df6    _LUT_LENGTH
            00006df7    _LUT_STEP
            00006dfa    __sys_memory
            00008000    _delay_w_probkach2
            00008001    _licznik_opoznienia2
            00008002    _tablica_opoznionych_probek2
            0000f726    _xh
            0000f728    _temp_d
            0000f72a    _temp2_d
            00010000    _delay_w_probkach
            00010001    _licznik_opoznienia
            00010002    _tablica_opoznionych_probek
            00017627    _temp
            00017628    _temp2
            0001762a    _yHardAxis
            0001b62a    _ySoftAxis
0003ec54                _aic3204_init
0003ee32                _set_sampling_frequency_and_gain
0003f18e                _getenv
0003f20e                _HOSTwrite
0003f299                _HOSTunlink
0003f305                _HOSTtime
0003f363                _HOSTrename
0003f41c                _HOSTread
0003f4a7                _HOSTopen
0003f548                _HOSTlseek
0003f5fd                _HOSTclose
0003f668                _HOSTclock
0003f6c6                _free
0003f798                _minit
0003f80a                _malloc
0003f90b                _realloc
0003fad4                _max_free
0003fb3e                _free_memory
0003fba5                _chkheap
0003fbad                _calloc
0003fbf9                __divd
0003ffc0                _exit
            00020000    ___cinit__
            00020000    cinit
            00020288    __CIOBUF_
00040750                _init_List
00040766                _reset
00040784                _Display_Function
000407ce                _list_Of_Effects
00040907                _Delay_Interface
00040a36                _Delay2_Interface
00040bb1                _Flanger_Chorus_Interface
00040d71                _Distorion_Interface
00040ec6                _Tremolo_Interface
0004101b                _Tremolo_Modulation_Menu
0004112e                _Change_Parameter_Level
000411f4                _Local_Change_Parameter_Level
000414cd                _Local_Change_Parameter_Level_For_Delay
0004162f                _on_off_function
00041650                _chosen_Effect
00041c48                _effect_chaine
00043035                __printfi
00043253                _write
00043380                _unlink
000433b4                _rename
0004340b                _remove_device
0004343f                _read
000434e9                _open
000435a6                _lseek
0004360a                _find_registered_device
00043613                _close
00043683                _add_device
0004376b                _OSD9616_send
0004378b                _OSD9616_multiSend
000437d7                _printCharacter
0004381b                _printMessage
00043909                _oled_init
00043a26                _oled_display_message
00043b31                _pll_frequency_setup
00043e20                _PLL_init
00043e58                _PLL_config
00043f81                _PLL_enable
00043fe8                _PLL_bypass
00044037                _PLL_reset
000441b8                __cleanup
00044210                _freopen
000442d6                _fopen
0004430f                _bargraph_3dB
000443ad                _bargraph_6dB
0004444b                _bargraph_12dB
000444e9                _spectrum_analyser_display
0004456b                __remull
000445b9                __remlli
000445e8                __mpylli
0004469f                __divull
00044793                __divlli
000447c7                __addd
00044a1e                _interpolate
00044a47                _dist_readFromLUT
00044ac4                _distortion
00044c4e                _flanger_init
00044cbb                _flanger
00044e60                __neqd
00044e94                __lssd
00044edc                __leqd
00044f29                __gtrd
00044f74                __geqd
00044fbe                __eqld
00044ff2                __cmpd
0004504a                _chorus_init
000450b3                _chorus
00045222                _USBSTK5515_LED_init
0004522d                _USBSTK5515_LED_on
0004523e                _USBSTK5515_LED_off
0004524f                _USBSTK5515_ULED_init
0004527e                _USBSTK5515_ULED_getall
000452d0                _USBSTK5515_ULED_setall
0004533e                _USBSTK5515_ULED_on
00045373                _USBSTK5515_ULED_off
000453a6                _USBSTK5515_ULED_toggle
000453eb                _SAR_init
00045403                _pushbuttons_read
00045583                _reset_button_value
0004558b                _delay2_init
000455e4                _delay2
0004570b                _fputs
0004585a                _puts
00045886                _tremolo_init
000458a0                _tremolo
000459e2                _USBSTK5515_GPIO_init
000459e6                _USBSTK5515_GPIO_setDirection
00045a63                _USBSTK5515_GPIO_setOutput
00045ae0                _USBSTK5515_GPIO_getInput
00045b38                __mpyd
00045c83                _USBSTK5515_I2C_init
00045ca2                _USBSTK5515_I2C_close
00045cab                _USBSTK5515_I2C_reset
00045cb9                _USBSTK5515_I2C_write
00045d48                _USBSTK5515_I2C_read
00045dc1                _USBSTK5505_I2C_init
00045de0                _USBSTK5505_I2C_close
00045de9                _USBSTK5505_I2C_reset
00045df7                _USBSTK5505_I2C_write
00045e72                _USBSTK5505_I2C_read
00045eeb                _AIC3204_rget
00045f36                _AIC3204_rset
00045f58                _aic3204_hardware_init
00045f6a                _aic3204_disable
00045f7c                _aic3204_codec_read
00045fc2                _aic3204_codec_write
00045ffe                _setvbuf
000460f1                _delay_init
0004614a                _delay
000461d2                __wrt_ok
0004624f                __rd_ok
000462ac                _writemsg
00046365                C$$IO$$
0004636a                __doflush
000463cc                _fflush
00046424                _main
000464d1                _fputc
000464d1                _putc
00046564                _putchar
00046573                __divul
00046613                _iircas51
00046693                _ltoa
0004670c                _fclose
00046782                __frcmpyd
000467f8                __frcmpyd_div
0004686b                __remul
000468db                __fixdli
00046949                _sprintf
000469b4                _readmsg
00046a1f                _fseek
00046a87                __fltlid
00046aee                _sine
00046b4e                _atoi
00046ba7                _memcpy
00046bfd                _USBSTK5505_wait
00046c31                _USBSTK5505_waitusec
00046c43                _USBSTK5505_init
00046c51                _USBSTK5515_wait
00046c85                _USBSTK5515_waitusec
00046c97                _USBSTK5515_init
00046ca5                _printf
00046cf3                _auto_init
00046d40                __remli
00046d8b                __args_main
00046dd4                __divli
00046e1c                I$$DIV
00046e1c                __divi
00046e3b                I$$MOD
00046e3b                __remi
00046e58                _c_int00
00046e8c                __fixdi
00046eb6                I$$UDIV
00046eb6                __divu
00046ecb                I$$UMOD
00046ecb                __remu
00046ee0                _memccpy
00046f02                _stereo_to_mono
00046f1e                ___isinf
00046f38                _strcpy
00046f4c                __subd
00046f60                I$$LMPY
00046f60                __mpyli
00046f73                __register_unlock
00046f7b                __register_lock
00046f83                __nop
00046f85                __negd
00046f95                _remove
00046f9f                _abort
00046fa0                C$$EXIT
0004fe00                _Reset
ffffffff                .bss
ffffffff                .data
ffffffff                .text
ffffffff                ___binit__
ffffffff                ___bss__
ffffffff                ___c_args__
ffffffff                ___data__
ffffffff                ___edata__
ffffffff                ___end__
ffffffff                ___etext__
ffffffff                ___pinit__
ffffffff                ___text__
ffffffff                binit
ffffffff                edata
ffffffff                end
ffffffff                etext
ffffffff                pinit

[313 symbols]
