******************************************************************************
              TMS320C55x Linker PC v4.4.1                      
******************************************************************************
>> Linked Sat May 20 18:24:06 2017

OUTPUT FILE NAME:   <DSP_Inzynierka.out>
ENTRY POINT SYMBOL: "_c_int00"  address: 0004688a


MEMORY CONFIGURATION

         name            origin    length      used     unused   attr    fill
                        (bytes)   (bytes)    (bytes)   (bytes)
----------------------  --------  ---------  --------  --------  ----  --------
PAGE 0:
  MMR                   00000000   000000c0  00000000  000000c0  RWIX
  DARAM0                000000c0   0000ff40  0000f770  000007d0  RWIX
  SARAM0                00010000   00010000  0000ee58  000011a8  RWIX
  SARAM1                00020000   00020000  00020000  00000000  RWIX
  SARAM2                00040000   0000fe00  000069d9  00009427  RWIX
  VECS                  0004fe00   00000200  00000100  00000100  RWIX
  PDROM                 00ff8000   00008000  00000000  00008000  R IX

PAGE 2:
  IOPORT                00000000   00020000  00000000  00020000  RWI 


SECTION ALLOCATION MAP
(Addresses surrounded by []'s are displayed for convenience only!)

output                                                          attributes/
section   page  orgn(bytes) orgn(words) len(bytes) len(words)   input sections
--------  ----  ----------- ----------- ---------- ----------   --------------
.pinit       0   [ 00040000 ]  00020000          *   00000000   UNINITIALIZED

.stack       0   [ 000000c0 ]  00000060          *   00001000   UNINITIALIZED
                 [ 000000c0 ]  00000060          *   00001000   --HOLE--

.sysstack 
*            0   [ 000020c0 ]  00001060          *   00000800   UNINITIALIZED
                 [ 000020c0 ]  00001060          *   00000800   --HOLE--

.bss.1       0   [ 000030c0 ]  00001860          *   00000b39   UNINITIALIZED
                 [ 000030c0 ]  00001860          *   000004be   Chorus.obj (.bss)
                 [ 00003a3c ]  00001d1e          *   000002de   flanger.obj (.bss)
                 [ 00003ff8 ]  00001ffc          *   00000119   rts55h.lib : defs.obj (.bss)
                 [ 0000422a ]  00002115          *   000000d0              : trgdrv.obj (.bss)
                 [ 000043ca ]  000021e5          *   000000bc   oled5515.obj (.bss)
                 [ 00004542 ]  000022a1          *   00000001   rts55h.lib : fopen.obj (.bss)
                 [ 00004544 ]  000022a2          *   00000071              : lowlev.obj (.bss)
                 [ 00004626 ]  00002313          *   00000001   usbstk5505_i2c.obj (.bss)
                 [ 00004628 ]  00002314          *   00000036   PLL.obj (.bss)
                 [ 00004694 ]  0000234a          *   0000001e   EffectsList.obj (.bss)
                 [ 000046d0 ]  00002368          *   00000012   distortion.obj (.bss)
                 [ 000046f4 ]  0000237a          *   0000000a   tremolo.obj (.bss)
                 [ 00004708 ]  00002384          *   00000007   pushbuttons5515.obj (.bss)
                 [ 00004716 ]  0000238b          *   00000001   usbstk5515_i2c.obj (.bss)
                 [ 00004718 ]  0000238c          *   00000007   rts55h.lib : memory.obj (.bss)
                 [ 00004726 ]  00002393          *   00000006   main.obj (.bss)

.data        0   [ 00004732 ]  00002399          *   00000001   
                 [ 00004732 ]  00002399          *   00000001   55xdsph.lib : sine.obj (.data:.text)

.bss.2       0   [ 00004734 ]  0000239a          *   0000000a   UNINITIALIZED
                 [ 00004734 ]  0000239a          *   00000004   rts55h.lib : _lock.obj (.bss)
                 [ 0000473c ]  0000239e          *   00000004              : exit.obj (.bss)
                 [ 00004744 ]  000023a2          *   00000002   aic3204.obj (.bss)

.const.1     0   [ 00004748 ]  000023a4          *   00004831   
                 [ 00004748 ]  000023a4          *   00004000   distortion.obj (.const:_xAxis)
                 [ 0000c748 ]  000063a4          *   00000386   EffectsList.obj (.const:.string)
                 [ 0000ce54 ]  0000672a          *   00000236   PLL.obj (.const:.string)
                 [ 0000d2c0 ]  00006960          *   00000174   aic3204_init.obj (.const:.string)
                 [ 0000d5a8 ]  00006ad4          *   00000101   rts55h.lib : ctype.obj (.const:__ctypes_)

.const.2     0   [ 0000d7ac ]  00006bd6          *   0000003d   
                 [ 0000d7ac ]  00006bd6          *   00000024   rts55h.lib : _printfi.obj (.const:.string)
                 [ 0000d7f4 ]  00006bfa          *   0000000c              : _printfi.obj (.const)
                 [ 0000d80c ]  00006c06          *   00000008              : divd.obj (.const:_initial_approx$1)
                 [ 0000d81c ]  00006c0e          *   00000005   distortion.obj (.const:_IIR_low_pass_2400Hz)

.const.3     0   [ 0000d828 ]  00006c14          *   00000006   
                 [ 0000d828 ]  00006c14          *   00000002   rts55h.lib : fputs.obj (.const:.string)
                 [ 0000d82c ]  00006c16          *   00000002   distortion.obj (.const)
                 [ 0000d830 ]  00006c18          *   00000002   rts55h.lib : fltlid.obj (.const)

.sysmem      0   [ 0000d834 ]  00006c1a          *   00001000   UNINITIALIZED
                 [ 0000d834 ]  00006c1a          *   00001000   --HOLE--

.bss.3       0   [ 00010000 ]  00008000          *   0000772c   UNINITIALIZED
                 [ 00010000 ]  00008000          *   0000772c   delay2.obj (.bss)

.bss.4       0   [ 00020000 ]  00010000          *   0000762a   UNINITIALIZED
                 [ 00020000 ]  00010000          *   0000762a   delay.obj (.bss)

.const.4     0   [ 0002ec54 ]  0001762a          *   00008000   
                 [ 0002ec54 ]  0001762a          *   00004000   distortion.obj (.const:_yHardAxis)
                 [ 00036c54 ]  0001b62a          *   00004000   distortion.obj (.const:_ySoftAxis)

.text.1      0     0003ec54  [ 0001f62a ] 000013ac          *   
                   0003ec54  [ 0001f62a ] 00001024          *   EffectsList.obj (.text)
                   0003fc78  [ 0001fe3c ] 0000034b          *   oled5515.obj (.text)
                   0003ffc3  [ 0001ffe1+] 0000003c          *   rts55h.lib : idiv.obj (.text)
                   0003ffff  [ 0001ffff ] 00000001          *   --HOLE-- [fill = 20]

.cinit       0   [ 00040000 ]  00020000          *   00000287   
                 [ 00040000 ]  00020000          *   000000c2   oled5515.obj (.cinit)
                 [ 00040184 ]  000200c2          *   00000046   PLL.obj (.cinit)
                 [ 00040210 ]  00020108          *   0000003c   EffectsList.obj (.cinit)
                 [ 00040288 ]  00020144          *   0000002f   distortion.obj (.cinit)
                 [ 000402e6 ]  00020173          *   0000002d   rts55h.lib : lowlev.obj (.cinit)
                 [ 00040340 ]  000201a0          *   0000002a              : defs.obj (.cinit)
                 [ 00040394 ]  000201ca          *   0000001e   Chorus.obj (.cinit)
                 [ 000403d0 ]  000201e8          *   0000001e   flanger.obj (.cinit)
                 [ 0004040c ]  00020206          *   0000001b   tremolo.obj (.cinit)
                 [ 00040442 ]  00020221          *   00000016   delay2.obj (.cinit)
                 [ 0004046e ]  00020237          *   00000016   pushbuttons5515.obj (.cinit)
                 [ 0004049a ]  0002024d          *   00000011   delay.obj (.cinit)
                 [ 000404bc ]  0002025e          *   0000000a   rts55h.lib : _lock.obj (.cinit)
                 [ 000404d0 ]  00020268          *   0000000a              : exit.obj (.cinit)
                 [ 000404e4 ]  00020272          *   00000004   main.obj (.cinit)
                 [ 000404ec ]  00020276          *   00000004   rts55h.lib : fopen.obj (.cinit)
                 [ 000404f4 ]  0002027a          *   00000004              : memory.obj (.cinit)
                 [ 000404fc ]  0002027e          *   00000004   usbstk5505_i2c.obj (.cinit)
                 [ 00040504 ]  00020282          *   00000004   usbstk5515_i2c.obj (.cinit)
                 [ 0004050c ]  00020286          *   00000001   --HOLE-- [fill = 0]

.cio         0   [ 00040510 ]  00020288          *   00000120   UNINITIALIZED
                 [ 00040510 ]  00020288          *   00000120   rts55h.lib : trgmsg.obj (.cio)

.text.2      0     00040750  [ 000203a8 ] 0000628b          *   
                   00040750  [ 000203a8 ] 00001533          *   rts55h.lib : _printfi.obj (.text)
                   00041c83  [ 00020e41+] 0000053a          *   aic3204_init.obj (.text)
                   000421bd  [ 000210de+] 00000538          *   rts55h.lib : trgdrv.obj (.text)
                   000426f5  [ 0002137a+] 00000533          *              : memory.obj (.text)
                   00042c28  [ 00021614 ] 00000518          *              : lowlev.obj (.text)
                   00043140  [ 000218a0 ] 000003c7          *              : divd.obj (.text)
                   00043507  [ 00021a83+] 00000340          *   PLL.obj (.text)
                   00043847  [ 00021c23+] 000002ad          *   CSLc55x5h.lib : csl_pll.obj (.text)
                   00043af4  [ 00021d7a ] 0000026c          *   rts55h.lib : fopen.obj (.text)
                   00043d60  [ 00021eb0 ] 0000025c          *   bargraph5515.obj (.text)
                   00043fbc  [ 00021fde ] 0000025c          *   rts55h.lib : llmpy.obj (.text)
                   00044218  [ 0002210c ] 00000257          *              : addd.obj (.text)
                   0004446f  [ 00022237+] 00000212          *   flanger.obj (.text)
                   00044681  [ 00022340+] 0000020f          *   distortion.obj (.text)
                   00044890  [ 00022448 ] 000001ea          *   rts55h.lib : cmpd.obj (.text)
                   00044a7a  [ 0002253d ] 000001d8          *   Chorus.obj (.text)
                   00044c52  [ 00022629 ] 000001c9          *   usbstk5515_led.obj (.text)
                   00044e1b  [ 0002270d+] 000001a0          *   pushbuttons5515.obj (.text)
                   00044fbb  [ 000227dd+] 00000180          *   delay2.obj (.text)
                   0004513b  [ 0002289d+] 0000017b          *   rts55h.lib : fputs.obj (.text)
                   000452b6  [ 0002295b ] 0000015c          *   tremolo.obj (.text)
                   00045412  [ 00022a09 ] 00000156          *   usbstk5515_gpio.obj (.text)
                   00045568  [ 00022ab4 ] 0000014b          *   rts55h.lib : mpyd.obj (.text)
                   000456b3  [ 00022b59+] 0000013e          *   usbstk5515_i2c.obj (.text)
                   000457f1  [ 00022bf8+] 0000012a          *   usbstk5505_i2c.obj (.text)
                   0004591b  [ 00022c8d+] 00000113          *   aic3204.obj (.text)
                   00045a2e  [ 00022d17 ] 000000f3          *   rts55h.lib : setvbuf.obj (.text)
                   00045b21  [ 00022d90+] 000000e1          *   delay.obj (.text)
                   00045c02  [ 00022e01 ] 000000da          *   rts55h.lib : _io_perm.obj (.text)
                   00045cdc  [ 00022e6e ] 000000be          *              : trgmsg.obj (.text:CIO_breakpoint)
                   00045d9a  [ 00022ecd ] 000000ba          *              : fflush.obj (.text)
                   00045e54  [ 00022f2a ] 000000ad          *   main.obj (.text)
                   00045f01  [ 00022f80+] 000000a2          *   rts55h.lib : fputc.obj (.text)
                   00045fa3  [ 00022fd1+] 000000a0          *              : divul.obj (.text)
                   00046043  [ 00023021+] 00000080          *   55xdsph.lib : iircas51.obj (.text)
                   000460c3  [ 00023061+] 00000079          *   rts55h.lib : ltoa.obj (.text)
                   0004613c  [ 0002309e ] 00000076          *              : fclose.obj (.text)
                   000461b2  [ 000230d9 ] 00000076          *              : frcmpyd.obj (.text)
                   00046228  [ 00023114 ] 00000073          *              : frcmpyd_div.obj (.text)
                   0004629b  [ 0002314d+] 00000070          *              : remul.obj (.text)
                   0004630b  [ 00023185+] 0000006e          *              : fixdli.obj (.text)
                   00046379  [ 000231bc+] 0000006b          *              : sprintf.obj (.text)
                   000463e4  [ 000231f2 ] 0000006b          *              : trgmsg.obj (.text)
                   0004644f  [ 00023227+] 00000068          *              : fseek.obj (.text)
                   000464b7  [ 0002325b+] 00000067          *              : fltlid.obj (.text)
                   0004651e  [ 0002328f ] 00000060          *   55xdsph.lib : sine.obj (.text)
                   0004657e  [ 000232bf ] 00000059          *   rts55h.lib : atoi.obj (.text)
                   000465d7  [ 000232eb+] 00000056          *              : memcpy.obj (.text)
                   0004662d  [ 00023316+] 00000054          *   usbstk5505.obj (.text)
                   00046681  [ 00023340+] 00000054          *   usbstk5515.obj (.text)
                   000466d5  [ 0002336a+] 0000004e          *   rts55h.lib : printf.obj (.text)
                   00046723  [ 00023391+] 0000004d          *              : autoinit.obj (.text)
                   00046770  [ 000233b8 ] 0000004b          *              : remli.obj (.text)
                   000467bb  [ 000233dd+] 00000049          *              : args_main.obj (.text)
                   00046804  [ 00023402 ] 00000048          *              : divli.obj (.text)
                   0004684c  [ 00023426 ] 0000003e          *              : exit.obj (.text)
                   0004688a  [ 00023445 ] 00000034          *              : boot.obj (.text)
                   000468be  [ 0002345f ] 0000002a          *              : fixdi.obj (.text)
                   000468e8  [ 00023474 ] 0000002a          *              : udiv.obj (.text)
                   00046912  [ 00023489 ] 00000022          *              : memccpy.obj (.text)
                   00046934  [ 0002349a ] 0000001c          *   stereo.obj (.text)
                   00046950  [ 000234a8 ] 0000001a          *   rts55h.lib : isinf.obj (.text)
                   0004696a  [ 000234b5 ] 00000014          *              : strcpy.obj (.text)
                   0004697e  [ 000234bf ] 00000014          *              : subd.obj (.text)
                   00046992  [ 000234c9 ] 00000013          *              : lmpy.obj (.text)
                   000469a5  [ 000234d2+] 00000012          *              : _lock.obj (.text)
                   000469b7  [ 000234db+] 00000010          *              : negd.obj (.text)
                   000469c7  [ 000234e3+] 0000000a          *              : remove.obj (.text)
                   000469d1  [ 000234e8+] 00000007          *              : exit.obj (.text:CIO_breakpoint)
                   000469d8  [ 000234ec ] 00000002          *              : vectors.obj (.text)
                   000469da  [ 000234ed ] 00000001          *   --HOLE-- [fill = 20]

vectors      0     0004fe00  [ 00027f00 ] 00000100          *   
                   0004fe00  [ 00027f00 ] 00000100          *   rts55h.lib : vectors.obj (vectors)


GLOBAL SYMBOLS: SORTED ALPHABETICALLY BY Name 

abs. value/
byte addr   word addr   name
---------   ---------   ----
00000002                $TI_capability$C5500$CallingConvention
00000008                $TI_capability$C5500$MemoryModel
00000001                $TI_capability_requires_rev3
ffffffff                .bss
ffffffff                .data
ffffffff                .text
000469d2                C$$EXIT
00045d95                C$$IO$$
0003ffc3                I$$DIV
00046992                I$$LMPY
0003ffe2                I$$MOD
000468e8                I$$UDIV
000468fd                I$$UMOD
0004591b                _AIC3204_rget
00045966                _AIC3204_rset
0003f44e                _Change_Parameter_Level
0003ef14                _Delay2_Interface
0003ee0b                _Delay_Interface
0003ec88                _Display_Function
0003f129                _Distorion_Interface
0003f01d                _Flanger_Chorus_Interface
00042697                _HOSTclock
0004262c                _HOSTclose
00042577                _HOSTlseek
000424d6                _HOSTopen
0004244b                _HOSTread
00042392                _HOSTrename
00042334                _HOSTtime
000422c8                _HOSTunlink
0004223d                _HOSTwrite
            00006c0e    _IIR_low_pass_2400Hz
            00006c16    _LUT_LENGTH
            00006c17    _LUT_STEP
            00002372    _LUT_index
0003f514                _Local_Change_Parameter_Level
0003f809                _Local_Change_Parameter_Level_For_Delay
0003fc98                _OSD9616_multiSend
0003fc78                _OSD9616_send
00043a39                _PLL_bypass
000438a9                _PLL_config
000439d2                _PLL_enable
00043871                _PLL_init
00043a88                _PLL_reset
0004fe00                _Reset
00044e1b                _SAR_init
0003f232                _Tremolo_Interface
0003f33b                _Tremolo_Modulation_Menu
00045810                _USBSTK5505_I2C_close
000457f1                _USBSTK5505_I2C_init
000458a2                _USBSTK5505_I2C_read
00045819                _USBSTK5505_I2C_reset
00045827                _USBSTK5505_I2C_write
00046673                _USBSTK5505_init
0004662d                _USBSTK5505_wait
00046661                _USBSTK5505_waitusec
00045510                _USBSTK5515_GPIO_getInput
00045412                _USBSTK5515_GPIO_init
00045416                _USBSTK5515_GPIO_setDirection
00045493                _USBSTK5515_GPIO_setOutput
000456d2                _USBSTK5515_I2C_close
000456b3                _USBSTK5515_I2C_init
00045778                _USBSTK5515_I2C_read
000456db                _USBSTK5515_I2C_reset
000456e9                _USBSTK5515_I2C_write
00044c52                _USBSTK5515_LED_init
00044c6e                _USBSTK5515_LED_off
00044c5d                _USBSTK5515_LED_on
00044cae                _USBSTK5515_ULED_getall
00044c7f                _USBSTK5515_ULED_init
00044da3                _USBSTK5515_ULED_off
00044d6e                _USBSTK5515_ULED_on
00044d00                _USBSTK5515_ULED_setall
00044dd6                _USBSTK5515_ULED_toggle
000466c7                _USBSTK5515_init
00046681                _USBSTK5515_wait
000466b5                _USBSTK5515_waitusec
            00020288    __CIOBUF_
            00001060    __STACK_END
00002000                __STACK_SIZE
00002000                __SYSMEM_SIZE
00001000                __SYSSTACK_SIZE
00000001                __TI_args_main
ffffffff                ___binit__
ffffffff                ___bss__
ffffffff                ___c_args__
            00020000    ___cinit__
ffffffff                ___data__
ffffffff                ___edata__
ffffffff                ___end__
ffffffff                ___etext__
00046950                ___isinf
ffffffff                ___pinit__
ffffffff                ___text__
00044218                __addd
000467bb                __args_main
00043c09                __cleanup
            0000239e    __cleanup_ptr
00044a22                __cmpd
            00006ad4    __ctypes_
00043140                __divd
0003ffc3                __divi
00046804                __divli
000441e4                __divlli
000468e8                __divu
00045fa3                __divul
000440f0                __divull
00045d9a                __doflush
            000023a0    __dtors_ptr
000449ee                __eqld
000468be                __fixdi
0004630b                __fixdli
000464b7                __fltlid
000461b2                __frcmpyd
00046228                __frcmpyd_div
            00002114    __ft_end
            00001ffc    __ftable
000449a4                __geqd
00044959                __gtrd
0004490c                __leqd
            0000239a    __lock
000448c4                __lssd
00045568                __mpyd
00046992                __mpyli
00044039                __mpylli
000469b7                __negd
00044890                __neqd
000469b5                __nop
00041a65                __printfi
00045c7f                __rd_ok
000469ad                __register_lock
000469a5                __register_unlock
0003ffe2                __remi
00046770                __remli
0004400a                __remlli
000468fd                __remu
0004629b                __remul
00043fbc                __remull
            00000060    __stack
0004697e                __subd
            00006c1a    __sys_memory
            00001060    __sysstack
            00002074    __tmpnams
            0000239c    __unlock
00045c02                __wrt_ok
000469d1                _abort
00043058                _add_device
000459ac                _aic3204_codec_read
000459f2                _aic3204_codec_write
0004599a                _aic3204_disable
00045988                _aic3204_hardware_init
00041c83                _aic3204_init
0004657e                _atoi
00046723                _auto_init
00043e9c                _bargraph_12dB
00043d60                _bargraph_3dB
00043dfe                _bargraph_6dB
            00002368    _bufL
0004688a                _c_int00
00042bdc                _calloc
            000021e5    _character_set
00042bd4                _chkheap
00044ae3                _chorus
00044a7a                _chorus_init
            00002357    _chorus_structure
0003f9b1                _chosen_Effect
00042fe8                _close
            000023a2    _counter1
            000023a3    _counter2
00045b7a                _delay
00045014                _delay2
00044fbb                _delay2_init
            0000234d    _delay2_structure
            00001860    _delay_chorus_w_probkach
            00001d1e    _delay_flanger_w_probkach
00045b21                _delay_init
            0000234a    _delay_structure
            00010000    _delay_w_probkach
            00008000    _delay_w_probkach2
            00002373    _deltaX
            0000236d    _deltaY
000446aa                _dist_readFromLUT
00044727                _distortion
            0000235c    _distortion_structure
0003fba0                _effect_chaine
            00002398    _effect_count
0004684c                _exit
            00001ffa    _faza
            00001d1c    _faza_ch
            0000237b    _faza_t
0004613c                _fclose
00045dfc                _fflush
            0000236e    _filtr2
00042fdf                _find_registered_device
000444dc                _flanger
0004446f                _flanger_init
            00002352    _flanger_structure
00043d27                _fopen
00045f01                _fputc
0004513b                _fputs
000426f5                _free
00042b6d                _free_memory
00043c61                _freopen
0004644f                _fseek
            0000237e    _gain
000421bd                _getenv
            0000231e    _hPll
00046043                _iircas51
0003ec54                _init_List
00044681                _interpolate
            00002364    _krok_interface
            00002393    _lewy_wejscie
            00002395    _lewy_wyjscie
            00001d1f    _licznik
            00001861    _licznik_ch
            00010001    _licznik_opoznienia
            00008001    _licznik_opoznienia2
0003ecd2                _list_Of_Effects
00042f7b                _lseek
000460c3                _ltoa
00045e54                _main
00042839                _malloc
00042b03                _max_free
00046912                _memccpy
000465d7                _memcpy
000427c7                _minit
            00002380    _modulujacy
            00002397    _mono_wejscie
            0000224d    _number_set
0003ff33                _oled_display_message
0003fe16                _oled_init
            00001ff5    _omega
            00001d17    _omega_ch
            0000237a    _omega_t
0003f990                _on_off_function
            00002367    _one_reset
00042ebe                _open
            00002366    _options_counter
            00002378    _out
            00002370    _out2
            00002348    _pConfigInfo
            0000231a    _pllCfg1
            00002340    _pllCfg_100MHz
            00002344    _pllCfg_120MHz
            00002328    _pllCfg_12MHz
            0000232c    _pllCfg_12p288MHz
            00002320    _pllCfg_1MHz
            00002324    _pllCfg_2MHz
            00002330    _pllCfg_40MHz
            00002334    _pllCfg_60MHz
            00002338    _pllCfg_75MHz
            0000233c    _pllCfg_98MHz
            00002314    _pllObj
00043582                _pll_frequency_setup
            00002365    _poprzedni_krok_interface
            00002394    _prawy_wejscie
            00002396    _prawy_wyjscie
0003fce4                _printCharacter
0003fd28                _printMessage
000466d5                _printf
00044e33                _pushbuttons_read
00045f01                _putc
00045f94                _putchar
0004528a                _puts
00042e14                _read
000463e4                _readmsg
0004293a                _realloc
000469c7                _remove
00042de0                _remove_device
00042d89                _rename
0003ec6a                _reset
00044fb3                _reset_button_value
00041e61                _set_sampling_frequency_and_gain
00045a2e                _setvbuf
0004651e                _sine
00043f3a                _spectrum_analyser_display
00046379                _sprintf
00046934                _stereo_to_mono
0004696a                _strcpy
            00001862    _tablica_opoznienia_chorus
            00001d20    _tablica_opoznienia_flanger
            00010002    _tablica_opoznionych_probek
            00008002    _tablica_opoznionych_probek2
            00017627    _temp
            00017628    _temp2
            00001d18    _temp2_ch
            0000f72a    _temp2_d
            00001ff6    _temp2_f
            00001ff8    _temp3
            00001d1a    _temp3_ch
            0000f728    _temp_d
000452d0                _tremolo
000452b6                _tremolo_init
            00002360    _tremolo_structure
00042d55                _unlink
            00002376    _wet
            00002374    _wet1
            00002375    _wet2
00042c28                _write
00045cdc                _writemsg
            000023a4    _xAxis
            0000f726    _xh
            00001ffb    _y
            0001762a    _yHardAxis
            0001b62a    _ySoftAxis
            00001d1d    _y_ch
            0000237c    _y_t
            00002382    _zmodulowany
ffffffff                binit
            00020000    cinit
ffffffff                edata
ffffffff                end
ffffffff                etext
ffffffff                pinit


GLOBAL SYMBOLS: SORTED BY Symbol Address 

abs. value/
byte addr   word addr   name
---------   ---------   ----
00000001                $TI_capability_requires_rev3
00000001                __TI_args_main
00000002                $TI_capability$C5500$CallingConvention
00000008                $TI_capability$C5500$MemoryModel
            00000060    __stack
00001000                __SYSSTACK_SIZE
00002000                __STACK_SIZE
00002000                __SYSMEM_SIZE
            00001060    __STACK_END
            00001060    __sysstack
            00001860    _delay_chorus_w_probkach
            00001861    _licznik_ch
            00001862    _tablica_opoznienia_chorus
            00001d17    _omega_ch
            00001d18    _temp2_ch
            00001d1a    _temp3_ch
            00001d1c    _faza_ch
            00001d1d    _y_ch
            00001d1e    _delay_flanger_w_probkach
            00001d1f    _licznik
            00001d20    _tablica_opoznienia_flanger
            00001ff5    _omega
            00001ff6    _temp2_f
            00001ff8    _temp3
            00001ffa    _faza
            00001ffb    _y
            00001ffc    __ftable
            00002074    __tmpnams
            00002114    __ft_end
            000021e5    _character_set
            0000224d    _number_set
            00002314    _pllObj
            0000231a    _pllCfg1
            0000231e    _hPll
            00002320    _pllCfg_1MHz
            00002324    _pllCfg_2MHz
            00002328    _pllCfg_12MHz
            0000232c    _pllCfg_12p288MHz
            00002330    _pllCfg_40MHz
            00002334    _pllCfg_60MHz
            00002338    _pllCfg_75MHz
            0000233c    _pllCfg_98MHz
            00002340    _pllCfg_100MHz
            00002344    _pllCfg_120MHz
            00002348    _pConfigInfo
            0000234a    _delay_structure
            0000234d    _delay2_structure
            00002352    _flanger_structure
            00002357    _chorus_structure
            0000235c    _distortion_structure
            00002360    _tremolo_structure
            00002364    _krok_interface
            00002365    _poprzedni_krok_interface
            00002366    _options_counter
            00002367    _one_reset
            00002368    _bufL
            0000236d    _deltaY
            0000236e    _filtr2
            00002370    _out2
            00002372    _LUT_index
            00002373    _deltaX
            00002374    _wet1
            00002375    _wet2
            00002376    _wet
            00002378    _out
            0000237a    _omega_t
            0000237b    _faza_t
            0000237c    _y_t
            0000237e    _gain
            00002380    _modulujacy
            00002382    _zmodulowany
            00002393    _lewy_wejscie
            00002394    _prawy_wejscie
            00002395    _lewy_wyjscie
            00002396    _prawy_wyjscie
            00002397    _mono_wejscie
            00002398    _effect_count
            0000239a    __lock
            0000239c    __unlock
            0000239e    __cleanup_ptr
            000023a0    __dtors_ptr
            000023a2    _counter1
            000023a3    _counter2
            000023a4    _xAxis
            00006ad4    __ctypes_
            00006c0e    _IIR_low_pass_2400Hz
            00006c16    _LUT_LENGTH
            00006c17    _LUT_STEP
            00006c1a    __sys_memory
            00008000    _delay_w_probkach2
            00008001    _licznik_opoznienia2
            00008002    _tablica_opoznionych_probek2
            0000f726    _xh
            0000f728    _temp_d
            0000f72a    _temp2_d
            00010000    _delay_w_probkach
            00010001    _licznik_opoznienia
            00010002    _tablica_opoznionych_probek
            00017627    _temp
            00017628    _temp2
            0001762a    _yHardAxis
            0001b62a    _ySoftAxis
0003ec54                _init_List
0003ec6a                _reset
0003ec88                _Display_Function
0003ecd2                _list_Of_Effects
0003ee0b                _Delay_Interface
0003ef14                _Delay2_Interface
0003f01d                _Flanger_Chorus_Interface
0003f129                _Distorion_Interface
0003f232                _Tremolo_Interface
0003f33b                _Tremolo_Modulation_Menu
0003f44e                _Change_Parameter_Level
0003f514                _Local_Change_Parameter_Level
0003f809                _Local_Change_Parameter_Level_For_Delay
0003f990                _on_off_function
0003f9b1                _chosen_Effect
0003fba0                _effect_chaine
0003fc78                _OSD9616_send
0003fc98                _OSD9616_multiSend
0003fce4                _printCharacter
0003fd28                _printMessage
0003fe16                _oled_init
0003ff33                _oled_display_message
0003ffc3                I$$DIV
0003ffc3                __divi
0003ffe2                I$$MOD
0003ffe2                __remi
            00020000    ___cinit__
            00020000    cinit
            00020288    __CIOBUF_
00041a65                __printfi
00041c83                _aic3204_init
00041e61                _set_sampling_frequency_and_gain
000421bd                _getenv
0004223d                _HOSTwrite
000422c8                _HOSTunlink
00042334                _HOSTtime
00042392                _HOSTrename
0004244b                _HOSTread
000424d6                _HOSTopen
00042577                _HOSTlseek
0004262c                _HOSTclose
00042697                _HOSTclock
000426f5                _free
000427c7                _minit
00042839                _malloc
0004293a                _realloc
00042b03                _max_free
00042b6d                _free_memory
00042bd4                _chkheap
00042bdc                _calloc
00042c28                _write
00042d55                _unlink
00042d89                _rename
00042de0                _remove_device
00042e14                _read
00042ebe                _open
00042f7b                _lseek
00042fdf                _find_registered_device
00042fe8                _close
00043058                _add_device
00043140                __divd
00043582                _pll_frequency_setup
00043871                _PLL_init
000438a9                _PLL_config
000439d2                _PLL_enable
00043a39                _PLL_bypass
00043a88                _PLL_reset
00043c09                __cleanup
00043c61                _freopen
00043d27                _fopen
00043d60                _bargraph_3dB
00043dfe                _bargraph_6dB
00043e9c                _bargraph_12dB
00043f3a                _spectrum_analyser_display
00043fbc                __remull
0004400a                __remlli
00044039                __mpylli
000440f0                __divull
000441e4                __divlli
00044218                __addd
0004446f                _flanger_init
000444dc                _flanger
00044681                _interpolate
000446aa                _dist_readFromLUT
00044727                _distortion
00044890                __neqd
000448c4                __lssd
0004490c                __leqd
00044959                __gtrd
000449a4                __geqd
000449ee                __eqld
00044a22                __cmpd
00044a7a                _chorus_init
00044ae3                _chorus
00044c52                _USBSTK5515_LED_init
00044c5d                _USBSTK5515_LED_on
00044c6e                _USBSTK5515_LED_off
00044c7f                _USBSTK5515_ULED_init
00044cae                _USBSTK5515_ULED_getall
00044d00                _USBSTK5515_ULED_setall
00044d6e                _USBSTK5515_ULED_on
00044da3                _USBSTK5515_ULED_off
00044dd6                _USBSTK5515_ULED_toggle
00044e1b                _SAR_init
00044e33                _pushbuttons_read
00044fb3                _reset_button_value
00044fbb                _delay2_init
00045014                _delay2
0004513b                _fputs
0004528a                _puts
000452b6                _tremolo_init
000452d0                _tremolo
00045412                _USBSTK5515_GPIO_init
00045416                _USBSTK5515_GPIO_setDirection
00045493                _USBSTK5515_GPIO_setOutput
00045510                _USBSTK5515_GPIO_getInput
00045568                __mpyd
000456b3                _USBSTK5515_I2C_init
000456d2                _USBSTK5515_I2C_close
000456db                _USBSTK5515_I2C_reset
000456e9                _USBSTK5515_I2C_write
00045778                _USBSTK5515_I2C_read
000457f1                _USBSTK5505_I2C_init
00045810                _USBSTK5505_I2C_close
00045819                _USBSTK5505_I2C_reset
00045827                _USBSTK5505_I2C_write
000458a2                _USBSTK5505_I2C_read
0004591b                _AIC3204_rget
00045966                _AIC3204_rset
00045988                _aic3204_hardware_init
0004599a                _aic3204_disable
000459ac                _aic3204_codec_read
000459f2                _aic3204_codec_write
00045a2e                _setvbuf
00045b21                _delay_init
00045b7a                _delay
00045c02                __wrt_ok
00045c7f                __rd_ok
00045cdc                _writemsg
00045d95                C$$IO$$
00045d9a                __doflush
00045dfc                _fflush
00045e54                _main
00045f01                _fputc
00045f01                _putc
00045f94                _putchar
00045fa3                __divul
00046043                _iircas51
000460c3                _ltoa
0004613c                _fclose
000461b2                __frcmpyd
00046228                __frcmpyd_div
0004629b                __remul
0004630b                __fixdli
00046379                _sprintf
000463e4                _readmsg
0004644f                _fseek
000464b7                __fltlid
0004651e                _sine
0004657e                _atoi
000465d7                _memcpy
0004662d                _USBSTK5505_wait
00046661                _USBSTK5505_waitusec
00046673                _USBSTK5505_init
00046681                _USBSTK5515_wait
000466b5                _USBSTK5515_waitusec
000466c7                _USBSTK5515_init
000466d5                _printf
00046723                _auto_init
00046770                __remli
000467bb                __args_main
00046804                __divli
0004684c                _exit
0004688a                _c_int00
000468be                __fixdi
000468e8                I$$UDIV
000468e8                __divu
000468fd                I$$UMOD
000468fd                __remu
00046912                _memccpy
00046934                _stereo_to_mono
00046950                ___isinf
0004696a                _strcpy
0004697e                __subd
00046992                I$$LMPY
00046992                __mpyli
000469a5                __register_unlock
000469ad                __register_lock
000469b5                __nop
000469b7                __negd
000469c7                _remove
000469d1                _abort
000469d2                C$$EXIT
0004fe00                _Reset
ffffffff                .bss
ffffffff                .data
ffffffff                .text
ffffffff                ___binit__
ffffffff                ___bss__
ffffffff                ___c_args__
ffffffff                ___data__
ffffffff                ___edata__
ffffffff                ___end__
ffffffff                ___etext__
ffffffff                ___pinit__
ffffffff                ___text__
ffffffff                binit
ffffffff                edata
ffffffff                end
ffffffff                etext
ffffffff                pinit

[313 symbols]
