<?xml version="1.0"?>
<link_info>
   <banner>TMS320C55x Linker PC v4.4.1</banner>
   <copyright>Copyright (c) 1996-2012 Texas Instruments Incorporated</copyright>
   <link_time>0x59134fd5</link_time>
   <output_file>DSP_Inzynierka.out</output_file>
   <entry_point>
      <name>_c_int00</name>
      <address>0x46e58</address>
   </entry_point>
   <input_file_list>
      <input_file id="fl-2">
         <path>.\</path>
         <kind>object</kind>
         <file>EffectsList.obj</file>
         <name>EffectsList.obj</name>
      </input_file>
      <input_file id="fl-3">
         <path>.\</path>
         <kind>object</kind>
         <file>PLL.obj</file>
         <name>PLL.obj</name>
      </input_file>
      <input_file id="fl-4">
         <path>.\</path>
         <kind>object</kind>
         <file>aic3204.obj</file>
         <name>aic3204.obj</name>
      </input_file>
      <input_file id="fl-5">
         <path>.\</path>
         <kind>object</kind>
         <file>aic3204_init.obj</file>
         <name>aic3204_init.obj</name>
      </input_file>
      <input_file id="fl-6">
         <path>.\</path>
         <kind>object</kind>
         <file>bargraph5515.obj</file>
         <name>bargraph5515.obj</name>
      </input_file>
      <input_file id="fl-7">
         <path>.\</path>
         <kind>object</kind>
         <file>main.obj</file>
         <name>main.obj</name>
      </input_file>
      <input_file id="fl-8">
         <path>.\</path>
         <kind>object</kind>
         <file>oled5515.obj</file>
         <name>oled5515.obj</name>
      </input_file>
      <input_file id="fl-9">
         <path>.\</path>
         <kind>object</kind>
         <file>pushbuttons5515.obj</file>
         <name>pushbuttons5515.obj</name>
      </input_file>
      <input_file id="fl-a">
         <path>.\</path>
         <kind>object</kind>
         <file>stereo.obj</file>
         <name>stereo.obj</name>
      </input_file>
      <input_file id="fl-b">
         <path>.\</path>
         <kind>object</kind>
         <file>usbstk5505.obj</file>
         <name>usbstk5505.obj</name>
      </input_file>
      <input_file id="fl-c">
         <path>.\</path>
         <kind>object</kind>
         <file>usbstk5505_i2c.obj</file>
         <name>usbstk5505_i2c.obj</name>
      </input_file>
      <input_file id="fl-d">
         <path>.\</path>
         <kind>object</kind>
         <file>usbstk5515.obj</file>
         <name>usbstk5515.obj</name>
      </input_file>
      <input_file id="fl-e">
         <path>.\</path>
         <kind>object</kind>
         <file>usbstk5515_gpio.obj</file>
         <name>usbstk5515_gpio.obj</name>
      </input_file>
      <input_file id="fl-f">
         <path>.\</path>
         <kind>object</kind>
         <file>usbstk5515_i2c.obj</file>
         <name>usbstk5515_i2c.obj</name>
      </input_file>
      <input_file id="fl-10">
         <path>.\</path>
         <kind>object</kind>
         <file>usbstk5515_led.obj</file>
         <name>usbstk5515_led.obj</name>
      </input_file>
      <input_file id="fl-11">
         <path>.\Delay\</path>
         <kind>object</kind>
         <file>delay.obj</file>
         <name>delay.obj</name>
      </input_file>
      <input_file id="fl-12">
         <path>.\Delay2\</path>
         <kind>object</kind>
         <file>delay2.obj</file>
         <name>delay2.obj</name>
      </input_file>
      <input_file id="fl-13">
         <path>.\Distortion\</path>
         <kind>object</kind>
         <file>distortion.obj</file>
         <name>distortion.obj</name>
      </input_file>
      <input_file id="fl-14">
         <path>.\Flanger_Chorus\</path>
         <kind>object</kind>
         <file>Chorus.obj</file>
         <name>Chorus.obj</name>
      </input_file>
      <input_file id="fl-15">
         <path>.\Flanger_Chorus\</path>
         <kind>object</kind>
         <file>flanger.obj</file>
         <name>flanger.obj</name>
      </input_file>
      <input_file id="fl-16">
         <path>.\Tremolo\</path>
         <kind>object</kind>
         <file>tremolo.obj</file>
         <name>tremolo.obj</name>
      </input_file>
      <input_file id="fl-2f">
         <path>C:\ti\ccsv7\tools\compiler\c5500_4.4.1\lib\</path>
         <kind>archive</kind>
         <file>rts55h.lib</file>
         <name>boot.obj</name>
      </input_file>
      <input_file id="fl-30">
         <path>C:\ti\ccsv7\tools\compiler\c5500_4.4.1\lib\</path>
         <kind>archive</kind>
         <file>rts55h.lib</file>
         <name>divli.obj</name>
      </input_file>
      <input_file id="fl-31">
         <path>C:\ti\ccsv7\tools\compiler\c5500_4.4.1\lib\</path>
         <kind>archive</kind>
         <file>rts55h.lib</file>
         <name>divul.obj</name>
      </input_file>
      <input_file id="fl-32">
         <path>C:\ti\ccsv7\tools\compiler\c5500_4.4.1\lib\</path>
         <kind>archive</kind>
         <file>rts55h.lib</file>
         <name>exit.obj</name>
      </input_file>
      <input_file id="fl-33">
         <path>C:\ti\ccsv7\tools\compiler\c5500_4.4.1\lib\</path>
         <kind>archive</kind>
         <file>rts55h.lib</file>
         <name>idiv.obj</name>
      </input_file>
      <input_file id="fl-34">
         <path>C:\ti\ccsv7\tools\compiler\c5500_4.4.1\lib\</path>
         <kind>archive</kind>
         <file>rts55h.lib</file>
         <name>lmpy.obj</name>
      </input_file>
      <input_file id="fl-35">
         <path>C:\ti\ccsv7\tools\compiler\c5500_4.4.1\lib\</path>
         <kind>archive</kind>
         <file>rts55h.lib</file>
         <name>memory.obj</name>
      </input_file>
      <input_file id="fl-36">
         <path>C:\ti\ccsv7\tools\compiler\c5500_4.4.1\lib\</path>
         <kind>archive</kind>
         <file>rts55h.lib</file>
         <name>printf.obj</name>
      </input_file>
      <input_file id="fl-37">
         <path>C:\ti\ccsv7\tools\compiler\c5500_4.4.1\lib\</path>
         <kind>archive</kind>
         <file>rts55h.lib</file>
         <name>sprintf.obj</name>
      </input_file>
      <input_file id="fl-38">
         <path>C:\ti\ccsv7\tools\compiler\c5500_4.4.1\lib\</path>
         <kind>archive</kind>
         <file>rts55h.lib</file>
         <name>strcpy.obj</name>
      </input_file>
      <input_file id="fl-39">
         <path>C:\ti\ccsv7\tools\compiler\c5500_4.4.1\lib\</path>
         <kind>archive</kind>
         <file>rts55h.lib</file>
         <name>vectors.obj</name>
      </input_file>
      <input_file id="fl-3a">
         <path>C:\ti\ccsv7\tools\compiler\c5500_4.4.1\lib\</path>
         <kind>archive</kind>
         <file>rts55h.lib</file>
         <name>_lock.obj</name>
      </input_file>
      <input_file id="fl-3b">
         <path>C:\ti\ccsv7\tools\compiler\c5500_4.4.1\lib\</path>
         <kind>archive</kind>
         <file>rts55h.lib</file>
         <name>_printfi.obj</name>
      </input_file>
      <input_file id="fl-3c">
         <path>C:\ti\ccsv7\tools\compiler\c5500_4.4.1\lib\</path>
         <kind>archive</kind>
         <file>rts55h.lib</file>
         <name>args_main.obj</name>
      </input_file>
      <input_file id="fl-3d">
         <path>C:\ti\ccsv7\tools\compiler\c5500_4.4.1\lib\</path>
         <kind>archive</kind>
         <file>rts55h.lib</file>
         <name>atoi.obj</name>
      </input_file>
      <input_file id="fl-3e">
         <path>C:\ti\ccsv7\tools\compiler\c5500_4.4.1\lib\</path>
         <kind>archive</kind>
         <file>rts55h.lib</file>
         <name>autoinit.obj</name>
      </input_file>
      <input_file id="fl-3f">
         <path>C:\ti\ccsv7\tools\compiler\c5500_4.4.1\lib\</path>
         <kind>archive</kind>
         <file>rts55h.lib</file>
         <name>cmpd.obj</name>
      </input_file>
      <input_file id="fl-40">
         <path>C:\ti\ccsv7\tools\compiler\c5500_4.4.1\lib\</path>
         <kind>archive</kind>
         <file>rts55h.lib</file>
         <name>ctype.obj</name>
      </input_file>
      <input_file id="fl-41">
         <path>C:\ti\ccsv7\tools\compiler\c5500_4.4.1\lib\</path>
         <kind>archive</kind>
         <file>rts55h.lib</file>
         <name>defs.obj</name>
      </input_file>
      <input_file id="fl-42">
         <path>C:\ti\ccsv7\tools\compiler\c5500_4.4.1\lib\</path>
         <kind>archive</kind>
         <file>rts55h.lib</file>
         <name>divd.obj</name>
      </input_file>
      <input_file id="fl-43">
         <path>C:\ti\ccsv7\tools\compiler\c5500_4.4.1\lib\</path>
         <kind>archive</kind>
         <file>rts55h.lib</file>
         <name>fixdi.obj</name>
      </input_file>
      <input_file id="fl-44">
         <path>C:\ti\ccsv7\tools\compiler\c5500_4.4.1\lib\</path>
         <kind>archive</kind>
         <file>rts55h.lib</file>
         <name>fixdli.obj</name>
      </input_file>
      <input_file id="fl-45">
         <path>C:\ti\ccsv7\tools\compiler\c5500_4.4.1\lib\</path>
         <kind>archive</kind>
         <file>rts55h.lib</file>
         <name>fltlid.obj</name>
      </input_file>
      <input_file id="fl-46">
         <path>C:\ti\ccsv7\tools\compiler\c5500_4.4.1\lib\</path>
         <kind>archive</kind>
         <file>rts55h.lib</file>
         <name>fputc.obj</name>
      </input_file>
      <input_file id="fl-47">
         <path>C:\ti\ccsv7\tools\compiler\c5500_4.4.1\lib\</path>
         <kind>archive</kind>
         <file>rts55h.lib</file>
         <name>fputs.obj</name>
      </input_file>
      <input_file id="fl-48">
         <path>C:\ti\ccsv7\tools\compiler\c5500_4.4.1\lib\</path>
         <kind>archive</kind>
         <file>rts55h.lib</file>
         <name>frcmpyd_div.obj</name>
      </input_file>
      <input_file id="fl-49">
         <path>C:\ti\ccsv7\tools\compiler\c5500_4.4.1\lib\</path>
         <kind>archive</kind>
         <file>rts55h.lib</file>
         <name>isinf.obj</name>
      </input_file>
      <input_file id="fl-4a">
         <path>C:\ti\ccsv7\tools\compiler\c5500_4.4.1\lib\</path>
         <kind>archive</kind>
         <file>rts55h.lib</file>
         <name>llmpy.obj</name>
      </input_file>
      <input_file id="fl-4b">
         <path>C:\ti\ccsv7\tools\compiler\c5500_4.4.1\lib\</path>
         <kind>archive</kind>
         <file>rts55h.lib</file>
         <name>lowlev.obj</name>
      </input_file>
      <input_file id="fl-4c">
         <path>C:\ti\ccsv7\tools\compiler\c5500_4.4.1\lib\</path>
         <kind>archive</kind>
         <file>rts55h.lib</file>
         <name>ltoa.obj</name>
      </input_file>
      <input_file id="fl-4d">
         <path>C:\ti\ccsv7\tools\compiler\c5500_4.4.1\lib\</path>
         <kind>archive</kind>
         <file>rts55h.lib</file>
         <name>memccpy.obj</name>
      </input_file>
      <input_file id="fl-4e">
         <path>C:\ti\ccsv7\tools\compiler\c5500_4.4.1\lib\</path>
         <kind>archive</kind>
         <file>rts55h.lib</file>
         <name>memcpy.obj</name>
      </input_file>
      <input_file id="fl-4f">
         <path>C:\ti\ccsv7\tools\compiler\c5500_4.4.1\lib\</path>
         <kind>archive</kind>
         <file>rts55h.lib</file>
         <name>mpyd.obj</name>
      </input_file>
      <input_file id="fl-50">
         <path>C:\ti\ccsv7\tools\compiler\c5500_4.4.1\lib\</path>
         <kind>archive</kind>
         <file>rts55h.lib</file>
         <name>negd.obj</name>
      </input_file>
      <input_file id="fl-51">
         <path>C:\ti\ccsv7\tools\compiler\c5500_4.4.1\lib\</path>
         <kind>archive</kind>
         <file>rts55h.lib</file>
         <name>remli.obj</name>
      </input_file>
      <input_file id="fl-52">
         <path>C:\ti\ccsv7\tools\compiler\c5500_4.4.1\lib\</path>
         <kind>archive</kind>
         <file>rts55h.lib</file>
         <name>remul.obj</name>
      </input_file>
      <input_file id="fl-53">
         <path>C:\ti\ccsv7\tools\compiler\c5500_4.4.1\lib\</path>
         <kind>archive</kind>
         <file>rts55h.lib</file>
         <name>subd.obj</name>
      </input_file>
      <input_file id="fl-54">
         <path>C:\ti\ccsv7\tools\compiler\c5500_4.4.1\lib\</path>
         <kind>archive</kind>
         <file>rts55h.lib</file>
         <name>trgdrv.obj</name>
      </input_file>
      <input_file id="fl-55">
         <path>C:\ti\ccsv7\tools\compiler\c5500_4.4.1\lib\</path>
         <kind>archive</kind>
         <file>rts55h.lib</file>
         <name>trgmsg.obj</name>
      </input_file>
      <input_file id="fl-56">
         <path>C:\ti\ccsv7\tools\compiler\c5500_4.4.1\lib\</path>
         <kind>archive</kind>
         <file>rts55h.lib</file>
         <name>udiv.obj</name>
      </input_file>
      <input_file id="fl-57">
         <path>C:\ti\ccsv7\tools\compiler\c5500_4.4.1\lib\</path>
         <kind>archive</kind>
         <file>rts55h.lib</file>
         <name>_io_perm.obj</name>
      </input_file>
      <input_file id="fl-58">
         <path>C:\ti\ccsv7\tools\compiler\c5500_4.4.1\lib\</path>
         <kind>archive</kind>
         <file>rts55h.lib</file>
         <name>addd.obj</name>
      </input_file>
      <input_file id="fl-59">
         <path>C:\ti\ccsv7\tools\compiler\c5500_4.4.1\lib\</path>
         <kind>archive</kind>
         <file>rts55h.lib</file>
         <name>fflush.obj</name>
      </input_file>
      <input_file id="fl-5a">
         <path>C:\ti\ccsv7\tools\compiler\c5500_4.4.1\lib\</path>
         <kind>archive</kind>
         <file>rts55h.lib</file>
         <name>frcmpyd.obj</name>
      </input_file>
      <input_file id="fl-5b">
         <path>C:\ti\ccsv7\tools\compiler\c5500_4.4.1\lib\</path>
         <kind>archive</kind>
         <file>rts55h.lib</file>
         <name>fseek.obj</name>
      </input_file>
      <input_file id="fl-5c">
         <path>C:\ti\ccsv7\tools\compiler\c5500_4.4.1\lib\</path>
         <kind>archive</kind>
         <file>rts55h.lib</file>
         <name>setvbuf.obj</name>
      </input_file>
      <input_file id="fl-5d">
         <path>C:\ti\ccsv7\tools\compiler\c5500_4.4.1\lib\</path>
         <kind>archive</kind>
         <file>rts55h.lib</file>
         <name>fopen.obj</name>
      </input_file>
      <input_file id="fl-5e">
         <path>C:\ti\ccsv7\tools\compiler\c5500_4.4.1\lib\</path>
         <kind>archive</kind>
         <file>rts55h.lib</file>
         <name>fclose.obj</name>
      </input_file>
      <input_file id="fl-5f">
         <path>C:\ti\ccsv7\tools\compiler\c5500_4.4.1\lib\</path>
         <kind>archive</kind>
         <file>rts55h.lib</file>
         <name>remove.obj</name>
      </input_file>
      <input_file id="fl-60">
         <path>C:\Users\Rino Reyns\Documents\MulltiEffectDSP\DSP_Inzynierka\lib\</path>
         <kind>archive</kind>
         <file>CSLc55x5h.lib</file>
         <name>csl_pll.obj</name>
      </input_file>
      <input_file id="fl-61">
         <path>C:\Users\Rino Reyns\Documents\MulltiEffectDSP\DSP_Inzynierka\lib\</path>
         <kind>archive</kind>
         <file>55xdsph.lib</file>
         <name>iircas51.obj</name>
      </input_file>
      <input_file id="fl-62">
         <path>C:\Users\Rino Reyns\Documents\MulltiEffectDSP\DSP_Inzynierka\lib\</path>
         <kind>archive</kind>
         <file>55xdsph.lib</file>
         <name>sine.obj</name>
      </input_file>
   </input_file_list>
   <object_component_list>
      <object_component id="oc-2b">
         <name>.text</name>
         <load_address>0x3ec54</load_address>
         <run_address>0x3ec54</run_address>
         <size>0x53a</size>
         <input_file_ref idref="fl-5"/>
      </object_component>
      <object_component id="oc-13d">
         <name>.text</name>
         <load_address>0x3f18e</load_address>
         <run_address>0x3f18e</run_address>
         <size>0x538</size>
         <input_file_ref idref="fl-54"/>
      </object_component>
      <object_component id="oc-b8">
         <name>.text</name>
         <load_address>0x3f6c6</load_address>
         <run_address>0x3f6c6</run_address>
         <size>0x533</size>
         <input_file_ref idref="fl-35"/>
      </object_component>
      <object_component id="oc-f1">
         <name>.text</name>
         <load_address>0x3fbf9</load_address>
         <run_address>0x3fbf9</run_address>
         <size>0x3c7</size>
         <input_file_ref idref="fl-42"/>
      </object_component>
      <object_component id="oc-a9">
         <name>.text</name>
         <load_address>0x3ffc0</load_address>
         <run_address>0x3ffc0</run_address>
         <size>0x3e</size>
         <input_file_ref idref="fl-32"/>
      </object_component>
      <object_component id="oc-15">
         <name>.text</name>
         <load_address>0x40750</load_address>
         <run_address>0x40750</run_address>
         <size>0x15d0</size>
         <input_file_ref idref="fl-2"/>
      </object_component>
      <object_component id="oc-d5">
         <name>.text</name>
         <load_address>0x41d20</load_address>
         <run_address>0x41d20</run_address>
         <size>0x1533</size>
         <input_file_ref idref="fl-3b"/>
      </object_component>
      <object_component id="oc-117">
         <name>.text</name>
         <load_address>0x43253</load_address>
         <run_address>0x43253</run_address>
         <size>0x518</size>
         <input_file_ref idref="fl-4b"/>
      </object_component>
      <object_component id="oc-3d">
         <name>.text</name>
         <load_address>0x4376b</load_address>
         <run_address>0x4376b</run_address>
         <size>0x34b</size>
         <input_file_ref idref="fl-8"/>
      </object_component>
      <object_component id="oc-1d">
         <name>.text</name>
         <load_address>0x43ab6</load_address>
         <run_address>0x43ab6</run_address>
         <size>0x340</size>
         <input_file_ref idref="fl-3"/>
      </object_component>
      <object_component id="oc-172">
         <name>.text</name>
         <load_address>0x43df6</load_address>
         <run_address>0x43df6</run_address>
         <size>0x2ad</size>
         <input_file_ref idref="fl-60"/>
      </object_component>
      <object_component id="oc-164">
         <name>.text</name>
         <load_address>0x440a3</load_address>
         <run_address>0x440a3</run_address>
         <size>0x26c</size>
         <input_file_ref idref="fl-5d"/>
      </object_component>
      <object_component id="oc-31">
         <name>.text</name>
         <load_address>0x4430f</load_address>
         <run_address>0x4430f</run_address>
         <size>0x25c</size>
         <input_file_ref idref="fl-6"/>
      </object_component>
      <object_component id="oc-113">
         <name>.text</name>
         <load_address>0x4456b</load_address>
         <run_address>0x4456b</run_address>
         <size>0x25c</size>
         <input_file_ref idref="fl-4a"/>
      </object_component>
      <object_component id="oc-150">
         <name>.text</name>
         <load_address>0x447c7</load_address>
         <run_address>0x447c7</run_address>
         <size>0x257</size>
         <input_file_ref idref="fl-58"/>
      </object_component>
      <object_component id="oc-80">
         <name>.text</name>
         <load_address>0x44a1e</load_address>
         <run_address>0x44a1e</run_address>
         <size>0x230</size>
         <input_file_ref idref="fl-13"/>
      </object_component>
      <object_component id="oc-8f">
         <name>.text</name>
         <load_address>0x44c4e</load_address>
         <run_address>0x44c4e</run_address>
         <size>0x212</size>
         <input_file_ref idref="fl-15"/>
      </object_component>
      <object_component id="oc-e7">
         <name>.text</name>
         <load_address>0x44e60</load_address>
         <run_address>0x44e60</run_address>
         <size>0x1ea</size>
         <input_file_ref idref="fl-3f"/>
      </object_component>
      <object_component id="oc-88">
         <name>.text</name>
         <load_address>0x4504a</load_address>
         <run_address>0x4504a</run_address>
         <size>0x1d8</size>
         <input_file_ref idref="fl-14"/>
      </object_component>
      <object_component id="oc-6d">
         <name>.text</name>
         <load_address>0x45222</load_address>
         <run_address>0x45222</run_address>
         <size>0x1c9</size>
         <input_file_ref idref="fl-10"/>
      </object_component>
      <object_component id="oc-44">
         <name>.text</name>
         <load_address>0x453eb</load_address>
         <run_address>0x453eb</run_address>
         <size>0x1a0</size>
         <input_file_ref idref="fl-9"/>
      </object_component>
      <object_component id="oc-79">
         <name>.text</name>
         <load_address>0x4558b</load_address>
         <run_address>0x4558b</run_address>
         <size>0x180</size>
         <input_file_ref idref="fl-12"/>
      </object_component>
      <object_component id="oc-106">
         <name>.text</name>
         <load_address>0x4570b</load_address>
         <run_address>0x4570b</run_address>
         <size>0x17b</size>
         <input_file_ref idref="fl-47"/>
      </object_component>
      <object_component id="oc-96">
         <name>.text</name>
         <load_address>0x45886</load_address>
         <run_address>0x45886</run_address>
         <size>0x15c</size>
         <input_file_ref idref="fl-16"/>
      </object_component>
      <object_component id="oc-61">
         <name>.text</name>
         <load_address>0x459e2</load_address>
         <run_address>0x459e2</run_address>
         <size>0x156</size>
         <input_file_ref idref="fl-e"/>
      </object_component>
      <object_component id="oc-129">
         <name>.text</name>
         <load_address>0x45b38</load_address>
         <run_address>0x45b38</run_address>
         <size>0x14b</size>
         <input_file_ref idref="fl-4f"/>
      </object_component>
      <object_component id="oc-66">
         <name>.text</name>
         <load_address>0x45c83</load_address>
         <run_address>0x45c83</run_address>
         <size>0x13e</size>
         <input_file_ref idref="fl-f"/>
      </object_component>
      <object_component id="oc-55">
         <name>.text</name>
         <load_address>0x45dc1</load_address>
         <run_address>0x45dc1</run_address>
         <size>0x12a</size>
         <input_file_ref idref="fl-c"/>
      </object_component>
      <object_component id="oc-25">
         <name>.text</name>
         <load_address>0x45eeb</load_address>
         <run_address>0x45eeb</run_address>
         <size>0x113</size>
         <input_file_ref idref="fl-4"/>
      </object_component>
      <object_component id="oc-160">
         <name>.text</name>
         <load_address>0x45ffe</load_address>
         <run_address>0x45ffe</run_address>
         <size>0xf3</size>
         <input_file_ref idref="fl-5c"/>
      </object_component>
      <object_component id="oc-72">
         <name>.text</name>
         <load_address>0x460f1</load_address>
         <run_address>0x460f1</run_address>
         <size>0xe1</size>
         <input_file_ref idref="fl-11"/>
      </object_component>
      <object_component id="oc-14c">
         <name>.text</name>
         <load_address>0x461d2</load_address>
         <run_address>0x461d2</run_address>
         <size>0xda</size>
         <input_file_ref idref="fl-57"/>
      </object_component>
      <object_component id="oc-145">
         <name>.text:CIO_breakpoint</name>
         <load_address>0x462ac</load_address>
         <run_address>0x462ac</run_address>
         <size>0xbe</size>
         <input_file_ref idref="fl-55"/>
      </object_component>
      <object_component id="oc-154">
         <name>.text</name>
         <load_address>0x4636a</load_address>
         <run_address>0x4636a</run_address>
         <size>0xba</size>
         <input_file_ref idref="fl-59"/>
      </object_component>
      <object_component id="oc-36">
         <name>.text</name>
         <load_address>0x46424</load_address>
         <run_address>0x46424</run_address>
         <size>0xad</size>
         <input_file_ref idref="fl-7"/>
      </object_component>
      <object_component id="oc-102">
         <name>.text</name>
         <load_address>0x464d1</load_address>
         <run_address>0x464d1</run_address>
         <size>0xa2</size>
         <input_file_ref idref="fl-46"/>
      </object_component>
      <object_component id="oc-a5">
         <name>.text</name>
         <load_address>0x46573</load_address>
         <run_address>0x46573</run_address>
         <size>0xa0</size>
         <input_file_ref idref="fl-31"/>
      </object_component>
      <object_component id="oc-177">
         <name>.text</name>
         <load_address>0x46613</load_address>
         <run_address>0x46613</run_address>
         <size>0x80</size>
         <input_file_ref idref="fl-61"/>
      </object_component>
      <object_component id="oc-11d">
         <name>.text</name>
         <load_address>0x46693</load_address>
         <run_address>0x46693</run_address>
         <size>0x79</size>
         <input_file_ref idref="fl-4c"/>
      </object_component>
      <object_component id="oc-16a">
         <name>.text</name>
         <load_address>0x4670c</load_address>
         <run_address>0x4670c</run_address>
         <size>0x76</size>
         <input_file_ref idref="fl-5e"/>
      </object_component>
      <object_component id="oc-158">
         <name>.text</name>
         <load_address>0x46782</load_address>
         <run_address>0x46782</run_address>
         <size>0x76</size>
         <input_file_ref idref="fl-5a"/>
      </object_component>
      <object_component id="oc-10b">
         <name>.text</name>
         <load_address>0x467f8</load_address>
         <run_address>0x467f8</run_address>
         <size>0x73</size>
         <input_file_ref idref="fl-48"/>
      </object_component>
      <object_component id="oc-135">
         <name>.text</name>
         <load_address>0x4686b</load_address>
         <run_address>0x4686b</run_address>
         <size>0x70</size>
         <input_file_ref idref="fl-52"/>
      </object_component>
      <object_component id="oc-f9">
         <name>.text</name>
         <load_address>0x468db</load_address>
         <run_address>0x468db</run_address>
         <size>0x6e</size>
         <input_file_ref idref="fl-44"/>
      </object_component>
      <object_component id="oc-c3">
         <name>.text</name>
         <load_address>0x46949</load_address>
         <run_address>0x46949</run_address>
         <size>0x6b</size>
         <input_file_ref idref="fl-37"/>
      </object_component>
      <object_component id="oc-142">
         <name>.text</name>
         <load_address>0x469b4</load_address>
         <run_address>0x469b4</run_address>
         <size>0x6b</size>
         <input_file_ref idref="fl-55"/>
      </object_component>
      <object_component id="oc-15c">
         <name>.text</name>
         <load_address>0x46a1f</load_address>
         <run_address>0x46a1f</run_address>
         <size>0x68</size>
         <input_file_ref idref="fl-5b"/>
      </object_component>
      <object_component id="oc-fd">
         <name>.text</name>
         <load_address>0x46a87</load_address>
         <run_address>0x46a87</run_address>
         <size>0x67</size>
         <input_file_ref idref="fl-45"/>
      </object_component>
      <object_component id="oc-17b">
         <name>.text</name>
         <load_address>0x46aee</load_address>
         <run_address>0x46aee</run_address>
         <size>0x60</size>
         <input_file_ref idref="fl-62"/>
      </object_component>
      <object_component id="oc-df">
         <name>.text</name>
         <load_address>0x46b4e</load_address>
         <run_address>0x46b4e</run_address>
         <size>0x59</size>
         <input_file_ref idref="fl-3d"/>
      </object_component>
      <object_component id="oc-125">
         <name>.text</name>
         <load_address>0x46ba7</load_address>
         <run_address>0x46ba7</run_address>
         <size>0x56</size>
         <input_file_ref idref="fl-4e"/>
      </object_component>
      <object_component id="oc-50">
         <name>.text</name>
         <load_address>0x46bfd</load_address>
         <run_address>0x46bfd</run_address>
         <size>0x54</size>
         <input_file_ref idref="fl-b"/>
      </object_component>
      <object_component id="oc-5c">
         <name>.text</name>
         <load_address>0x46c51</load_address>
         <run_address>0x46c51</run_address>
         <size>0x54</size>
         <input_file_ref idref="fl-d"/>
      </object_component>
      <object_component id="oc-bf">
         <name>.text</name>
         <load_address>0x46ca5</load_address>
         <run_address>0x46ca5</run_address>
         <size>0x4e</size>
         <input_file_ref idref="fl-36"/>
      </object_component>
      <object_component id="oc-e3">
         <name>.text</name>
         <load_address>0x46cf3</load_address>
         <run_address>0x46cf3</run_address>
         <size>0x4d</size>
         <input_file_ref idref="fl-3e"/>
      </object_component>
      <object_component id="oc-131">
         <name>.text</name>
         <load_address>0x46d40</load_address>
         <run_address>0x46d40</run_address>
         <size>0x4b</size>
         <input_file_ref idref="fl-51"/>
      </object_component>
      <object_component id="oc-db">
         <name>.text</name>
         <load_address>0x46d8b</load_address>
         <run_address>0x46d8b</run_address>
         <size>0x49</size>
         <input_file_ref idref="fl-3c"/>
      </object_component>
      <object_component id="oc-a1">
         <name>.text</name>
         <load_address>0x46dd4</load_address>
         <run_address>0x46dd4</run_address>
         <size>0x48</size>
         <input_file_ref idref="fl-30"/>
      </object_component>
      <object_component id="oc-b0">
         <name>.text</name>
         <load_address>0x46e1c</load_address>
         <run_address>0x46e1c</run_address>
         <size>0x3c</size>
         <input_file_ref idref="fl-33"/>
      </object_component>
      <object_component id="oc-13">
         <name>.text</name>
         <load_address>0x46e58</load_address>
         <run_address>0x46e58</run_address>
         <size>0x34</size>
         <input_file_ref idref="fl-2f"/>
      </object_component>
      <object_component id="oc-f5">
         <name>.text</name>
         <load_address>0x46e8c</load_address>
         <run_address>0x46e8c</run_address>
         <size>0x2a</size>
         <input_file_ref idref="fl-43"/>
      </object_component>
      <object_component id="oc-148">
         <name>.text</name>
         <load_address>0x46eb6</load_address>
         <run_address>0x46eb6</run_address>
         <size>0x2a</size>
         <input_file_ref idref="fl-56"/>
      </object_component>
      <object_component id="oc-121">
         <name>.text</name>
         <load_address>0x46ee0</load_address>
         <run_address>0x46ee0</run_address>
         <size>0x22</size>
         <input_file_ref idref="fl-4d"/>
      </object_component>
      <object_component id="oc-4b">
         <name>.text</name>
         <load_address>0x46f02</load_address>
         <run_address>0x46f02</run_address>
         <size>0x1c</size>
         <input_file_ref idref="fl-a"/>
      </object_component>
      <object_component id="oc-10f">
         <name>.text</name>
         <load_address>0x46f1e</load_address>
         <run_address>0x46f1e</run_address>
         <size>0x1a</size>
         <input_file_ref idref="fl-49"/>
      </object_component>
      <object_component id="oc-c7">
         <name>.text</name>
         <load_address>0x46f38</load_address>
         <run_address>0x46f38</run_address>
         <size>0x14</size>
         <input_file_ref idref="fl-38"/>
      </object_component>
      <object_component id="oc-139">
         <name>.text</name>
         <load_address>0x46f4c</load_address>
         <run_address>0x46f4c</run_address>
         <size>0x14</size>
         <input_file_ref idref="fl-53"/>
      </object_component>
      <object_component id="oc-b4">
         <name>.text</name>
         <load_address>0x46f60</load_address>
         <run_address>0x46f60</run_address>
         <size>0x13</size>
         <input_file_ref idref="fl-34"/>
      </object_component>
      <object_component id="oc-cf">
         <name>.text</name>
         <load_address>0x46f73</load_address>
         <run_address>0x46f73</run_address>
         <size>0x12</size>
         <input_file_ref idref="fl-3a"/>
      </object_component>
      <object_component id="oc-12d">
         <name>.text</name>
         <load_address>0x46f85</load_address>
         <run_address>0x46f85</run_address>
         <size>0x10</size>
         <input_file_ref idref="fl-50"/>
      </object_component>
      <object_component id="oc-16e">
         <name>.text</name>
         <load_address>0x46f95</load_address>
         <run_address>0x46f95</run_address>
         <size>0xa</size>
         <input_file_ref idref="fl-5f"/>
      </object_component>
      <object_component id="oc-ad">
         <name>.text:CIO_breakpoint</name>
         <load_address>0x46f9f</load_address>
         <run_address>0x46f9f</run_address>
         <size>0x7</size>
         <input_file_ref idref="fl-32"/>
      </object_component>
      <object_component id="oc-cb">
         <name>.text</name>
         <load_address>0x46fa6</load_address>
         <run_address>0x46fa6</run_address>
         <size>0x2</size>
         <input_file_ref idref="fl-39"/>
      </object_component>
      <object_component id="oc-9d">
         <name>.stack</name>
         <uninitialized>true</uninitialized>
         <run_address>0xc0</run_address>
         <size>0x0</size>
         <input_file_ref idref="fl-2f"/>
      </object_component>
      <object_component id="oc-1a1">
         <name>.stack</name>
         <uninitialized>true</uninitialized>
         <run_address>0xc0</run_address>
         <size>0x0</size>
      </object_component>
      <object_component id="oc-180">
         <name>.sysstack</name>
         <uninitialized>true</uninitialized>
         <run_address>0x20c0</run_address>
         <size>0x0</size>
         <input_file_ref idref="fl-2f"/>
      </object_component>
      <object_component id="oc-1a3">
         <name>.sysstack</name>
         <uninitialized>true</uninitialized>
         <run_address>0x20c0</run_address>
         <size>0x0</size>
      </object_component>
      <object_component id="oc-17c">
         <name>.data:.text</name>
         <load_address>0x4732</load_address>
         <run_address>0x4732</run_address>
         <size>0x2</size>
         <input_file_ref idref="fl-62"/>
      </object_component>
      <object_component id="oc-89">
         <name>.bss</name>
         <uninitialized>true</uninitialized>
         <run_address>0x30c0</run_address>
         <size>0x97c</size>
         <input_file_ref idref="fl-14"/>
      </object_component>
      <object_component id="oc-90">
         <name>.bss</name>
         <uninitialized>true</uninitialized>
         <run_address>0x3a3c</run_address>
         <size>0x5bc</size>
         <input_file_ref idref="fl-15"/>
      </object_component>
      <object_component id="oc-ed">
         <name>.bss</name>
         <uninitialized>true</uninitialized>
         <run_address>0x3ff8</run_address>
         <size>0x232</size>
         <input_file_ref idref="fl-41"/>
      </object_component>
      <object_component id="oc-13e">
         <name>.bss</name>
         <uninitialized>true</uninitialized>
         <run_address>0x422a</run_address>
         <size>0x1a0</size>
         <input_file_ref idref="fl-54"/>
      </object_component>
      <object_component id="oc-3e">
         <name>.bss</name>
         <uninitialized>true</uninitialized>
         <run_address>0x43ca</run_address>
         <size>0x178</size>
         <input_file_ref idref="fl-8"/>
      </object_component>
      <object_component id="oc-165">
         <name>.bss</name>
         <uninitialized>true</uninitialized>
         <run_address>0x4542</run_address>
         <size>0x2</size>
         <input_file_ref idref="fl-5d"/>
      </object_component>
      <object_component id="oc-118">
         <name>.bss</name>
         <uninitialized>true</uninitialized>
         <run_address>0x4544</run_address>
         <size>0xe2</size>
         <input_file_ref idref="fl-4b"/>
      </object_component>
      <object_component id="oc-56">
         <name>.bss</name>
         <uninitialized>true</uninitialized>
         <run_address>0x4626</run_address>
         <size>0x2</size>
         <input_file_ref idref="fl-c"/>
      </object_component>
      <object_component id="oc-1e">
         <name>.bss</name>
         <uninitialized>true</uninitialized>
         <run_address>0x4628</run_address>
         <size>0x6c</size>
         <input_file_ref idref="fl-3"/>
      </object_component>
      <object_component id="oc-16">
         <name>.bss</name>
         <uninitialized>true</uninitialized>
         <run_address>0x4694</run_address>
         <size>0x3c</size>
         <input_file_ref idref="fl-2"/>
      </object_component>
      <object_component id="oc-81">
         <name>.bss</name>
         <uninitialized>true</uninitialized>
         <run_address>0x46d0</run_address>
         <size>0x24</size>
         <input_file_ref idref="fl-13"/>
      </object_component>
      <object_component id="oc-97">
         <name>.bss</name>
         <uninitialized>true</uninitialized>
         <run_address>0x46f4</run_address>
         <size>0x14</size>
         <input_file_ref idref="fl-16"/>
      </object_component>
      <object_component id="oc-45">
         <name>.bss</name>
         <uninitialized>true</uninitialized>
         <run_address>0x4708</run_address>
         <size>0xe</size>
         <input_file_ref idref="fl-9"/>
      </object_component>
      <object_component id="oc-67">
         <name>.bss</name>
         <uninitialized>true</uninitialized>
         <run_address>0x4716</run_address>
         <size>0x2</size>
         <input_file_ref idref="fl-f"/>
      </object_component>
      <object_component id="oc-b9">
         <name>.bss</name>
         <uninitialized>true</uninitialized>
         <run_address>0x4718</run_address>
         <size>0xe</size>
         <input_file_ref idref="fl-35"/>
      </object_component>
      <object_component id="oc-37">
         <name>.bss</name>
         <uninitialized>true</uninitialized>
         <run_address>0x4726</run_address>
         <size>0xc</size>
         <input_file_ref idref="fl-7"/>
      </object_component>
      <object_component id="oc-d0">
         <name>.bss</name>
         <uninitialized>true</uninitialized>
         <run_address>0x4734</run_address>
         <size>0x8</size>
         <input_file_ref idref="fl-3a"/>
      </object_component>
      <object_component id="oc-aa">
         <name>.bss</name>
         <uninitialized>true</uninitialized>
         <run_address>0x473c</run_address>
         <size>0x8</size>
         <input_file_ref idref="fl-32"/>
      </object_component>
      <object_component id="oc-26">
         <name>.bss</name>
         <uninitialized>true</uninitialized>
         <run_address>0x4744</run_address>
         <size>0x4</size>
         <input_file_ref idref="fl-4"/>
      </object_component>
      <object_component id="oc-7a">
         <name>.bss</name>
         <uninitialized>true</uninitialized>
         <run_address>0x10000</run_address>
         <size>0xee58</size>
         <input_file_ref idref="fl-12"/>
      </object_component>
      <object_component id="oc-73">
         <name>.bss</name>
         <uninitialized>true</uninitialized>
         <run_address>0x20000</run_address>
         <size>0xec54</size>
         <input_file_ref idref="fl-11"/>
      </object_component>
      <object_component id="oc-181">
         <name>.const:_xAxis</name>
         <load_address>0x4748</load_address>
         <run_address>0x4748</run_address>
         <size>0x8000</size>
         <input_file_ref idref="fl-13"/>
      </object_component>
      <object_component id="oc-19">
         <name>.const:.string</name>
         <load_address>0xc748</load_address>
         <run_address>0xc748</run_address>
         <size>0xacc</size>
         <input_file_ref idref="fl-2"/>
      </object_component>
      <object_component id="oc-21">
         <name>.const:.string</name>
         <load_address>0xd214</load_address>
         <run_address>0xd214</run_address>
         <size>0x46c</size>
         <input_file_ref idref="fl-3"/>
      </object_component>
      <object_component id="oc-2d">
         <name>.const:.string</name>
         <load_address>0xd680</load_address>
         <run_address>0xd680</run_address>
         <size>0x2e8</size>
         <input_file_ref idref="fl-5"/>
      </object_component>
      <object_component id="oc-185">
         <name>.const:__ctypes_</name>
         <load_address>0xd968</load_address>
         <run_address>0xd968</run_address>
         <size>0x202</size>
         <input_file_ref idref="fl-40"/>
      </object_component>
      <object_component id="oc-d8">
         <name>.const:.string</name>
         <load_address>0xdb6c</load_address>
         <run_address>0xdb6c</run_address>
         <size>0x48</size>
         <input_file_ref idref="fl-3b"/>
      </object_component>
      <object_component id="oc-d7">
         <name>.const</name>
         <load_address>0xdbb4</load_address>
         <run_address>0xdbb4</run_address>
         <size>0x18</size>
         <input_file_ref idref="fl-3b"/>
      </object_component>
      <object_component id="oc-186">
         <name>.const:_initial_approx$1</name>
         <load_address>0xdbcc</load_address>
         <run_address>0xdbcc</run_address>
         <size>0x10</size>
         <input_file_ref idref="fl-42"/>
      </object_component>
      <object_component id="oc-184">
         <name>.const:_IIR_low_pass_4800Hz</name>
         <load_address>0xdbdc</load_address>
         <run_address>0xdbdc</run_address>
         <size>0xa</size>
         <input_file_ref idref="fl-13"/>
      </object_component>
      <object_component id="oc-108">
         <name>.const:.string</name>
         <load_address>0xdbe8</load_address>
         <run_address>0xdbe8</run_address>
         <size>0x4</size>
         <input_file_ref idref="fl-47"/>
      </object_component>
      <object_component id="oc-84">
         <name>.const</name>
         <load_address>0xdbec</load_address>
         <run_address>0xdbec</run_address>
         <size>0x4</size>
         <input_file_ref idref="fl-13"/>
      </object_component>
      <object_component id="oc-ff">
         <name>.const</name>
         <load_address>0xdbf0</load_address>
         <run_address>0xdbf0</run_address>
         <size>0x4</size>
         <input_file_ref idref="fl-45"/>
      </object_component>
      <object_component id="oc-182">
         <name>.const:_yHardAxis</name>
         <load_address>0x2ec54</load_address>
         <run_address>0x2ec54</run_address>
         <size>0x8000</size>
         <input_file_ref idref="fl-13"/>
      </object_component>
      <object_component id="oc-183">
         <name>.const:_ySoftAxis</name>
         <load_address>0x36c54</load_address>
         <run_address>0x36c54</run_address>
         <size>0x8000</size>
         <input_file_ref idref="fl-13"/>
      </object_component>
      <object_component id="oc-bc">
         <name>.sysmem</name>
         <uninitialized>true</uninitialized>
         <run_address>0xdbf4</run_address>
         <size>0x0</size>
         <input_file_ref idref="fl-35"/>
      </object_component>
      <object_component id="oc-1a2">
         <name>.sysmem</name>
         <uninitialized>true</uninitialized>
         <run_address>0xdbf4</run_address>
         <size>0x0</size>
      </object_component>
      <object_component id="oc-40">
         <name>.cinit</name>
         <load_address>0x40000</load_address>
         <run_address>0x40000</run_address>
         <size>0x184</size>
         <input_file_ref idref="fl-8"/>
      </object_component>
      <object_component id="oc-20">
         <name>.cinit</name>
         <load_address>0x40184</load_address>
         <run_address>0x40184</run_address>
         <size>0x8c</size>
         <input_file_ref idref="fl-3"/>
      </object_component>
      <object_component id="oc-18">
         <name>.cinit</name>
         <load_address>0x40210</load_address>
         <run_address>0x40210</run_address>
         <size>0x78</size>
         <input_file_ref idref="fl-2"/>
      </object_component>
      <object_component id="oc-83">
         <name>.cinit</name>
         <load_address>0x40288</load_address>
         <run_address>0x40288</run_address>
         <size>0x5e</size>
         <input_file_ref idref="fl-13"/>
      </object_component>
      <object_component id="oc-11a">
         <name>.cinit</name>
         <load_address>0x402e6</load_address>
         <run_address>0x402e6</run_address>
         <size>0x5a</size>
         <input_file_ref idref="fl-4b"/>
      </object_component>
      <object_component id="oc-ef">
         <name>.cinit</name>
         <load_address>0x40340</load_address>
         <run_address>0x40340</run_address>
         <size>0x54</size>
         <input_file_ref idref="fl-41"/>
      </object_component>
      <object_component id="oc-8b">
         <name>.cinit</name>
         <load_address>0x40394</load_address>
         <run_address>0x40394</run_address>
         <size>0x3c</size>
         <input_file_ref idref="fl-14"/>
      </object_component>
      <object_component id="oc-92">
         <name>.cinit</name>
         <load_address>0x403d0</load_address>
         <run_address>0x403d0</run_address>
         <size>0x3c</size>
         <input_file_ref idref="fl-15"/>
      </object_component>
      <object_component id="oc-99">
         <name>.cinit</name>
         <load_address>0x4040c</load_address>
         <run_address>0x4040c</run_address>
         <size>0x36</size>
         <input_file_ref idref="fl-16"/>
      </object_component>
      <object_component id="oc-7c">
         <name>.cinit</name>
         <load_address>0x40442</load_address>
         <run_address>0x40442</run_address>
         <size>0x2c</size>
         <input_file_ref idref="fl-12"/>
      </object_component>
      <object_component id="oc-47">
         <name>.cinit</name>
         <load_address>0x4046e</load_address>
         <run_address>0x4046e</run_address>
         <size>0x2c</size>
         <input_file_ref idref="fl-9"/>
      </object_component>
      <object_component id="oc-75">
         <name>.cinit</name>
         <load_address>0x4049a</load_address>
         <run_address>0x4049a</run_address>
         <size>0x22</size>
         <input_file_ref idref="fl-11"/>
      </object_component>
      <object_component id="oc-d2">
         <name>.cinit</name>
         <load_address>0x404bc</load_address>
         <run_address>0x404bc</run_address>
         <size>0x14</size>
         <input_file_ref idref="fl-3a"/>
      </object_component>
      <object_component id="oc-ac">
         <name>.cinit</name>
         <load_address>0x404d0</load_address>
         <run_address>0x404d0</run_address>
         <size>0x14</size>
         <input_file_ref idref="fl-32"/>
      </object_component>
      <object_component id="oc-39">
         <name>.cinit</name>
         <load_address>0x404e4</load_address>
         <run_address>0x404e4</run_address>
         <size>0x8</size>
         <input_file_ref idref="fl-7"/>
      </object_component>
      <object_component id="oc-167">
         <name>.cinit</name>
         <load_address>0x404ec</load_address>
         <run_address>0x404ec</run_address>
         <size>0x8</size>
         <input_file_ref idref="fl-5d"/>
      </object_component>
      <object_component id="oc-bb">
         <name>.cinit</name>
         <load_address>0x404f4</load_address>
         <run_address>0x404f4</run_address>
         <size>0x8</size>
         <input_file_ref idref="fl-35"/>
      </object_component>
      <object_component id="oc-58">
         <name>.cinit</name>
         <load_address>0x404fc</load_address>
         <run_address>0x404fc</run_address>
         <size>0x8</size>
         <input_file_ref idref="fl-c"/>
      </object_component>
      <object_component id="oc-69">
         <name>.cinit</name>
         <load_address>0x40504</load_address>
         <run_address>0x40504</run_address>
         <size>0x8</size>
         <input_file_ref idref="fl-f"/>
      </object_component>
      <object_component id="oc-144">
         <name>.cio</name>
         <uninitialized>true</uninitialized>
         <run_address>0x40510</run_address>
         <size>0x240</size>
         <input_file_ref idref="fl-55"/>
      </object_component>
      <object_component id="oc-14">
         <name>vectors</name>
         <load_address>0x4fe00</load_address>
         <run_address>0x4fe00</run_address>
         <size>0x100</size>
         <input_file_ref idref="fl-39"/>
      </object_component>
      <object_component id="oc-17">
         <name>.debug_info</name>
         <load_address>0x0</load_address>
         <run_address>0x0</run_address>
         <size>0x255b</size>
         <input_file_ref idref="fl-2"/>
      </object_component>
      <object_component id="oc-1f">
         <name>.debug_info</name>
         <load_address>0x255b</load_address>
         <run_address>0x255b</run_address>
         <size>0x1230</size>
         <input_file_ref idref="fl-3"/>
      </object_component>
      <object_component id="oc-27">
         <name>.debug_info</name>
         <load_address>0x378b</load_address>
         <run_address>0x378b</run_address>
         <size>0xb64</size>
         <input_file_ref idref="fl-4"/>
      </object_component>
      <object_component id="oc-2c">
         <name>.debug_info</name>
         <load_address>0x42ef</load_address>
         <run_address>0x42ef</run_address>
         <size>0xeb3</size>
         <input_file_ref idref="fl-5"/>
      </object_component>
      <object_component id="oc-32">
         <name>.debug_info</name>
         <load_address>0x51a2</load_address>
         <run_address>0x51a2</run_address>
         <size>0xbb4</size>
         <input_file_ref idref="fl-6"/>
      </object_component>
      <object_component id="oc-38">
         <name>.debug_info</name>
         <load_address>0x5d56</load_address>
         <run_address>0x5d56</run_address>
         <size>0xa86</size>
         <input_file_ref idref="fl-7"/>
      </object_component>
      <object_component id="oc-3f">
         <name>.debug_info</name>
         <load_address>0x67dc</load_address>
         <run_address>0x67dc</run_address>
         <size>0xfc6</size>
         <input_file_ref idref="fl-8"/>
      </object_component>
      <object_component id="oc-46">
         <name>.debug_info</name>
         <load_address>0x77a2</load_address>
         <run_address>0x77a2</run_address>
         <size>0x6b3</size>
         <input_file_ref idref="fl-9"/>
      </object_component>
      <object_component id="oc-4c">
         <name>.debug_info</name>
         <load_address>0x7e55</load_address>
         <run_address>0x7e55</run_address>
         <size>0x598</size>
         <input_file_ref idref="fl-a"/>
      </object_component>
      <object_component id="oc-51">
         <name>.debug_info</name>
         <load_address>0x83ed</load_address>
         <run_address>0x83ed</run_address>
         <size>0x69a</size>
         <input_file_ref idref="fl-b"/>
      </object_component>
      <object_component id="oc-57">
         <name>.debug_info</name>
         <load_address>0x8a87</load_address>
         <run_address>0x8a87</run_address>
         <size>0xb2d</size>
         <input_file_ref idref="fl-c"/>
      </object_component>
      <object_component id="oc-5d">
         <name>.debug_info</name>
         <load_address>0x95b4</load_address>
         <run_address>0x95b4</run_address>
         <size>0x69a</size>
         <input_file_ref idref="fl-d"/>
      </object_component>
      <object_component id="oc-62">
         <name>.debug_info</name>
         <load_address>0x9c4e</load_address>
         <run_address>0x9c4e</run_address>
         <size>0x828</size>
         <input_file_ref idref="fl-e"/>
      </object_component>
      <object_component id="oc-68">
         <name>.debug_info</name>
         <load_address>0xa476</load_address>
         <run_address>0xa476</run_address>
         <size>0xbb6</size>
         <input_file_ref idref="fl-f"/>
      </object_component>
      <object_component id="oc-6e">
         <name>.debug_info</name>
         <load_address>0xb02c</load_address>
         <run_address>0xb02c</run_address>
         <size>0xea5</size>
         <input_file_ref idref="fl-10"/>
      </object_component>
      <object_component id="oc-74">
         <name>.debug_info</name>
         <load_address>0xbed1</load_address>
         <run_address>0xbed1</run_address>
         <size>0x7fb</size>
         <input_file_ref idref="fl-11"/>
      </object_component>
      <object_component id="oc-7b">
         <name>.debug_info</name>
         <load_address>0xc6cc</load_address>
         <run_address>0xc6cc</run_address>
         <size>0x884</size>
         <input_file_ref idref="fl-12"/>
      </object_component>
      <object_component id="oc-82">
         <name>.debug_info</name>
         <load_address>0xcf50</load_address>
         <run_address>0xcf50</run_address>
         <size>0xa9c</size>
         <input_file_ref idref="fl-13"/>
      </object_component>
      <object_component id="oc-8a">
         <name>.debug_info</name>
         <load_address>0xd9ec</load_address>
         <run_address>0xd9ec</run_address>
         <size>0x98c</size>
         <input_file_ref idref="fl-14"/>
      </object_component>
      <object_component id="oc-91">
         <name>.debug_info</name>
         <load_address>0xe378</load_address>
         <run_address>0xe378</run_address>
         <size>0x994</size>
         <input_file_ref idref="fl-15"/>
      </object_component>
      <object_component id="oc-98">
         <name>.debug_info</name>
         <load_address>0xed0c</load_address>
         <run_address>0xed0c</run_address>
         <size>0x7c9</size>
         <input_file_ref idref="fl-16"/>
      </object_component>
      <object_component id="oc-9e">
         <name>.debug_info</name>
         <load_address>0xf4d5</load_address>
         <run_address>0xf4d5</run_address>
         <size>0xe8</size>
         <input_file_ref idref="fl-2f"/>
      </object_component>
      <object_component id="oc-a2">
         <name>.debug_info</name>
         <load_address>0xf5bd</load_address>
         <run_address>0xf5bd</run_address>
         <size>0x4f2</size>
         <input_file_ref idref="fl-30"/>
      </object_component>
      <object_component id="oc-a6">
         <name>.debug_info</name>
         <load_address>0xfaaf</load_address>
         <run_address>0xfaaf</run_address>
         <size>0x534</size>
         <input_file_ref idref="fl-31"/>
      </object_component>
      <object_component id="oc-ab">
         <name>.debug_info</name>
         <load_address>0xffe3</load_address>
         <run_address>0xffe3</run_address>
         <size>0x5fb</size>
         <input_file_ref idref="fl-32"/>
      </object_component>
      <object_component id="oc-b1">
         <name>.debug_info</name>
         <load_address>0x105de</load_address>
         <run_address>0x105de</run_address>
         <size>0xeb</size>
         <input_file_ref idref="fl-33"/>
      </object_component>
      <object_component id="oc-b5">
         <name>.debug_info</name>
         <load_address>0x106c9</load_address>
         <run_address>0x106c9</run_address>
         <size>0xbd</size>
         <input_file_ref idref="fl-34"/>
      </object_component>
      <object_component id="oc-ba">
         <name>.debug_info</name>
         <load_address>0x10786</load_address>
         <run_address>0x10786</run_address>
         <size>0xba5</size>
         <input_file_ref idref="fl-35"/>
      </object_component>
      <object_component id="oc-c0">
         <name>.debug_info</name>
         <load_address>0x1132b</load_address>
         <run_address>0x1132b</run_address>
         <size>0x76c</size>
         <input_file_ref idref="fl-36"/>
      </object_component>
      <object_component id="oc-c4">
         <name>.debug_info</name>
         <load_address>0x11a97</load_address>
         <run_address>0x11a97</run_address>
         <size>0x6c6</size>
         <input_file_ref idref="fl-37"/>
      </object_component>
      <object_component id="oc-c8">
         <name>.debug_info</name>
         <load_address>0x1215d</load_address>
         <run_address>0x1215d</run_address>
         <size>0x58e</size>
         <input_file_ref idref="fl-38"/>
      </object_component>
      <object_component id="oc-cc">
         <name>.debug_info</name>
         <load_address>0x126eb</load_address>
         <run_address>0x126eb</run_address>
         <size>0xbc</size>
         <input_file_ref idref="fl-39"/>
      </object_component>
      <object_component id="oc-d1">
         <name>.debug_info</name>
         <load_address>0x127a7</load_address>
         <run_address>0x127a7</run_address>
         <size>0x5bc</size>
         <input_file_ref idref="fl-3a"/>
      </object_component>
      <object_component id="oc-d6">
         <name>.debug_info</name>
         <load_address>0x12d63</load_address>
         <run_address>0x12d63</run_address>
         <size>0x27bd</size>
         <input_file_ref idref="fl-3b"/>
      </object_component>
      <object_component id="oc-dc">
         <name>.debug_info</name>
         <load_address>0x15520</load_address>
         <run_address>0x15520</run_address>
         <size>0x586</size>
         <input_file_ref idref="fl-3c"/>
      </object_component>
      <object_component id="oc-e0">
         <name>.debug_info</name>
         <load_address>0x15aa6</load_address>
         <run_address>0x15aa6</run_address>
         <size>0x5a4</size>
         <input_file_ref idref="fl-3d"/>
      </object_component>
      <object_component id="oc-e4">
         <name>.debug_info</name>
         <load_address>0x1604a</load_address>
         <run_address>0x1604a</run_address>
         <size>0xcd</size>
         <input_file_ref idref="fl-3e"/>
      </object_component>
      <object_component id="oc-e8">
         <name>.debug_info</name>
         <load_address>0x16117</load_address>
         <run_address>0x16117</run_address>
         <size>0x81f</size>
         <input_file_ref idref="fl-3f"/>
      </object_component>
      <object_component id="oc-eb">
         <name>.debug_info</name>
         <load_address>0x16936</load_address>
         <run_address>0x16936</run_address>
         <size>0x498</size>
         <input_file_ref idref="fl-40"/>
      </object_component>
      <object_component id="oc-ee">
         <name>.debug_info</name>
         <load_address>0x16dce</load_address>
         <run_address>0x16dce</run_address>
         <size>0x57e</size>
         <input_file_ref idref="fl-41"/>
      </object_component>
      <object_component id="oc-f2">
         <name>.debug_info</name>
         <load_address>0x1734c</load_address>
         <run_address>0x1734c</run_address>
         <size>0x7e8</size>
         <input_file_ref idref="fl-42"/>
      </object_component>
      <object_component id="oc-f6">
         <name>.debug_info</name>
         <load_address>0x17b34</load_address>
         <run_address>0x17b34</run_address>
         <size>0x4cf</size>
         <input_file_ref idref="fl-43"/>
      </object_component>
      <object_component id="oc-fa">
         <name>.debug_info</name>
         <load_address>0x18003</load_address>
         <run_address>0x18003</run_address>
         <size>0x534</size>
         <input_file_ref idref="fl-44"/>
      </object_component>
      <object_component id="oc-fe">
         <name>.debug_info</name>
         <load_address>0x18537</load_address>
         <run_address>0x18537</run_address>
         <size>0x549</size>
         <input_file_ref idref="fl-45"/>
      </object_component>
      <object_component id="oc-103">
         <name>.debug_info</name>
         <load_address>0x18a80</load_address>
         <run_address>0x18a80</run_address>
         <size>0x6aa</size>
         <input_file_ref idref="fl-46"/>
      </object_component>
      <object_component id="oc-107">
         <name>.debug_info</name>
         <load_address>0x1912a</load_address>
         <run_address>0x1912a</run_address>
         <size>0x942</size>
         <input_file_ref idref="fl-47"/>
      </object_component>
      <object_component id="oc-10c">
         <name>.debug_info</name>
         <load_address>0x19a6c</load_address>
         <run_address>0x19a6c</run_address>
         <size>0x53e</size>
         <input_file_ref idref="fl-48"/>
      </object_component>
      <object_component id="oc-110">
         <name>.debug_info</name>
         <load_address>0x19faa</load_address>
         <run_address>0x19faa</run_address>
         <size>0x680</size>
         <input_file_ref idref="fl-49"/>
      </object_component>
      <object_component id="oc-114">
         <name>.debug_info</name>
         <load_address>0x1a62a</load_address>
         <run_address>0x1a62a</run_address>
         <size>0x7d4</size>
         <input_file_ref idref="fl-4a"/>
      </object_component>
      <object_component id="oc-119">
         <name>.debug_info</name>
         <load_address>0x1adfe</load_address>
         <run_address>0x1adfe</run_address>
         <size>0x144b</size>
         <input_file_ref idref="fl-4b"/>
      </object_component>
      <object_component id="oc-11e">
         <name>.debug_info</name>
         <load_address>0x1c249</load_address>
         <run_address>0x1c249</run_address>
         <size>0x5ad</size>
         <input_file_ref idref="fl-4c"/>
      </object_component>
      <object_component id="oc-122">
         <name>.debug_info</name>
         <load_address>0x1c7f6</load_address>
         <run_address>0x1c7f6</run_address>
         <size>0x574</size>
         <input_file_ref idref="fl-4d"/>
      </object_component>
      <object_component id="oc-126">
         <name>.debug_info</name>
         <load_address>0x1cd6a</load_address>
         <run_address>0x1cd6a</run_address>
         <size>0xd1</size>
         <input_file_ref idref="fl-4e"/>
      </object_component>
      <object_component id="oc-12a">
         <name>.debug_info</name>
         <load_address>0x1ce3b</load_address>
         <run_address>0x1ce3b</run_address>
         <size>0x55b</size>
         <input_file_ref idref="fl-4f"/>
      </object_component>
      <object_component id="oc-12e">
         <name>.debug_info</name>
         <load_address>0x1d396</load_address>
         <run_address>0x1d396</run_address>
         <size>0x4b7</size>
         <input_file_ref idref="fl-50"/>
      </object_component>
      <object_component id="oc-132">
         <name>.debug_info</name>
         <load_address>0x1d84d</load_address>
         <run_address>0x1d84d</run_address>
         <size>0x4f2</size>
         <input_file_ref idref="fl-51"/>
      </object_component>
      <object_component id="oc-136">
         <name>.debug_info</name>
         <load_address>0x1dd3f</load_address>
         <run_address>0x1dd3f</run_address>
         <size>0x534</size>
         <input_file_ref idref="fl-52"/>
      </object_component>
      <object_component id="oc-13a">
         <name>.debug_info</name>
         <load_address>0x1e273</load_address>
         <run_address>0x1e273</run_address>
         <size>0x4de</size>
         <input_file_ref idref="fl-53"/>
      </object_component>
      <object_component id="oc-13f">
         <name>.debug_info</name>
         <load_address>0x1e751</load_address>
         <run_address>0x1e751</run_address>
         <size>0xed4</size>
         <input_file_ref idref="fl-54"/>
      </object_component>
      <object_component id="oc-143">
         <name>.debug_info</name>
         <load_address>0x1f625</load_address>
         <run_address>0x1f625</run_address>
         <size>0x744</size>
         <input_file_ref idref="fl-55"/>
      </object_component>
      <object_component id="oc-149">
         <name>.debug_info</name>
         <load_address>0x1fd69</load_address>
         <run_address>0x1fd69</run_address>
         <size>0xef</size>
         <input_file_ref idref="fl-56"/>
      </object_component>
      <object_component id="oc-14d">
         <name>.debug_info</name>
         <load_address>0x1fe58</load_address>
         <run_address>0x1fe58</run_address>
         <size>0x662</size>
         <input_file_ref idref="fl-57"/>
      </object_component>
      <object_component id="oc-151">
         <name>.debug_info</name>
         <load_address>0x204ba</load_address>
         <run_address>0x204ba</run_address>
         <size>0x5ab</size>
         <input_file_ref idref="fl-58"/>
      </object_component>
      <object_component id="oc-155">
         <name>.debug_info</name>
         <load_address>0x20a65</load_address>
         <run_address>0x20a65</run_address>
         <size>0x706</size>
         <input_file_ref idref="fl-59"/>
      </object_component>
      <object_component id="oc-159">
         <name>.debug_info</name>
         <load_address>0x2116b</load_address>
         <run_address>0x2116b</run_address>
         <size>0x4d2</size>
         <input_file_ref idref="fl-5a"/>
      </object_component>
      <object_component id="oc-15d">
         <name>.debug_info</name>
         <load_address>0x2163d</load_address>
         <run_address>0x2163d</run_address>
         <size>0x5f7</size>
         <input_file_ref idref="fl-5b"/>
      </object_component>
      <object_component id="oc-161">
         <name>.debug_info</name>
         <load_address>0x21c34</load_address>
         <run_address>0x21c34</run_address>
         <size>0x64a</size>
         <input_file_ref idref="fl-5c"/>
      </object_component>
      <object_component id="oc-166">
         <name>.debug_info</name>
         <load_address>0x2227e</load_address>
         <run_address>0x2227e</run_address>
         <size>0xa1c</size>
         <input_file_ref idref="fl-5d"/>
      </object_component>
      <object_component id="oc-16b">
         <name>.debug_info</name>
         <load_address>0x22c9a</load_address>
         <run_address>0x22c9a</run_address>
         <size>0x64f</size>
         <input_file_ref idref="fl-5e"/>
      </object_component>
      <object_component id="oc-16f">
         <name>.debug_info</name>
         <load_address>0x232e9</load_address>
         <run_address>0x232e9</run_address>
         <size>0x510</size>
         <input_file_ref idref="fl-5f"/>
      </object_component>
      <object_component id="oc-173">
         <name>.debug_info</name>
         <load_address>0x237f9</load_address>
         <run_address>0x237f9</run_address>
         <size>0x5ff3</size>
         <input_file_ref idref="fl-60"/>
      </object_component>
      <object_component id="oc-178">
         <name>.debug_info</name>
         <load_address>0x297ec</load_address>
         <run_address>0x297ec</run_address>
         <size>0xcc</size>
         <input_file_ref idref="fl-61"/>
      </object_component>
      <object_component id="oc-17d">
         <name>.debug_info</name>
         <load_address>0x298b8</load_address>
         <run_address>0x298b8</run_address>
         <size>0xc3</size>
         <input_file_ref idref="fl-62"/>
      </object_component>
      <object_component id="oc-1b1">
         <name>.debug_info</name>
         <load_address>0x2997b</load_address>
         <run_address>0x2997b</run_address>
         <size>0x6e</size>
      </object_component>
      <object_component id="oc-1a">
         <name>.debug_frame</name>
         <load_address>0x0</load_address>
         <run_address>0x0</run_address>
         <size>0x29f</size>
         <input_file_ref idref="fl-2"/>
      </object_component>
      <object_component id="oc-22">
         <name>.debug_frame</name>
         <load_address>0x29f</load_address>
         <run_address>0x29f</run_address>
         <size>0x103</size>
         <input_file_ref idref="fl-3"/>
      </object_component>
      <object_component id="oc-28">
         <name>.debug_frame</name>
         <load_address>0x3a2</load_address>
         <run_address>0x3a2</run_address>
         <size>0x172</size>
         <input_file_ref idref="fl-4"/>
      </object_component>
      <object_component id="oc-2e">
         <name>.debug_frame</name>
         <load_address>0x514</load_address>
         <run_address>0x514</run_address>
         <size>0x103</size>
         <input_file_ref idref="fl-5"/>
      </object_component>
      <object_component id="oc-33">
         <name>.debug_frame</name>
         <load_address>0x617</load_address>
         <run_address>0x617</run_address>
         <size>0x13b</size>
         <input_file_ref idref="fl-6"/>
      </object_component>
      <object_component id="oc-3a">
         <name>.debug_frame</name>
         <load_address>0x752</load_address>
         <run_address>0x752</run_address>
         <size>0xe2</size>
         <input_file_ref idref="fl-7"/>
      </object_component>
      <object_component id="oc-41">
         <name>.debug_frame</name>
         <load_address>0x834</load_address>
         <run_address>0x834</run_address>
         <size>0x176</size>
         <input_file_ref idref="fl-8"/>
      </object_component>
      <object_component id="oc-48">
         <name>.debug_frame</name>
         <load_address>0x9aa</load_address>
         <run_address>0x9aa</run_address>
         <size>0x111</size>
         <input_file_ref idref="fl-9"/>
      </object_component>
      <object_component id="oc-4d">
         <name>.debug_frame</name>
         <load_address>0xabb</load_address>
         <run_address>0xabb</run_address>
         <size>0xe4</size>
         <input_file_ref idref="fl-a"/>
      </object_component>
      <object_component id="oc-52">
         <name>.debug_frame</name>
         <load_address>0xb9f</load_address>
         <run_address>0xb9f</run_address>
         <size>0x116</size>
         <input_file_ref idref="fl-b"/>
      </object_component>
      <object_component id="oc-59">
         <name>.debug_frame</name>
         <load_address>0xcb5</load_address>
         <run_address>0xcb5</run_address>
         <size>0x14a</size>
         <input_file_ref idref="fl-c"/>
      </object_component>
      <object_component id="oc-5e">
         <name>.debug_frame</name>
         <load_address>0xdff</load_address>
         <run_address>0xdff</run_address>
         <size>0x116</size>
         <input_file_ref idref="fl-d"/>
      </object_component>
      <object_component id="oc-63">
         <name>.debug_frame</name>
         <load_address>0xf15</load_address>
         <run_address>0xf15</run_address>
         <size>0x135</size>
         <input_file_ref idref="fl-e"/>
      </object_component>
      <object_component id="oc-6a">
         <name>.debug_frame</name>
         <load_address>0x104a</load_address>
         <run_address>0x104a</run_address>
         <size>0x14a</size>
         <input_file_ref idref="fl-f"/>
      </object_component>
      <object_component id="oc-6f">
         <name>.debug_frame</name>
         <load_address>0x1194</load_address>
         <run_address>0x1194</run_address>
         <size>0x1d9</size>
         <input_file_ref idref="fl-10"/>
      </object_component>
      <object_component id="oc-76">
         <name>.debug_frame</name>
         <load_address>0x136d</load_address>
         <run_address>0x136d</run_address>
         <size>0x102</size>
         <input_file_ref idref="fl-11"/>
      </object_component>
      <object_component id="oc-7d">
         <name>.debug_frame</name>
         <load_address>0x146f</load_address>
         <run_address>0x146f</run_address>
         <size>0x103</size>
         <input_file_ref idref="fl-12"/>
      </object_component>
      <object_component id="oc-85">
         <name>.debug_frame</name>
         <load_address>0x1572</load_address>
         <run_address>0x1572</run_address>
         <size>0x11f</size>
         <input_file_ref idref="fl-13"/>
      </object_component>
      <object_component id="oc-8c">
         <name>.debug_frame</name>
         <load_address>0x1691</load_address>
         <run_address>0x1691</run_address>
         <size>0x103</size>
         <input_file_ref idref="fl-14"/>
      </object_component>
      <object_component id="oc-93">
         <name>.debug_frame</name>
         <load_address>0x1794</load_address>
         <run_address>0x1794</run_address>
         <size>0x103</size>
         <input_file_ref idref="fl-15"/>
      </object_component>
      <object_component id="oc-9a">
         <name>.debug_frame</name>
         <load_address>0x1897</load_address>
         <run_address>0x1897</run_address>
         <size>0x101</size>
         <input_file_ref idref="fl-16"/>
      </object_component>
      <object_component id="oc-174">
         <name>.debug_frame</name>
         <load_address>0x1998</load_address>
         <run_address>0x1998</run_address>
         <size>0x175</size>
         <input_file_ref idref="fl-60"/>
      </object_component>
      <object_component id="oc-1b">
         <name>.debug_line</name>
         <load_address>0x0</load_address>
         <run_address>0x0</run_address>
         <size>0x74a</size>
         <input_file_ref idref="fl-2"/>
      </object_component>
      <object_component id="oc-23">
         <name>.debug_line</name>
         <load_address>0x74a</load_address>
         <run_address>0x74a</run_address>
         <size>0x153</size>
         <input_file_ref idref="fl-3"/>
      </object_component>
      <object_component id="oc-29">
         <name>.debug_line</name>
         <load_address>0x89d</load_address>
         <run_address>0x89d</run_address>
         <size>0xf3</size>
         <input_file_ref idref="fl-4"/>
      </object_component>
      <object_component id="oc-2f">
         <name>.debug_line</name>
         <load_address>0x990</load_address>
         <run_address>0x990</run_address>
         <size>0x21c</size>
         <input_file_ref idref="fl-5"/>
      </object_component>
      <object_component id="oc-34">
         <name>.debug_line</name>
         <load_address>0xbac</load_address>
         <run_address>0xbac</run_address>
         <size>0x1a9</size>
         <input_file_ref idref="fl-6"/>
      </object_component>
      <object_component id="oc-3b">
         <name>.debug_line</name>
         <load_address>0xd55</load_address>
         <run_address>0xd55</run_address>
         <size>0x6f</size>
         <input_file_ref idref="fl-7"/>
      </object_component>
      <object_component id="oc-42">
         <name>.debug_line</name>
         <load_address>0xdc4</load_address>
         <run_address>0xdc4</run_address>
         <size>0x1bc</size>
         <input_file_ref idref="fl-8"/>
      </object_component>
      <object_component id="oc-49">
         <name>.debug_line</name>
         <load_address>0xf80</load_address>
         <run_address>0xf80</run_address>
         <size>0x14c</size>
         <input_file_ref idref="fl-9"/>
      </object_component>
      <object_component id="oc-4e">
         <name>.debug_line</name>
         <load_address>0x10cc</load_address>
         <run_address>0x10cc</run_address>
         <size>0x44</size>
         <input_file_ref idref="fl-a"/>
      </object_component>
      <object_component id="oc-53">
         <name>.debug_line</name>
         <load_address>0x1110</load_address>
         <run_address>0x1110</run_address>
         <size>0x83</size>
         <input_file_ref idref="fl-b"/>
      </object_component>
      <object_component id="oc-5a">
         <name>.debug_line</name>
         <load_address>0x1193</load_address>
         <run_address>0x1193</run_address>
         <size>0x118</size>
         <input_file_ref idref="fl-c"/>
      </object_component>
      <object_component id="oc-5f">
         <name>.debug_line</name>
         <load_address>0x12ab</load_address>
         <run_address>0x12ab</run_address>
         <size>0x83</size>
         <input_file_ref idref="fl-d"/>
      </object_component>
      <object_component id="oc-64">
         <name>.debug_line</name>
         <load_address>0x132e</load_address>
         <run_address>0x132e</run_address>
         <size>0xdd</size>
         <input_file_ref idref="fl-e"/>
      </object_component>
      <object_component id="oc-6b">
         <name>.debug_line</name>
         <load_address>0x140b</load_address>
         <run_address>0x140b</run_address>
         <size>0x122</size>
         <input_file_ref idref="fl-f"/>
      </object_component>
      <object_component id="oc-70">
         <name>.debug_line</name>
         <load_address>0x152d</load_address>
         <run_address>0x152d</run_address>
         <size>0x179</size>
         <input_file_ref idref="fl-10"/>
      </object_component>
      <object_component id="oc-77">
         <name>.debug_line</name>
         <load_address>0x16a6</load_address>
         <run_address>0x16a6</run_address>
         <size>0x7d</size>
         <input_file_ref idref="fl-11"/>
      </object_component>
      <object_component id="oc-7e">
         <name>.debug_line</name>
         <load_address>0x1723</load_address>
         <run_address>0x1723</run_address>
         <size>0x86</size>
         <input_file_ref idref="fl-12"/>
      </object_component>
      <object_component id="oc-86">
         <name>.debug_line</name>
         <load_address>0x17a9</load_address>
         <run_address>0x17a9</run_address>
         <size>0xaa</size>
         <input_file_ref idref="fl-13"/>
      </object_component>
      <object_component id="oc-8d">
         <name>.debug_line</name>
         <load_address>0x1853</load_address>
         <run_address>0x1853</run_address>
         <size>0xad</size>
         <input_file_ref idref="fl-14"/>
      </object_component>
      <object_component id="oc-94">
         <name>.debug_line</name>
         <load_address>0x1900</load_address>
         <run_address>0x1900</run_address>
         <size>0xaf</size>
         <input_file_ref idref="fl-15"/>
      </object_component>
      <object_component id="oc-9b">
         <name>.debug_line</name>
         <load_address>0x19af</load_address>
         <run_address>0x19af</run_address>
         <size>0x8f</size>
         <input_file_ref idref="fl-16"/>
      </object_component>
      <object_component id="oc-9f">
         <name>.debug_line</name>
         <load_address>0x1a3e</load_address>
         <run_address>0x1a3e</run_address>
         <size>0x54</size>
         <input_file_ref idref="fl-2f"/>
      </object_component>
      <object_component id="oc-a3">
         <name>.debug_line</name>
         <load_address>0x1a92</load_address>
         <run_address>0x1a92</run_address>
         <size>0x3c</size>
         <input_file_ref idref="fl-30"/>
      </object_component>
      <object_component id="oc-a7">
         <name>.debug_line</name>
         <load_address>0x1ace</load_address>
         <run_address>0x1ace</run_address>
         <size>0x44</size>
         <input_file_ref idref="fl-31"/>
      </object_component>
      <object_component id="oc-ae">
         <name>.debug_line</name>
         <load_address>0x1b12</load_address>
         <run_address>0x1b12</run_address>
         <size>0x51</size>
         <input_file_ref idref="fl-32"/>
      </object_component>
      <object_component id="oc-b2">
         <name>.debug_line</name>
         <load_address>0x1b63</load_address>
         <run_address>0x1b63</run_address>
         <size>0x5c</size>
         <input_file_ref idref="fl-33"/>
      </object_component>
      <object_component id="oc-b6">
         <name>.debug_line</name>
         <load_address>0x1bbf</load_address>
[...]
         <object_component_ref idref="oc-90"/>
      </symbol>
      <symbol id="sm-415">
         <name>_gain</name>
         <value>0x46fc</value>
         <object_component_ref idref="oc-97"/>
      </symbol>
      <symbol id="sm-416">
         <name>_modulujacy</name>
         <value>0x4700</value>
         <object_component_ref idref="oc-97"/>
      </symbol>
      <symbol id="sm-417">
         <name>_faza_t</name>
         <value>0x46f6</value>
         <object_component_ref idref="oc-97"/>
      </symbol>
      <symbol id="sm-418">
         <name>_zmodulowany</name>
         <value>0x4704</value>
         <object_component_ref idref="oc-97"/>
      </symbol>
      <symbol id="sm-419">
         <name>_y_t</name>
         <value>0x46f8</value>
         <object_component_ref idref="oc-97"/>
      </symbol>
      <symbol id="sm-41a">
         <name>_tremolo_init</name>
         <value>0x45886</value>
         <object_component_ref idref="oc-96"/>
      </symbol>
      <symbol id="sm-41b">
         <name>_tremolo</name>
         <value>0x458a0</value>
         <object_component_ref idref="oc-96"/>
      </symbol>
      <symbol id="sm-41c">
         <name>_omega_t</name>
         <value>0x46f4</value>
         <object_component_ref idref="oc-97"/>
      </symbol>
      <symbol id="sm-428">
         <name>__sysstack</name>
         <value>0x20c0</value>
         <object_component_ref idref="oc-180"/>
      </symbol>
      <symbol id="sm-429">
         <name>_c_int00</name>
         <value>0x46e58</value>
         <object_component_ref idref="oc-13"/>
      </symbol>
      <symbol id="sm-42a">
         <name>__stack</name>
         <value>0xc0</value>
         <object_component_ref idref="oc-9d"/>
      </symbol>
      <symbol id="sm-434">
         <name>__divli</name>
         <value>0x46dd4</value>
         <object_component_ref idref="oc-a1"/>
      </symbol>
      <symbol id="sm-43f">
         <name>__divul</name>
         <value>0x46573</value>
         <object_component_ref idref="oc-a5"/>
      </symbol>
      <symbol id="sm-44f">
         <name>C$$EXIT</name>
         <value>0x46fa0</value>
         <object_component_ref idref="oc-ad"/>
      </symbol>
      <symbol id="sm-450">
         <name>_exit</name>
         <value>0x3ffc0</value>
         <object_component_ref idref="oc-a9"/>
      </symbol>
      <symbol id="sm-451">
         <name>_abort</name>
         <value>0x46f9f</value>
         <object_component_ref idref="oc-ad"/>
      </symbol>
      <symbol id="sm-452">
         <name>__cleanup_ptr</name>
         <value>0x473c</value>
         <object_component_ref idref="oc-aa"/>
      </symbol>
      <symbol id="sm-453">
         <name>__dtors_ptr</name>
         <value>0x4740</value>
         <object_component_ref idref="oc-aa"/>
      </symbol>
      <symbol id="sm-45b">
         <name>__remi</name>
         <value>0x46e3b</value>
         <object_component_ref idref="oc-b0"/>
      </symbol>
      <symbol id="sm-45c">
         <name>__divi</name>
         <value>0x46e1c</value>
         <object_component_ref idref="oc-b0"/>
      </symbol>
      <symbol id="sm-45d">
         <name>I$$MOD</name>
         <value>0x46e3b</value>
         <object_component_ref idref="oc-b0"/>
      </symbol>
      <symbol id="sm-45e">
         <name>I$$DIV</name>
         <value>0x46e1c</value>
         <object_component_ref idref="oc-b0"/>
      </symbol>
      <symbol id="sm-466">
         <name>__mpyli</name>
         <value>0x46f60</value>
         <object_component_ref idref="oc-b4"/>
      </symbol>
      <symbol id="sm-467">
         <name>I$$LMPY</name>
         <value>0x46f60</value>
         <object_component_ref idref="oc-b4"/>
      </symbol>
      <symbol id="sm-477">
         <name>__sys_memory</name>
         <value>0xdbf4</value>
         <object_component_ref idref="oc-bc"/>
      </symbol>
      <symbol id="sm-478">
         <name>_chkheap</name>
         <value>0x3fba5</value>
         <object_component_ref idref="oc-b8"/>
      </symbol>
      <symbol id="sm-479">
         <name>_realloc</name>
         <value>0x3f90b</value>
         <object_component_ref idref="oc-b8"/>
      </symbol>
      <symbol id="sm-47a">
         <name>_free_memory</name>
         <value>0x3fb3e</value>
         <object_component_ref idref="oc-b8"/>
      </symbol>
      <symbol id="sm-47b">
         <name>_max_free</name>
         <value>0x3fad4</value>
         <object_component_ref idref="oc-b8"/>
      </symbol>
      <symbol id="sm-47c">
         <name>_free</name>
         <value>0x3f6c6</value>
         <object_component_ref idref="oc-b8"/>
      </symbol>
      <symbol id="sm-47d">
         <name>_calloc</name>
         <value>0x3fbad</value>
         <object_component_ref idref="oc-b8"/>
      </symbol>
      <symbol id="sm-47e">
         <name>_malloc</name>
         <value>0x3f80a</value>
         <object_component_ref idref="oc-b8"/>
      </symbol>
      <symbol id="sm-47f">
         <name>_minit</name>
         <value>0x3f798</value>
         <object_component_ref idref="oc-b8"/>
      </symbol>
      <symbol id="sm-489">
         <name>_printf</name>
         <value>0x46ca5</value>
         <object_component_ref idref="oc-bf"/>
      </symbol>
      <symbol id="sm-493">
         <name>_sprintf</name>
         <value>0x46949</value>
         <object_component_ref idref="oc-c3"/>
      </symbol>
      <symbol id="sm-49d">
         <name>_strcpy</name>
         <value>0x46f38</value>
         <object_component_ref idref="oc-c7"/>
      </symbol>
      <symbol id="sm-4a7">
         <name>_Reset</name>
         <value>0x4fe00</value>
         <object_component_ref idref="oc-14"/>
      </symbol>
      <symbol id="sm-4b5">
         <name>__unlock</name>
         <value>0x4738</value>
         <object_component_ref idref="oc-d0"/>
      </symbol>
      <symbol id="sm-4b6">
         <name>__lock</name>
         <value>0x4734</value>
         <object_component_ref idref="oc-d0"/>
      </symbol>
      <symbol id="sm-4b7">
         <name>__register_lock</name>
         <value>0x46f7b</value>
         <object_component_ref idref="oc-cf"/>
      </symbol>
      <symbol id="sm-4b8">
         <name>__nop</name>
         <value>0x46f83</value>
         <object_component_ref idref="oc-cf"/>
      </symbol>
      <symbol id="sm-4b9">
         <name>__register_unlock</name>
         <value>0x46f73</value>
         <object_component_ref idref="oc-cf"/>
      </symbol>
      <symbol id="sm-4cb">
         <name>__printfi</name>
         <value>0x43035</value>
         <object_component_ref idref="oc-d5"/>
      </symbol>
      <symbol id="sm-4d5">
         <name>__args_main</name>
         <value>0x46d8b</value>
         <object_component_ref idref="oc-db"/>
      </symbol>
      <symbol id="sm-4d6">
         <name>__TI_args_main</name>
         <value>0x1</value>
      </symbol>
      <symbol id="sm-4e0">
         <name>_atoi</name>
         <value>0x46b4e</value>
         <object_component_ref idref="oc-df"/>
      </symbol>
      <symbol id="sm-4e8">
         <name>_auto_init</name>
         <value>0x46cf3</value>
         <object_component_ref idref="oc-e3"/>
      </symbol>
      <symbol id="sm-4f2">
         <name>__eqld</name>
         <value>0x44fbe</value>
         <object_component_ref idref="oc-e7"/>
      </symbol>
      <symbol id="sm-4f3">
         <name>__cmpd</name>
         <value>0x44ff2</value>
         <object_component_ref idref="oc-e7"/>
      </symbol>
      <symbol id="sm-4f4">
         <name>__neqd</name>
         <value>0x44e60</value>
         <object_component_ref idref="oc-e7"/>
      </symbol>
      <symbol id="sm-4f5">
         <name>__gtrd</name>
         <value>0x44f29</value>
         <object_component_ref idref="oc-e7"/>
      </symbol>
      <symbol id="sm-4f6">
         <name>__geqd</name>
         <value>0x44f74</value>
         <object_component_ref idref="oc-e7"/>
      </symbol>
      <symbol id="sm-4f7">
         <name>__leqd</name>
         <value>0x44edc</value>
         <object_component_ref idref="oc-e7"/>
      </symbol>
      <symbol id="sm-4f8">
         <name>__lssd</name>
         <value>0x44e94</value>
         <object_component_ref idref="oc-e7"/>
      </symbol>
      <symbol id="sm-500">
         <name>__ctypes_</name>
         <value>0xd968</value>
         <object_component_ref idref="oc-185"/>
      </symbol>
      <symbol id="sm-50a">
         <name>__tmpnams</name>
         <value>0x40e8</value>
         <object_component_ref idref="oc-ed"/>
      </symbol>
      <symbol id="sm-50b">
         <name>__ft_end</name>
         <value>0x4228</value>
         <object_component_ref idref="oc-ed"/>
      </symbol>
      <symbol id="sm-50c">
         <name>__ftable</name>
         <value>0x3ff8</value>
         <object_component_ref idref="oc-ed"/>
      </symbol>
      <symbol id="sm-518">
         <name>__divd</name>
         <value>0x3fbf9</value>
         <object_component_ref idref="oc-f1"/>
      </symbol>
      <symbol id="sm-522">
         <name>__fixdi</name>
         <value>0x46e8c</value>
         <object_component_ref idref="oc-f5"/>
      </symbol>
      <symbol id="sm-52c">
         <name>__fixdli</name>
         <value>0x468db</value>
         <object_component_ref idref="oc-f9"/>
      </symbol>
      <symbol id="sm-538">
         <name>__fltlid</name>
         <value>0x46a87</value>
         <object_component_ref idref="oc-fd"/>
      </symbol>
      <symbol id="sm-542">
         <name>_putchar</name>
         <value>0x46564</value>
         <object_component_ref idref="oc-102"/>
      </symbol>
      <symbol id="sm-543">
         <name>_putc</name>
         <value>0x464d1</value>
         <object_component_ref idref="oc-102"/>
      </symbol>
      <symbol id="sm-544">
         <name>_fputc</name>
         <value>0x464d1</value>
         <object_component_ref idref="oc-102"/>
      </symbol>
      <symbol id="sm-550">
         <name>_puts</name>
         <value>0x4585a</value>
         <object_component_ref idref="oc-106"/>
      </symbol>
      <symbol id="sm-551">
         <name>_fputs</name>
         <value>0x4570b</value>
         <object_component_ref idref="oc-106"/>
      </symbol>
      <symbol id="sm-55b">
         <name>__frcmpyd_div</name>
         <value>0x467f8</value>
         <object_component_ref idref="oc-10b"/>
      </symbol>
      <symbol id="sm-565">
         <name>___isinf</name>
         <value>0x46f1e</value>
         <object_component_ref idref="oc-10f"/>
      </symbol>
      <symbol id="sm-56f">
         <name>__divull</name>
         <value>0x4469f</value>
         <object_component_ref idref="oc-113"/>
      </symbol>
      <symbol id="sm-570">
         <name>__mpylli</name>
         <value>0x445e8</value>
         <object_component_ref idref="oc-113"/>
      </symbol>
      <symbol id="sm-571">
         <name>__remlli</name>
         <value>0x445b9</value>
         <object_component_ref idref="oc-113"/>
      </symbol>
      <symbol id="sm-572">
         <name>__divlli</name>
         <value>0x44793</value>
         <object_component_ref idref="oc-113"/>
      </symbol>
      <symbol id="sm-573">
         <name>__remull</name>
         <value>0x4456b</value>
         <object_component_ref idref="oc-113"/>
      </symbol>
      <symbol id="sm-584">
         <name>_add_device</name>
         <value>0x43683</value>
         <object_component_ref idref="oc-117"/>
      </symbol>
      <symbol id="sm-585">
         <name>_rename</name>
         <value>0x433b4</value>
         <object_component_ref idref="oc-117"/>
      </symbol>
      <symbol id="sm-586">
         <name>_read</name>
         <value>0x4343f</value>
         <object_component_ref idref="oc-117"/>
      </symbol>
      <symbol id="sm-587">
         <name>_unlink</name>
         <value>0x43380</value>
         <object_component_ref idref="oc-117"/>
      </symbol>
      <symbol id="sm-588">
         <name>_remove_device</name>
         <value>0x4340b</value>
         <object_component_ref idref="oc-117"/>
      </symbol>
      <symbol id="sm-589">
         <name>_open</name>
         <value>0x434e9</value>
         <object_component_ref idref="oc-117"/>
      </symbol>
      <symbol id="sm-58a">
         <name>_find_registered_device</name>
         <value>0x4360a</value>
         <object_component_ref idref="oc-117"/>
      </symbol>
      <symbol id="sm-58b">
         <name>_lseek</name>
         <value>0x435a6</value>
         <object_component_ref idref="oc-117"/>
      </symbol>
      <symbol id="sm-58c">
         <name>_close</name>
         <value>0x43613</value>
         <object_component_ref idref="oc-117"/>
      </symbol>
      <symbol id="sm-58d">
         <name>_write</name>
         <value>0x43253</value>
         <object_component_ref idref="oc-117"/>
      </symbol>
      <symbol id="sm-597">
         <name>_ltoa</name>
         <value>0x46693</value>
         <object_component_ref idref="oc-11d"/>
      </symbol>
      <symbol id="sm-5a2">
         <name>_memccpy</name>
         <value>0x46ee0</value>
         <object_component_ref idref="oc-121"/>
      </symbol>
      <symbol id="sm-5ac">
         <name>_memcpy</name>
         <value>0x46ba7</value>
         <object_component_ref idref="oc-125"/>
      </symbol>
      <symbol id="sm-5b6">
         <name>__mpyd</name>
         <value>0x45b38</value>
         <object_component_ref idref="oc-129"/>
      </symbol>
      <symbol id="sm-5c0">
         <name>__negd</name>
         <value>0x46f85</value>
         <object_component_ref idref="oc-12d"/>
      </symbol>
      <symbol id="sm-5ca">
         <name>__remli</name>
         <value>0x46d40</value>
         <object_component_ref idref="oc-131"/>
      </symbol>
      <symbol id="sm-5d5">
         <name>__remul</name>
         <value>0x4686b</value>
         <object_component_ref idref="oc-135"/>
      </symbol>
      <symbol id="sm-5df">
         <name>__subd</name>
         <value>0x46f4c</value>
         <object_component_ref idref="oc-139"/>
      </symbol>
      <symbol id="sm-5eb">
         <name>_HOSTopen</name>
         <value>0x3f4a7</value>
         <object_component_ref idref="oc-13d"/>
      </symbol>
      <symbol id="sm-5ec">
         <name>_HOSTread</name>
         <value>0x3f41c</value>
         <object_component_ref idref="oc-13d"/>
      </symbol>
      <symbol id="sm-5ed">
         <name>_HOSTtime</name>
         <value>0x3f305</value>
         <object_component_ref idref="oc-13d"/>
      </symbol>
      <symbol id="sm-5ee">
         <name>_getenv</name>
         <value>0x3f18e</value>
         <object_component_ref idref="oc-13d"/>
      </symbol>
      <symbol id="sm-5ef">
         <name>_HOSTrename</name>
         <value>0x3f363</value>
         <object_component_ref idref="oc-13d"/>
      </symbol>
      <symbol id="sm-5f0">
         <name>_HOSTclock</name>
         <value>0x3f668</value>
         <object_component_ref idref="oc-13d"/>
      </symbol>
      <symbol id="sm-5f1">
         <name>_HOSTwrite</name>
         <value>0x3f20e</value>
         <object_component_ref idref="oc-13d"/>
      </symbol>
      <symbol id="sm-5f2">
         <name>_HOSTlseek</name>
         <value>0x3f548</value>
         <object_component_ref idref="oc-13d"/>
      </symbol>
      <symbol id="sm-5f3">
         <name>_HOSTunlink</name>
         <value>0x3f299</value>
         <object_component_ref idref="oc-13d"/>
      </symbol>
      <symbol id="sm-5f4">
         <name>_HOSTclose</name>
         <value>0x3f5fd</value>
         <object_component_ref idref="oc-13d"/>
      </symbol>
      <symbol id="sm-606">
         <name>C$$IO$$</name>
         <value>0x46365</value>
         <object_component_ref idref="oc-145"/>
      </symbol>
      <symbol id="sm-607">
         <name>__CIOBUF_</name>
         <value>0x40510</value>
         <object_component_ref idref="oc-144"/>
      </symbol>
      <symbol id="sm-608">
         <name>_readmsg</name>
         <value>0x469b4</value>
         <object_component_ref idref="oc-142"/>
      </symbol>
      <symbol id="sm-609">
         <name>_writemsg</name>
         <value>0x462ac</value>
         <object_component_ref idref="oc-145"/>
      </symbol>
      <symbol id="sm-611">
         <name>__remu</name>
         <value>0x46ecb</value>
         <object_component_ref idref="oc-148"/>
      </symbol>
      <symbol id="sm-612">
         <name>__divu</name>
         <value>0x46eb6</value>
         <object_component_ref idref="oc-148"/>
      </symbol>
      <symbol id="sm-613">
         <name>I$$UMOD</name>
         <value>0x46ecb</value>
         <object_component_ref idref="oc-148"/>
      </symbol>
      <symbol id="sm-614">
         <name>I$$UDIV</name>
         <value>0x46eb6</value>
         <object_component_ref idref="oc-148"/>
      </symbol>
      <symbol id="sm-61e">
         <name>__rd_ok</name>
         <value>0x4624f</value>
         <object_component_ref idref="oc-14c"/>
      </symbol>
      <symbol id="sm-61f">
         <name>__wrt_ok</name>
         <value>0x461d2</value>
         <object_component_ref idref="oc-14c"/>
      </symbol>
      <symbol id="sm-629">
         <name>__addd</name>
         <value>0x447c7</value>
         <object_component_ref idref="oc-150"/>
      </symbol>
      <symbol id="sm-633">
         <name>__doflush</name>
         <value>0x4636a</value>
         <object_component_ref idref="oc-154"/>
      </symbol>
      <symbol id="sm-634">
         <name>_fflush</name>
         <value>0x463cc</value>
         <object_component_ref idref="oc-154"/>
      </symbol>
      <symbol id="sm-63e">
         <name>__frcmpyd</name>
         <value>0x46782</value>
         <object_component_ref idref="oc-158"/>
      </symbol>
      <symbol id="sm-648">
         <name>_fseek</name>
         <value>0x46a1f</value>
         <object_component_ref idref="oc-15c"/>
      </symbol>
      <symbol id="sm-652">
         <name>_setvbuf</name>
         <value>0x45ffe</value>
         <object_component_ref idref="oc-160"/>
      </symbol>
      <symbol id="sm-661">
         <name>__cleanup</name>
         <value>0x441b8</value>
         <object_component_ref idref="oc-164"/>
      </symbol>
      <symbol id="sm-662">
         <name>_fopen</name>
         <value>0x442d6</value>
         <object_component_ref idref="oc-164"/>
      </symbol>
      <symbol id="sm-663">
         <name>_freopen</name>
         <value>0x44210</value>
         <object_component_ref idref="oc-164"/>
      </symbol>
      <symbol id="sm-66d">
         <name>_fclose</name>
         <value>0x4670c</value>
         <object_component_ref idref="oc-16a"/>
      </symbol>
      <symbol id="sm-677">
         <name>_remove</name>
         <value>0x46f95</value>
         <object_component_ref idref="oc-16e"/>
      </symbol>
      <symbol id="sm-69c">
         <name>_PLL_reset</name>
         <value>0x44037</value>
         <object_component_ref idref="oc-172"/>
      </symbol>
      <symbol id="sm-69d">
         <name>_PLL_bypass</name>
         <value>0x43fe8</value>
         <object_component_ref idref="oc-172"/>
      </symbol>
      <symbol id="sm-69e">
         <name>_PLL_enable</name>
         <value>0x43f81</value>
         <object_component_ref idref="oc-172"/>
      </symbol>
      <symbol id="sm-69f">
         <name>_PLL_config</name>
         <value>0x43e58</value>
         <object_component_ref idref="oc-172"/>
      </symbol>
      <symbol id="sm-6a0">
         <name>_PLL_init</name>
         <value>0x43e20</value>
         <object_component_ref idref="oc-172"/>
      </symbol>
      <symbol id="sm-6ae">
         <name>_iircas51</name>
         <value>0x46613</value>
         <object_component_ref idref="oc-177"/>
      </symbol>
      <symbol id="sm-6bb">
         <name>_sine</name>
         <value>0x46aee</value>
         <object_component_ref idref="oc-17b"/>
      </symbol>
   </symbol_table>
</link_info>
